07-24 18:02:38.994  1605  2683 E AppOps  :      at com.android.server.appop.AppOpsService.noteOperation(AppOpsService.java:3437)
07-24 18:02:38.994  1605  2683 E AppOps  :      at com.android.internal.app.IAppOpsService$Stub.onTransact(IAppOpsService.java:492)
07-24 18:02:38.994  1605  2683 E AppOps  :      at android.os.Binder.execTransactInternal(Binder.java:1187)
07-24 18:02:38.994  1605  2683 E AppOps  :      at android.os.Binder.execTransact(Binder.java:1146)
07-24 18:02:39.042  1541  1541 E TLOC    : [TLOCChannel]"Can't receive message due to timeout"
07-24 18:02:39.212 18471 21218 E IOtgSwitch: transact failed. java.util.NoSuchElementException
07-24 18:02:39.212 18471 21218 E IOtgSwitch: Failed calling isOtgSupported!
07-24 18:02:39.832  1605  2754 E WakePathChecker: MIUILOG-WAKEPATH invalid parameter
07-24 18:02:40.042  1541  1541 E TLOC    : [TLOCChannel]"Can't receive message due to timeout"
07-24 18:02:40.042  1541  1541 E TLOC    : [TLOCDaemon ]"Couldn't receive command response"
07-24 18:02:40.910  1605  2754 E UserRestrictionsUtils: Unknown restriction queried by uid 1000 (com.qti.snapdragon.qdcm_ff et al): null
07-24 18:02:40.922  1605  4588 E UserRestrictionsUtils: Unknown restriction queried by uid 1000 (com.qti.snapdragon.qdcm_ff et al): null
07-24 18:02:40.924  1605  4588 E UserRestrictionsUtils: Unknown restriction queried by uid 1000 (com.qti.snapdragon.qdcm_ff et al): null
07-24 18:02:40.925  1605  4588 E UserRestrictionsUtils: Unknown restriction queried by uid 1000 (com.qti.snapdragon.qdcm_ff et al): null
07-24 18:02:40.929  1605  4588 E UserRestrictionsUtils: Unknown restriction queried by uid 1000 (com.qti.snapdragon.qdcm_ff et al): null
07-24 18:02:40.937  1605  4588 E UserRestrictionsUtils: Unknown restriction queried by uid 1000 (com.qti.snapdragon.qdcm_ff et al): null
07-24 18:02:44.801  1605  2883 E WakePathChecker: MIUILOG-WAKEPATH invalid parameter
07-24 18:02:44.872  1605  2883 E WakePathChecker: MIUILOG-WAKEPATH invalid parameter
07-24 18:02:44.890  1605  2883 E WakePathChecker: MIUILOG-WAKEPATH invalid parameter
07-24 18:02:45.002  1605  2883 E WakePathChecker: MIUILOG-WAKEPATH invalid parameter
07-24 18:02:45.024  1605  2883 E WakePathChecker: MIUILOG-WAKEPATH invalid parameter
07-24 18:02:45.493  1605  2883 E WakePathChecker: MIUILOG-WAKEPATH invalid parameter
07-24 18:02:46.406  1605  4588 E WakePathChecker: MIUILOG-WAKEPATH invalid parameter
07-24 18:02:47.754  1605  4588 E WakePathChecker: MIUILOG-WAKEPATH invalid parameter
07-24 18:02:48.594  1605  2883 E WakePathChecker: MIUILOG-WAKEPATH invalid parameter
07-24 18:02:48.606  1605  2883 E WakePathChecker: MIUILOG-WAKEPATH invalid parameter
07-24 18:02:52.517  1605  4581 E WakePathChecker: MIUILOG-WAKEPATH invalid parameter
07-24 18:02:55.447  1605  2683 E WakePathChecker: MIUILOG-WAKEPATH invalid parameter
07-24 18:02:57.185  1605  2683 E WakePathChecker: MIUILOG-WAKEPATH invalid parameter
07-24 18:02:57.188  1605  2313 E WakePathChecker: MIUILOG-WAKEPATH invalid parameter
07-24 18:02:57.291  1605  2683 E WakePathChecker: MIUILOG-WAKEPATH invalid parameter
07-24 18:02:57.321  1605  2683 E PackageDexUsage: Unsupported context?
07-24 18:02:57.459  1605  4574 E WakePathChecker: MIUILOG-WAKEPATH invalid parameter
07-24 18:02:57.768  1605  4574 E WakePathChecker: MIUILOG-WAKEPATH invalid parameter
07-24 18:02:57.878  1605  2313 E WakePathChecker: MIUILOG-WAKEPATH invalid parameter
07-24 18:02:58.485  1605  2313 E WakePathChecker: MIUILOG-WAKEPATH invalid parameter
07-24 18:03:00.043  1541  1541 E TLOC    : [TLOCChannel]"Can't receive message due to timeout"
07-24 18:03:01.849  1605  4574 E WakePathChecker: MIUILOG-WAKEPATH invalid parameter
07-24 18:03:02.387  1605  2683 E WakePathChecker: MIUILOG-WAKEPATH invalid parameter
07-24 18:03:07.699  1605  2072 E KernelCpuSpeedReader: Failed to read cpu-freq: /sys/devices/system/cpu/cpu0/cpufreq/stats/time_in_state: open failed: ENOENT (No such file or directory)
07-24 18:03:07.699  1605  2072 E KernelCpuSpeedReader: Failed to read cpu-freq: /sys/devices/system/cpu/cpu4/cpufreq/stats/time_in_state: open failed: ENOENT (No such file or directory)
07-24 18:03:07.719  1605  4616 E WakePathChecker: MIUILOG-WAKEPATH invalid parameter
07-24 18:03:08.162  1605  4588 E WakePathChecker: MIUILOG-WAKEPATH invalid parameter
07-24 18:03:08.195  1605  2313 E WakePathChecker: MIUILOG-WAKEPATH invalid parameter
07-24 18:03:08.381  1605  2872 E WakePathChecker: MIUILOG-WAKEPATH invalid parameter
07-24 18:03:08.656  1605  4616 E WakePathChecker: MIUILOG-WAKEPATH invalid parameter
07-24 18:03:10.675  1605  4616 E WakePathChecker: MIUILOG-WAKEPATH invalid parameter
07-24 18:03:15.468  1605  2683 E WakePathChecker: MIUILOG-WAKEPATH invalid parameter
07-24 18:03:15.501  1605  2683 E WakePathChecker: MIUILOG-WAKEPATH invalid parameter
07-24 18:03:16.047  1605  4616 E WakePathChecker: MIUILOG-WAKEPATH invalid parameter
07-24 18:03:16.059  1605  4616 E WakePathChecker: MIUILOG-WAKEPATH invalid parameter
07-24 18:03:28.350  1605  2872 E WakePathChecker: MIUILOG-WAKEPATH invalid parameter
07-24 18:03:29.151  1605  2072 E KernelCpuSpeedReader: Failed to read cpu-freq: /sys/devices/system/cpu/cpu4/cpufreq/stats/time_in_state: open failed: ENOENT (No such file or directory)
07-24 18:03:29.152  1605  2072 E KernelCpuSpeedReader: Failed to read cpu-freq: /sys/devices/system/cpu/cpu0/cpufreq/stats/time_in_state: open failed: ENOENT (No such file or directory)
07-24 18:03:29.549  1605  4590 E WakePathChecker: MIUILOG-WAKEPATH invalid parameter
07-24 18:03:30.151  1605  4590 E WakePathChecker: MIUILOG-WAKEPATH invalid parameter
07-24 18:03:35.502  1605  2072 E KernelCpuSpeedReader: Failed to read cpu-freq: /sys/devices/system/cpu/cpu4/cpufreq/stats/time_in_state: open failed: ENOENT (No such file or directory)
07-24 18:03:35.503  1605  2072 E KernelCpuSpeedReader: Failed to read cpu-freq: /sys/devices/system/cpu/cpu0/cpufreq/stats/time_in_state: open failed: ENOENT (No such file or directory)
07-24 18:03:35.687  1605  2072 E KernelCpuSpeedReader: Failed to read cpu-freq: /sys/devices/system/cpu/cpu4/cpufreq/stats/time_in_state: open failed: ENOENT (No such file or directory)
07-24 18:03:35.688  1605  2072 E KernelCpuSpeedReader: Failed to read cpu-freq: /sys/devices/system/cpu/cpu0/cpufreq/stats/time_in_state: open failed: ENOENT (No such file or directory)
07-24 18:03:36.293  1605  2871 E WakePathChecker: MIUILOG-WAKEPATH invalid parameter
07-24 18:03:36.420  1605  4589 E WakePathChecker: MIUILOG-WAKEPATH invalid parameter
07-24 18:03:36.603  1605  2683 E WakePathChecker: MIUILOG-WAKEPATH invalid parameter
07-24 18:03:45.663  1605  2683 E WakePathChecker: MIUILOG-WAKEPATH invalid parameter
07-24 18:04:08.492  1605  4617 E WakePathChecker: MIUILOG-WAKEPATH invalid parameter
07-24 18:04:12.791  1605  4588 E WakePathChecker: MIUILOG-WAKEPATH invalid parameter
07-24 18:04:13.948  1605  4588 E WakePathChecker: MIUILOG-WAKEPATH invalid parameter
07-24 18:04:15.484  1605  4588 E WakePathChecker: MIUILOG-WAKEPATH invalid parameter
07-24 18:04:15.514  1605  4588 E WakePathChecker: MIUILOG-WAKEPATH invalid parameter
07-24 18:04:16.027  1605  4588 E WakePathChecker: MIUILOG-WAKEPATH invalid parameter
07-24 18:04:17.190  1605  4617 E WakePathChecker: MIUILOG-WAKEPATH invalid parameter
07-24 18:04:18.286  1605  2871 E WakePathChecker: MIUILOG-WAKEPATH invalid parameter
07-24 18:04:18.437  1605  4588 E WakePathChecker: MIUILOG-WAKEPATH invalid parameter
07-24 18:04:18.517  1605  2871 E WakePathChecker: MIUILOG-WAKEPATH invalid parameter
07-24 18:04:18.807  1605  4617 E WakePathChecker: MIUILOG-WAKEPATH invalid parameter
07-24 18:04:19.677  1605  4617 E WakePathChecker: MIUILOG-WAKEPATH invalid parameter
07-24 18:04:21.847  1605  2871 E WakePathChecker: MIUILOG-WAKEPATH invalid parameter
07-24 18:04:24.095  1605  2871 E WakePathChecker: MIUILOG-WAKEPATH invalid parameter
07-24 18:04:26.273  1605  2871 E WakePathChecker: MIUILOG-WAKEPATH invalid parameter
07-24 18:04:27.436  1605  2871 E WakePathChecker: MIUILOG-WAKEPATH invalid parameter
07-24 18:04:28.587  1605  2307 E WakePathChecker: MIUILOG-WAKEPATH invalid parameter
07-24 18:04:29.782  1605  2307 E WakePathChecker: MIUILOG-WAKEPATH invalid parameter
07-24 18:04:30.968  1605  4617 E WakePathChecker: MIUILOG-WAKEPATH invalid parameter
07-24 18:04:33.164  1605  4617 E WakePathChecker: MIUILOG-WAKEPATH invalid parameter
07-24 18:04:36.211  1605  3053 E WakePathChecker: MIUILOG-WAKEPATH invalid parameter
07-24 18:04:38.235  1605  2683 E WakePathChecker: MIUILOG-WAKEPATH invalid parameter
07-24 18:04:41.319  1605  3053 E WakePathChecker: MIUILOG-WAKEPATH invalid parameter
07-24 18:04:42.430  1605  3053 E WakePathChecker: MIUILOG-WAKEPATH invalid parameter
07-24 18:04:46.370  1605  2683 E WakePathChecker: MIUILOG-WAKEPATH invalid parameter
07-24 18:04:49.557  1605  4617 E WakePathChecker: MIUILOG-WAKEPATH invalid parameter
07-24 18:04:53.457  1605  2871 E WakePathChecker: MIUILOG-WAKEPATH invalid parameter
07-24 18:04:54.022  1605  2072 E KernelCpuSpeedReader: Failed to read cpu-freq: /sys/devices/system/cpu/cpu4/cpufreq/stats/time_in_state: open failed: ENOENT (No such file or directory)
07-24 18:04:54.022  1605  2072 E KernelCpuSpeedReader: Failed to read cpu-freq: /sys/devices/system/cpu/cpu0/cpufreq/stats/time_in_state: open failed: ENOENT (No such file or directory)
07-24 18:04:54.522  1605  2871 E WakePathChecker: MIUILOG-WAKEPATH invalid parameter
07-24 18:04:54.606  1605  2313 E WakePathChecker: MIUILOG-WAKEPATH invalid parameter
07-24 18:04:54.718  1605  2072 E KernelCpuSpeedReader: Failed to read cpu-freq: /sys/devices/system/cpu/cpu4/cpufreq/stats/time_in_state: open failed: ENOENT (No such file or directory)
07-24 18:04:54.718  1605  2072 E KernelCpuSpeedReader: Failed to read cpu-freq: /sys/devices/system/cpu/cpu0/cpufreq/stats/time_in_state: open failed: ENOENT (No such file or directory)
07-24 18:04:54.909  1605  3053 E WakePathChecker: MIUILOG-WAKEPATH invalid parameter
07-24 18:04:55.972  1605  3053 E WakePathChecker: MIUILOG-WAKEPATH invalid parameter
07-24 18:05:00.135  1605  2754 E WakePathChecker: MIUILOG-WAKEPATH invalid parameter
07-24 18:05:01.117  1605  2072 E KernelCpuSpeedReader: Failed to read cpu-freq: /sys/devices/system/cpu/cpu4/cpufreq/stats/time_in_state: open failed: ENOENT (No such file or directory)
07-24 18:05:01.117  1605  2072 E KernelCpuSpeedReader: Failed to read cpu-freq: /sys/devices/system/cpu/cpu0/cpufreq/stats/time_in_state: open failed: ENOENT (No such file or directory)
07-24 18:05:01.233  1605  4589 E WakePathChecker: MIUILOG-WAKEPATH invalid parameter
07-24 18:05:01.559  1605  2683 E WakePathChecker: MIUILOG-WAKEPATH invalid parameter
07-24 18:05:03.089  2898  2898 E miui_keyguard_password: checkPasswordForUsers onChecked; result = true, mUserIdMatched= 0, mUserIdLocked: 0, mThrottleTimeout = 0
07-24 18:05:03.321  1605  1605 E PowerFingerPrintServiceStubImpl: extCmd failed, reset mExtDaemon.
07-24 18:05:03.321  1605  1605 E PowerFingerPrintServiceStubImpl: java.util.NoSuchElementException
07-24 18:05:03.321  1605  1605 E PowerFingerPrintServiceStubImpl:       at android.os.HwBinder.getService(Native Method)
07-24 18:05:03.321  1605  1605 E PowerFingerPrintServiceStubImpl:       at android.os.HwBinder.getService(HwBinder.java:81)
07-24 18:05:03.321  1605  1605 E PowerFingerPrintServiceStubImpl:       at com.android.server.biometrics.sensors.fingerprint.PowerFingerPrintServiceStubImpl.startExtCmd(PowerFingerPrintServiceStubImpl.java:184)
07-24 18:05:03.321  1605  1605 E PowerFingerPrintServiceStubImpl:       at com.android.server.biometrics.sensors.fingerprint.PowerFingerPrintServiceStubImpl.NotifyLockOutState(PowerFingerPrintServiceStubImpl.java:170)
07-24 18:05:03.321  1605  1605 E PowerFingerPrintServiceStubImpl:       at com.android.server.biometrics.sensors.fingerprint.hidl.LockoutFrameworkImpl.resetFailedAttemptsForUser(LockoutFrameworkImpl.java:116)
07-24 18:05:03.321  1605  1605 E PowerFingerPrintServiceStubImpl:       at com.android.server.biometrics.sensors.fingerprint.hidl.FingerprintResetLockoutClient.start(FingerprintResetLockoutClient.java:51)
07-24 18:05:03.321  1605  1605 E PowerFingerPrintServiceStubImpl:       at com.android.server.biometrics.sensors.BiometricScheduler.startNextOperationIfIdle(BiometricScheduler.java:469)
07-24 18:05:03.321  1605  1605 E PowerFingerPrintServiceStubImpl:       at com.android.server.biometrics.sensors.BiometricScheduler$InternalCallback.lambda$onClientFinished$0$BiometricScheduler$InternalCallback(BiometricScheduler.java:334)
07-24 18:05:03.321  1605  1605 E PowerFingerPrintServiceStubImpl:       at com.android.server.biometrics.sensors.BiometricScheduler$InternalCallback$$ExternalSyntheticLambda0.run(Unknown Source:6)
07-24 18:05:03.321  1605  1605 E PowerFingerPrintServiceStubImpl:       at android.os.Handler.handleCallback(Handler.java:938)
07-24 18:05:03.321  1605  1605 E PowerFingerPrintServiceStubImpl:       at android.os.Handler.dispatchMessage(Handler.java:99)
07-24 18:05:03.321  1605  1605 E PowerFingerPrintServiceStubImpl:       at android.os.Looper.loopOnce(Looper.java:211)
07-24 18:05:03.321  1605  1605 E PowerFingerPrintServiceStubImpl:       at android.os.Looper.loop(Looper.java:300)
07-24 18:05:03.321  1605  1605 E PowerFingerPrintServiceStubImpl:       at com.android.server.SystemServer.run(SystemServer.java:941)
07-24 18:05:03.321  1605  1605 E PowerFingerPrintServiceStubImpl:       at com.android.server.SystemServer.main(SystemServer.java:637)
07-24 18:05:03.321  1605  1605 E PowerFingerPrintServiceStubImpl:       at java.lang.reflect.Method.invoke(Native Method)
07-24 18:05:03.321  1605  1605 E PowerFingerPrintServiceStubImpl:       at com.android.internal.os.RuntimeInit$MethodAndArgsCaller.run(RuntimeInit.java:556)
07-24 18:05:03.321  1605  1605 E PowerFingerPrintServiceStubImpl:       at com.android.internal.os.ZygoteInit.main(ZygoteInit.java:1016)
07-24 18:05:04.168  1605  4590 E WakePathChecker: MIUILOG-WAKEPATH invalid parameter
07-24 18:05:04.556  1605  4590 E WakePathChecker: MIUILOG-WAKEPATH invalid parameter
07-24 18:05:06.999  1605  3101 E WakePathChecker: MIUILOG-WAKEPATH invalid parameter
07-24 18:05:07.618  1605  3101 E WakePathChecker: MIUILOG-WAKEPATH invalid parameter
07-24 18:05:13.728  1605  3101 E WakePathChecker: MIUILOG-WAKEPATH invalid parameter
07-24 18:05:16.794  1605  4595 E WakePathChecker: MIUILOG-WAKEPATH invalid parameter
07-24 18:05:22.867  1605  5256 E WakePathChecker: MIUILOG-WAKEPATH invalid parameter
07-24 18:05:25.922  1605  5256 E WakePathChecker: MIUILOG-WAKEPATH invalid parameter
07-24 18:05:38.096  1605  4598 E WakePathChecker: MIUILOG-WAKEPATH invalid parameter
07-24 18:05:39.591  1605  4589 E WakePathChecker: MIUILOG-WAKEPATH invalid parameter
07-24 18:05:41.098  1605  4595 E WakePathChecker: MIUILOG-WAKEPATH invalid parameter
07-24 18:05:41.468  1605  4595 E WakePathChecker: MIUILOG-WAKEPATH invalid parameter
07-24 18:05:41.824  1605  4598 E WakePathChecker: MIUILOG-WAKEPATH invalid parameter
07-24 18:05:50.622  1605  4616 E WakePathChecker: MIUILOG-WAKEPATH invalid parameter
07-24 18:05:53.449  1605  3101 E WakePathChecker: MIUILOG-WAKEPATH invalid parameter
07-24 18:06:08.616  1605  3101 E WakePathChecker: MIUILOG-WAKEPATH invalid parameter
07-24 18:06:10.195  1605  4616 E WakePathChecker: MIUILOG-WAKEPATH invalid parameter
07-24 18:06:12.674  1605  4616 E WakePathChecker: MIUILOG-WAKEPATH invalid parameter
07-24 18:06:18.608  1605  4595 E WakePathChecker: MIUILOG-WAKEPATH invalid parameter
07-24 18:06:18.723  1605  4595 E WakePathChecker: MIUILOG-WAKEPATH invalid parameter
07-24 18:06:20.376  1605  5256 E WakePathChecker: MIUILOG-WAKEPATH invalid parameter
07-24 18:06:20.456  1605  2754 E WakePathChecker: MIUILOG-WAKEPATH invalid parameter
07-24 18:06:20.686  1605  2307 E WakePathChecker: MIUILOG-WAKEPATH invalid parameter
07-24 18:06:20.806  1605  2072 E KernelCpuSpeedReader: Failed to read cpu-freq: /sys/devices/system/cpu/cpu4/cpufreq/stats/time_in_state: open failed: ENOENT (No such file or directory)
07-24 18:06:20.807  1605  2072 E KernelCpuSpeedReader: Failed to read cpu-freq: /sys/devices/system/cpu/cpu0/cpufreq/stats/time_in_state: open failed: ENOENT (No such file or directory)
07-24 18:06:22.352  1605  2072 E KernelCpuSpeedReader: Failed to read cpu-freq: /sys/devices/system/cpu/cpu4/cpufreq/stats/time_in_state: open failed: ENOENT (No such file or directory)
07-24 18:06:22.353  1605  2072 E KernelCpuSpeedReader: Failed to read cpu-freq: /sys/devices/system/cpu/cpu0/cpufreq/stats/time_in_state: open failed: ENOENT (No such file or directory)
07-24 18:06:22.701  1605  4610 E WakePathChecker: MIUILOG-WAKEPATH invalid parameter
07-24 18:06:25.152  1605  1730 E WakePathChecker: MIUILOG-WAKEPATH invalid parameter
07-24 18:06:25.246  1605  1730 E WakePathChecker: MIUILOG-WAKEPATH invalid parameter
07-24 18:06:28.045  1605  4610 E WakePathChecker: MIUILOG-WAKEPATH invalid parameter
07-24 18:06:29.560  1605  4589 E WakePathChecker: MIUILOG-WAKEPATH invalid parameter
07-24 18:06:33.729  1605  3205 E WakePathChecker: MIUILOG-WAKEPATH invalid parameter
07-24 18:06:36.532  1605  4610 E WakePathChecker: MIUILOG-WAKEPATH invalid parameter
07-24 18:06:38.656  1605  4589 E WakePathChecker: MIUILOG-WAKEPATH invalid parameter
07-24 18:06:40.370  1605  4589 E WakePathChecker: MIUILOG-WAKEPATH invalid parameter
07-24 18:06:46.266  1605  2072 E KernelCpuSpeedReader: Failed to read cpu-freq: /sys/devices/system/cpu/cpu4/cpufreq/stats/time_in_state: open failed: ENOENT (No such file or directory)
07-24 18:06:46.266  1605  2072 E KernelCpuSpeedReader: Failed to read cpu-freq: /sys/devices/system/cpu/cpu0/cpufreq/stats/time_in_state: open failed: ENOENT (No such file or directory)
07-24 18:06:46.981  1605  4617 E WakePathChecker: MIUILOG-WAKEPATH invalid parameter
07-24 18:06:47.740  1605  4589 E WakePathChecker: MIUILOG-WAKEPATH invalid parameter
07-24 18:06:49.582 22949 22949 E MiuiMultiWindowUtils: initFreeFormResolutionArgs failed, device is citrus
07-24 18:06:49.595  1605  1730 E WakePathChecker: MIUILOG-WAKEPATH invalid parameter
07-24 18:06:49.602  1605  1730 E CameraCoveredManager: SetCoveredPackageName but not support camera covered feture!
07-24 18:06:49.627  1605  2307 E WakePathChecker: MIUILOG-WAKEPATH invalid parameter
07-24 18:06:50.097  1605  3044 E WakePathChecker: MIUILOG-WAKEPATH invalid parameter
07-24 18:06:50.208  1605  3044 E WakePathChecker: MIUILOG-WAKEPATH invalid parameter
07-24 18:06:50.623  1605  2683 E WakePathChecker: MIUILOG-WAKEPATH invalid parameter
07-24 18:06:50.676  1605  4589 E WakePathChecker: MIUILOG-WAKEPATH invalid parameter
07-24 18:06:50.734  1605  2683 E WakePathChecker: MIUILOG-WAKEPATH invalid parameter
07-24 18:06:50.863  1605  4589 E WakePathChecker: MIUILOG-WAKEPATH invalid parameter
07-24 18:06:51.075  1605  4589 E WakePathChecker: MIUILOG-WAKEPATH invalid parameter
07-24 18:06:51.093  1605  2683 E WakePathChecker: MIUILOG-WAKEPATH invalid parameter
07-24 18:06:51.102  1605  2683 E WakePathChecker: MIUILOG-WAKEPATH invalid parameter
07-24 18:06:51.102  1605  4589 E PackageDexUsage: Unsupported context?
07-24 18:06:51.300  1605  2683 E WakePathChecker: MIUILOG-WAKEPATH invalid parameter
07-24 18:06:53.666  1605  3205 E WakePathChecker: MIUILOG-WAKEPATH invalid parameter
07-24 18:06:53.913 22522 22522 E MiuiMultiWindowUtils: initFreeFormResolutionArgs failed, device is citrus
07-24 18:06:54.445  1605  1733 E WakePathChecker: MIUILOG-WAKEPATH invalid parameter
07-24 18:06:54.674  1605  1733 E WakePathChecker: MIUILOG-WAKEPATH invalid parameter
07-24 18:06:54.772  1605  1730 E WakePathChecker: MIUILOG-WAKEPATH invalid parameter
07-24 18:06:55.653  1605  1730 E WakePathChecker: MIUILOG-WAKEPATH invalid parameter
07-24 18:06:56.380  1605  4610 E WakePathChecker: MIUILOG-WAKEPATH invalid parameter
07-24 18:06:56.407  1605  2754 E WakePathChecker: MIUILOG-WAKEPATH invalid parameter
07-24 18:06:56.748  1605  1733 E WakePathChecker: MIUILOG-WAKEPATH invalid parameter
07-24 18:06:57.794  1605  3205 E WakePathChecker: MIUILOG-WAKEPATH invalid parameter
07-24 18:06:57.816  1605  2307 E WakePathChecker: MIUILOG-WAKEPATH invalid parameter
07-24 18:06:58.440  1605  3205 E WakePathChecker: MIUILOG-WAKEPATH invalid parameter
07-24 18:06:59.903  1605  2754 E WakePathChecker: MIUILOG-WAKEPATH invalid parameter
07-24 18:07:03.048  1605  2307 E WakePathChecker: MIUILOG-WAKEPATH invalid parameter
07-24 18:07:18.080  1605  2754 E WakePathChecker: MIUILOG-WAKEPATH invalid parameter
07-24 18:07:27.158  1605  2307 E WakePathChecker: MIUILOG-WAKEPATH invalid parameter
07-24 18:08:30.831  1605  2307 E WakePathChecker: MIUILOG-WAKEPATH invalid parameter
07-24 18:08:33.861  1605  4610 E WakePathChecker: MIUILOG-WAKEPATH invalid parameter
--------- beginning of main
07-24 18:08:37.944 22522 24370 E MiuiGallery2_SaveToCloudUtil: [androidx.work-1] - invalidate mediaStoreFileId for /storage/emulated/0/Android/media/com.whatsapp/WhatsApp/Media/WhatsApp Images/IMG-20241202-WA0001.jpg, reQuery media store get id[1000177212]
07-24 18:08:37.985 22522 24370 E MiuiGallery2_SaveToCloudUtil: [androidx.work-1] - invalidate mediaStoreFileId for /storage/emulated/0/Android/media/com.whatsapp/WhatsApp/Media/WhatsApp Images/IMG-20250326-WA0196.jpg, reQuery media store get id[1000177213]
07-24 18:08:38.025 22522 24370 E MiuiGallery2_SaveToCloudUtil: [androidx.work-1] - invalidate mediaStoreFileId for /storage/emulated/0/Android/media/com.whatsapp/WhatsApp/Media/WhatsApp Images/IMG-20250226-WA0005.jpg, reQuery media store get id[1000177215]
07-24 18:08:38.070 22522 24370 E MiuiGallery2_SaveToCloudUtil: [androidx.work-1] - invalidate mediaStoreFileId for /storage/emulated/0/Android/media/com.whatsapp/WhatsApp/Media/WhatsApp Animated Gifs/VID-20230623-WA0022.mp4, reQuery media store get id[1000177216]
07-24 18:08:38.118 22522 24370 E MiuiGallery2_SaveToCloudUtil: [androidx.work-1] - invalidate mediaStoreFileId for /storage/emulated/0/Android/media/com.whatsapp/WhatsApp/Media/WhatsApp Images/IMG-20240629-WA0060.jpg, reQuery media store get id[1000177217]
07-24 18:08:38.156 22522 24370 E MiuiGallery2_SaveToCloudUtil: [androidx.work-1] - invalidate mediaStoreFileId for /storage/emulated/0/Android/media/com.whatsapp/WhatsApp/Media/WhatsApp Images/IMG-20230911-WA0010.jpg, reQuery media store get id[1000177220]
07-24 18:08:38.202 22522 24370 E MiuiGallery2_SaveToCloudUtil: [androidx.work-1] - invalidate mediaStoreFileId for /storage/emulated/0/Android/media/com.whatsapp/WhatsApp/Media/WhatsApp Images/IMG-20240430-WA0033.jpg, reQuery media store get id[1000177225]
07-24 18:08:38.246 22522 24370 E MiuiGallery2_SaveToCloudUtil: [androidx.work-1] - invalidate mediaStoreFileId for /storage/emulated/0/Android/media/com.whatsapp/WhatsApp/Media/WhatsApp Images/IMG-20230802-WA0037.jpg, reQuery media store get id[1000177230]
07-24 18:08:38.290 22522 24370 E MiuiGallery2_SaveToCloudUtil: [androidx.work-1] - invalidate mediaStoreFileId for /storage/emulated/0/Android/media/com.whatsapp/WhatsApp/Media/WhatsApp Images/IMG-20230920-WA0069.jpg, reQuery media store get id[1000177231]
07-24 18:08:38.337 22522 24370 E MiuiGallery2_SaveToCloudUtil: [androidx.work-1] - invalidate mediaStoreFileId for /storage/emulated/0/Android/media/com.whatsapp/WhatsApp/Media/WhatsApp Images/IMG-20240304-WA0005.jpg, reQuery media store get id[1000177232]
07-24 18:08:38.377 22522 24370 E MiuiGallery2_SaveToCloudUtil: [androidx.work-1] - invalidate mediaStoreFileId for /storage/emulated/0/Android/media/com.whatsapp/WhatsApp/Media/WhatsApp Images/IMG-20240722-WA0005.jpg, reQuery media store get id[1000177236]
07-24 18:08:38.421 22522 24370 E MiuiGallery2_SaveToCloudUtil: [androidx.work-1] - invalidate mediaStoreFileId for /storage/emulated/0/Android/media/com.whatsapp/WhatsApp/Media/WhatsApp Images/IMG-20241127-WA0107.jpg, reQuery media store get id[1000177237]
07-24 18:08:38.463 22522 24370 E MiuiGallery2_SaveToCloudUtil: [androidx.work-1] - invalidate mediaStoreFileId for /storage/emulated/0/Android/media/com.whatsapp/WhatsApp/Media/WhatsApp Images/IMG-20231122-WA0015.jpg, reQuery media store get id[1000177239]
07-24 18:08:38.503 22522 24370 E MiuiGallery2_SaveToCloudUtil: [androidx.work-1] - invalidate mediaStoreFileId for /storage/emulated/0/Android/media/com.whatsapp/WhatsApp/Media/WhatsApp Images/IMG-20231024-WA0017.jpg, reQuery media store get id[1000177240]
07-24 18:08:38.550 22522 24370 E MiuiGallery2_SaveToCloudUtil: [androidx.work-1] - invalidate mediaStoreFileId for /storage/emulated/0/Android/media/com.whatsapp/WhatsApp/Media/WhatsApp Images/IMG-20231103-WA0052.jpg, reQuery media store get id[1000177241]
07-24 18:08:38.593 22522 24370 E MiuiGallery2_SaveToCloudUtil: [androidx.work-1] - invalidate mediaStoreFileId for /storage/emulated/0/Android/media/com.whatsapp/WhatsApp/Media/WhatsApp Images/IMG-20231205-WA0002.jpg, reQuery media store get id[1000177242]
07-24 18:08:38.644 22522 24370 E MiuiGallery2_SaveToCloudUtil: [androidx.work-1] - invalidate mediaStoreFileId for /storage/emulated/0/Android/media/com.whatsapp/WhatsApp/Media/WhatsApp Images/IMG-20250401-WA0011.jpg, reQuery media store get id[1000177243]
07-24 18:08:38.685 22522 24370 E MiuiGallery2_SaveToCloudUtil: [androidx.work-1] - invalidate mediaStoreFileId for /storage/emulated/0/Android/media/com.whatsapp/WhatsApp/Media/WhatsApp Images/IMG-20241109-WA0007.jpg, reQuery media store get id[1000177245]
07-24 18:08:38.725 22522 24370 E MiuiGallery2_SaveToCloudUtil: [androidx.work-1] - invalidate mediaStoreFileId for /storage/emulated/0/Android/media/com.whatsapp/WhatsApp/Media/WhatsApp Images/IMG-20250220-WA0026.jpg, reQuery media store get id[1000177247]
07-24 18:08:38.774 22522 24370 E MiuiGallery2_SaveToCloudUtil: [androidx.work-1] - invalidate mediaStoreFileId for /storage/emulated/0/Android/media/com.whatsapp/WhatsApp/Media/WhatsApp Images/IMG-20250127-WA0009.jpg, reQuery media store get id[1000177248]
07-24 18:08:38.812 22522 24370 E MiuiGallery2_SaveToCloudUtil: [androidx.work-1] - invalidate mediaStoreFileId for /storage/emulated/0/Android/media/com.whatsapp/WhatsApp/Media/WhatsApp Images/IMG-20231030-WA0003.jpg, reQuery media store get id[1000177249]
07-24 18:08:38.852 22522 24370 E MiuiGallery2_SaveToCloudUtil: [androidx.work-1] - invalidate mediaStoreFileId for /storage/emulated/0/Android/media/com.whatsapp/WhatsApp/Media/WhatsApp Images/IMG-20230803-WA0031.jpg, reQuery media store get id[1000177250]
07-24 18:08:38.897 22522 24370 E MiuiGallery2_SaveToCloudUtil: [androidx.work-1] - invalidate mediaStoreFileId for /storage/emulated/0/Android/media/com.whatsapp/WhatsApp/Media/WhatsApp Images/IMG-20240523-WA0001.jpg, reQuery media store get id[1000177251]
07-24 18:08:38.948 22522 24370 E MiuiGallery2_SaveToCloudUtil: [androidx.work-1] - invalidate mediaStoreFileId for /storage/emulated/0/Android/media/com.whatsapp/WhatsApp/Media/WhatsApp Images/IMG-20240118-WA0051.jpg, reQuery media store get id[1000177252]
07-24 18:08:38.990 22522 24370 E MiuiGallery2_SaveToCloudUtil: [androidx.work-1] - invalidate mediaStoreFileId for /storage/emulated/0/Android/media/com.whatsapp/WhatsApp/Media/WhatsApp Images/IMG-20250316-WA0007.jpg, reQuery media store get id[1000177253]
07-24 18:08:39.032 22522 24370 E MiuiGallery2_SaveToCloudUtil: [androidx.work-1] - invalidate mediaStoreFileId for /storage/emulated/0/Android/media/com.whatsapp/WhatsApp/Media/WhatsApp Images/IMG-20250408-WA0019.jpg, reQuery media store get id[1000177255]
07-24 18:08:39.075 22522 24370 E MiuiGallery2_SaveToCloudUtil: [androidx.work-1] - invalidate mediaStoreFileId for /storage/emulated/0/Android/media/com.whatsapp/WhatsApp/Media/WhatsApp Documents/bitmap.png, reQuery media store get id[1000177256]
07-24 18:08:39.122 22522 24370 E MiuiGallery2_SaveToCloudUtil: [androidx.work-1] - invalidate mediaStoreFileId for /storage/emulated/0/Android/media/com.whatsapp/WhatsApp/Media/WhatsApp Documents/GOPR1007.JPG, reQuery media store get id[1000177258]
07-24 18:08:39.170 22522 24370 E MiuiGallery2_SaveToCloudUtil: [androidx.work-1] - invalidate mediaStoreFileId for /storage/emulated/0/Android/media/com.whatsapp/WhatsApp/Media/WhatsApp Images/IMG-20240325-WA0008.jpg, reQuery media store get id[1000177260]
07-24 18:08:39.215 22522 24370 E MiuiGallery2_SaveToCloudUtil: [androidx.work-1] - invalidate mediaStoreFileId for /storage/emulated/0/Android/media/com.whatsapp/WhatsApp/Media/WhatsApp Images/IMG-20230421-WA0003.jpg, reQuery media store get id[1000177263]
07-24 18:08:39.255 22522 24370 E MiuiGallery2_SaveToCloudUtil: [androidx.work-1] - invalidate mediaStoreFileId for /storage/emulated/0/Android/media/com.whatsapp/WhatsApp/Media/WhatsApp Images/IMG-20241022-WA0026.jpg, reQuery media store get id[1000177264]
07-24 18:08:39.295 22522 24370 E MiuiGallery2_SaveToCloudUtil: [androidx.work-1] - invalidate mediaStoreFileId for /storage/emulated/0/Android/media/com.whatsapp/WhatsApp/Media/WhatsApp Images/IMG-20250326-WA0043.jpg, reQuery media store get id[1000177266]
07-24 18:08:39.335 22522 24370 E MiuiGallery2_SaveToCloudUtil: [androidx.work-1] - invalidate mediaStoreFileId for /storage/emulated/0/Android/media/com.whatsapp/WhatsApp/Media/WhatsApp Images/IMG-20231012-WA0015.jpg, reQuery media store get id[1000177267]
07-24 18:08:39.386 22522 24370 E MiuiGallery2_SaveToCloudUtil: [androidx.work-1] - invalidate mediaStoreFileId for /storage/emulated/0/Android/media/com.whatsapp/WhatsApp/Media/WhatsApp Images/IMG-20231120-WA0012.jpg, reQuery media store get id[1000177273]
07-24 18:08:39.427 22522 24370 E MiuiGallery2_SaveToCloudUtil: [androidx.work-1] - invalidate mediaStoreFileId for /storage/emulated/0/Android/media/com.whatsapp/WhatsApp/Media/WhatsApp Images/IMG-20241127-WA0261.jpg, reQuery media store get id[1000177274]
07-24 18:08:39.471 22522 24370 E MiuiGallery2_SaveToCloudUtil: [androidx.work-1] - invalidate mediaStoreFileId for /storage/emulated/0/Android/media/com.whatsapp/WhatsApp/Media/WhatsApp Images/IMG-20230322-WA0036.jpg, reQuery media store get id[1000177279]
07-24 18:08:39.511 22522 24370 E MiuiGallery2_SaveToCloudUtil: [androidx.work-1] - invalidate mediaStoreFileId for /storage/emulated/0/Android/media/com.whatsapp/WhatsApp/Media/WhatsApp Images/IMG-20231220-WA0007.jpg, reQuery media store get id[1000177282]
07-24 18:08:39.554 22522 24370 E MiuiGallery2_SaveToCloudUtil: [androidx.work-1] - invalidate mediaStoreFileId for /storage/emulated/0/Android/media/com.whatsapp/WhatsApp/Media/WhatsApp Images/IMG-20250228-WA0026.jpg, reQuery media store get id[1000177283]
07-24 18:08:39.598 22522 24370 E MiuiGallery2_SaveToCloudUtil: [androidx.work-1] - invalidate mediaStoreFileId for /storage/emulated/0/Android/media/com.whatsapp/WhatsApp/Media/WhatsApp Images/IMG-20230317-WA0030.jpg, reQuery media store get id[1000177284]
07-24 18:08:39.639 22522 24370 E MiuiGallery2_SaveToCloudUtil: [androidx.work-1] - invalidate mediaStoreFileId for /storage/emulated/0/Android/media/com.whatsapp/WhatsApp/Media/WhatsApp Images/IMG-20250326-WA0284.jpg, reQuery media store get id[1000177285]
07-24 18:08:39.682 22522 24370 E MiuiGallery2_SaveToCloudUtil: [androidx.work-1] - invalidate mediaStoreFileId for /storage/emulated/0/Android/media/com.whatsapp/WhatsApp/Media/WhatsApp Images/IMG-20231017-WA0019.jpg, reQuery media store get id[1000177287]
07-24 18:08:39.726 22522 24370 E MiuiGallery2_SaveToCloudUtil: [androidx.work-1] - invalidate mediaStoreFileId for /storage/emulated/0/Android/media/com.whatsapp/WhatsApp/Media/WhatsApp Images/IMG-20231127-WA0019.jpg, reQuery media store get id[1000177289]
07-24 18:08:39.766 22522 24370 E MiuiGallery2_SaveToCloudUtil: [androidx.work-1] - invalidate mediaStoreFileId for /storage/emulated/0/Android/media/com.whatsapp/WhatsApp/Media/WhatsApp Images/IMG-20241103-WA0034.jpg, reQuery media store get id[1000177291]
07-24 18:08:39.812 22522 24370 E MiuiGallery2_SaveToCloudUtil: [androidx.work-1] - invalidate mediaStoreFileId for /storage/emulated/0/Android/media/com.whatsapp/WhatsApp/Media/WhatsApp Images/IMG-20240118-WA0026.jpg, reQuery media store get id[1000177294]
07-24 18:08:39.855 22522 24370 E MiuiGallery2_SaveToCloudUtil: [androidx.work-1] - invalidate mediaStoreFileId for /storage/emulated/0/Android/media/com.whatsapp/WhatsApp/Media/WhatsApp Images/IMG-20250123-WA0003.jpg, reQuery media store get id[1000177298]
07-24 18:08:39.905 22522 24370 E MiuiGallery2_SaveToCloudUtil: [androidx.work-1] - invalidate mediaStoreFileId for /storage/emulated/0/Android/media/com.whatsapp/WhatsApp/Media/WhatsApp Images/IMG-20241227-WA0039.jpg, reQuery media store get id[1000177299]
07-24 18:08:39.947 22522 24370 E MiuiGallery2_SaveToCloudUtil: [androidx.work-1] - invalidate mediaStoreFileId for /storage/emulated/0/Android/media/com.whatsapp/WhatsApp/Media/WhatsApp Images/IMG-20241026-WA0002.jpg, reQuery media store get id[1000177301]
07-24 18:08:39.989 22522 24370 E MiuiGallery2_SaveToCloudUtil: [androidx.work-1] - invalidate mediaStoreFileId for /storage/emulated/0/Android/media/com.whatsapp/WhatsApp/Media/WhatsApp Images/IMG-20230402-WA0039.jpg, reQuery media store get id[1000177304]
07-24 18:08:40.029 22522 24370 E MiuiGallery2_SaveToCloudUtil: [androidx.work-1] - invalidate mediaStoreFileId for /storage/emulated/0/Android/media/com.whatsapp/WhatsApp/Media/WhatsApp Images/IMG-20240919-WA0011.jpg, reQuery media store get id[1000177307]
07-24 18:08:40.069 22522 24370 E MiuiGallery2_SaveToCloudUtil: [androidx.work-1] - invalidate mediaStoreFileId for /storage/emulated/0/Android/media/com.whatsapp/WhatsApp/Media/WhatsApp Images/IMG-20230511-WA0016.jpg, reQuery media store get id[1000177308]
07-24 18:08:40.106 22522 24370 E MiuiGallery2_SaveToCloudUtil: [androidx.work-1] - invalidate mediaStoreFileId for /storage/emulated/0/Android/media/com.whatsapp/WhatsApp/Media/WhatsApp Images/IMG-20240324-WA0039.jpg, reQuery media store get id[1000177310]
07-24 18:08:40.145 22522 24370 E MiuiGallery2_SaveToCloudUtil: [androidx.work-1] - invalidate mediaStoreFileId for /storage/emulated/0/Android/media/com.whatsapp/WhatsApp/Media/WhatsApp Images/IMG-20230818-WA0011.jpg, reQuery media store get id[1000177311]
07-24 18:08:40.186 22522 24370 E MiuiGallery2_SaveToCloudUtil: [androidx.work-1] - invalidate mediaStoreFileId for /storage/emulated/0/Android/media/com.whatsapp/WhatsApp/Media/WhatsApp Images/IMG-20240201-WA0003.jpg, reQuery media store get id[1000177312]
07-24 18:08:40.231 22522 24370 E MiuiGallery2_SaveToCloudUtil: [androidx.work-1] - invalidate mediaStoreFileId for /storage/emulated/0/Android/media/com.whatsapp/WhatsApp/Media/WhatsApp Images/IMG-20240319-WA0033.jpg, reQuery media store get id[1000177313]
07-24 18:08:40.276 22522 24370 E MiuiGallery2_SaveToCloudUtil: [androidx.work-1] - invalidate mediaStoreFileId for /storage/emulated/0/Android/media/com.whatsapp/WhatsApp/Media/WhatsApp Images/IMG-20241225-WA0036.jpg, reQuery media store get id[1000177316]
07-24 18:08:40.319 22522 24370 E MiuiGallery2_SaveToCloudUtil: [androidx.work-1] - invalidate mediaStoreFileId for /storage/emulated/0/Android/media/com.whatsapp/WhatsApp/Media/WhatsApp Images/IMG-20230630-WA0017.jpg, reQuery media store get id[1000177317]
07-24 18:08:40.360 22522 24370 E MiuiGallery2_SaveToCloudUtil: [androidx.work-1] - invalidate mediaStoreFileId for /storage/emulated/0/Android/media/com.whatsapp/WhatsApp/Media/WhatsApp Images/IMG-20240316-WA0007.jpg, reQuery media store get id[1000177318]
07-24 18:08:40.410 22522 24370 E MiuiGallery2_SaveToCloudUtil: [androidx.work-1] - invalidate mediaStoreFileId for /storage/emulated/0/Android/media/com.whatsapp/WhatsApp/Media/WhatsApp Images/IMG-20240707-WA0017.jpg, reQuery media store get id[1000177320]
07-24 18:08:40.450 22522 24370 E MiuiGallery2_SaveToCloudUtil: [androidx.work-1] - invalidate mediaStoreFileId for /storage/emulated/0/Android/media/com.whatsapp/WhatsApp/Media/WhatsApp Images/IMG-20240512-WA0010.jpg, reQuery media store get id[1000177323]
07-24 18:08:40.491 22522 24370 E MiuiGallery2_SaveToCloudUtil: [androidx.work-1] - invalidate mediaStoreFileId for /storage/emulated/0/Android/media/com.whatsapp/WhatsApp/Media/WhatsApp Images/IMG-20230401-WA0071.jpg, reQuery media store get id[1000177324]
07-24 18:08:40.532 22522 24370 E MiuiGallery2_SaveToCloudUtil: [androidx.work-1] - invalidate mediaStoreFileId for /storage/emulated/0/Android/media/com.whatsapp/WhatsApp/Media/WhatsApp Images/IMG-20240206-WA0032.jpg, reQuery media store get id[1000177327]
07-24 18:08:40.576 22522 24370 E MiuiGallery2_SaveToCloudUtil: [androidx.work-1] - invalidate mediaStoreFileId for /storage/emulated/0/Android/media/com.whatsapp/WhatsApp/Media/WhatsApp Images/IMG-20240203-WA0006.jpg, reQuery media store get id[1000177331]
07-24 18:08:40.624 22522 24370 E MiuiGallery2_SaveToCloudUtil: [androidx.work-1] - invalidate mediaStoreFileId for /storage/emulated/0/Android/media/com.whatsapp/WhatsApp/Media/WhatsApp Images/IMG-20230923-WA0011.jpg, reQuery media store get id[1000177335]
07-24 18:08:40.666 22522 24370 E MiuiGallery2_SaveToCloudUtil: [androidx.work-1] - invalidate mediaStoreFileId for /storage/emulated/0/Android/media/com.whatsapp/WhatsApp/Media/WhatsApp Images/IMG-20241127-WA0132.jpg, reQuery media store get id[1000177336]
07-24 18:08:40.706 22522 24370 E MiuiGallery2_SaveToCloudUtil: [androidx.work-1] - invalidate mediaStoreFileId for /storage/emulated/0/Android/media/com.whatsapp/WhatsApp/Media/WhatsApp Images/IMG-20230821-WA0001.jpg, reQuery media store get id[1000177339]
07-24 18:08:40.743 22522 24370 E MiuiGallery2_SaveToCloudUtil: [androidx.work-1] - invalidate mediaStoreFileId for /storage/emulated/0/Android/media/com.whatsapp/WhatsApp/Media/WhatsApp Images/IMG-20240823-WA0004.jpg, reQuery media store get id[1000177340]
07-24 18:08:40.785 22522 24370 E MiuiGallery2_SaveToCloudUtil: [androidx.work-1] - invalidate mediaStoreFileId for /storage/emulated/0/Android/media/com.whatsapp/WhatsApp/Media/WhatsApp Images/IMG-20241106-WA0006.jpg, reQuery media store get id[1000177342]
07-24 18:08:40.827 22522 24370 E MiuiGallery2_SaveToCloudUtil: [androidx.work-1] - invalidate mediaStoreFileId for /storage/emulated/0/Android/media/com.whatsapp/WhatsApp/Media/WhatsApp Images/IMG-20250321-WA0025.jpg, reQuery media store get id[1000177343]
07-24 18:08:40.865 22522 24370 E MiuiGallery2_SaveToCloudUtil: [androidx.work-1] - invalidate mediaStoreFileId for /storage/emulated/0/Android/media/com.whatsapp/WhatsApp/Media/WhatsApp Images/IMG-20231125-WA0016.jpg, reQuery media store get id[1000177344]
07-24 18:08:40.909 22522 24370 E MiuiGallery2_SaveToCloudUtil: [androidx.work-1] - invalidate mediaStoreFileId for /storage/emulated/0/Android/media/com.whatsapp/WhatsApp/Media/WhatsApp Images/IMG-20241127-WA0019.jpg, reQuery media store get id[1000177345]
07-24 18:08:40.951 22522 24370 E MiuiGallery2_SaveToCloudUtil: [androidx.work-1] - invalidate mediaStoreFileId for /storage/emulated/0/Android/media/com.whatsapp/WhatsApp/Media/WhatsApp Animated Gifs/VID-20230613-WA0000.mp4, reQuery media store get id[1000177346]
07-24 18:08:40.992 22522 24370 E MiuiGallery2_SaveToCloudUtil: [androidx.work-1] - invalidate mediaStoreFileId for /storage/emulated/0/Android/media/com.whatsapp/WhatsApp/Media/WhatsApp Images/IMG-20250316-WA0032.jpg, reQuery media store get id[1000177348]
07-24 18:08:41.034 22522 24370 E MiuiGallery2_SaveToCloudUtil: [androidx.work-1] - invalidate mediaStoreFileId for /storage/emulated/0/Android/media/com.whatsapp/WhatsApp/Media/WhatsApp Images/IMG-20240809-WA0011.jpg, reQuery media store get id[1000177349]
07-24 18:08:41.074 22522 24370 E MiuiGallery2_SaveToCloudUtil: [androidx.work-1] - invalidate mediaStoreFileId for /storage/emulated/0/Android/media/com.whatsapp/WhatsApp/Media/WhatsApp Images/IMG-20230708-WA0011.jpg, reQuery media store get id[1000177352]
07-24 18:08:41.121 22522 24370 E MiuiGallery2_SaveToCloudUtil: [androidx.work-1] - invalidate mediaStoreFileId for /storage/emulated/0/Android/media/com.whatsapp/WhatsApp/Media/WhatsApp Images/IMG-20230430-WA0033.jpg, reQuery media store get id[1000177355]
07-24 18:08:41.159 22522 24370 E MiuiGallery2_SaveToCloudUtil: [androidx.work-1] - invalidate mediaStoreFileId for /storage/emulated/0/Android/media/com.whatsapp/WhatsApp/Media/WhatsApp Images/IMG-20231208-WA0045.jpg, reQuery media store get id[1000177357]
07-24 18:08:41.191 22522 24370 E MiuiGallery2_SaveToCloudUtil: [androidx.work-1] - invalidate mediaStoreFileId for /storage/emulated/0/Android/media/com.whatsapp/WhatsApp/Media/WhatsApp Images/IMG-20231013-WA0025.jpg, reQuery media store get id[1000177358]
07-24 18:08:41.222 22522 24370 E MiuiGallery2_SaveToCloudUtil: [androidx.work-1] - invalidate mediaStoreFileId for /storage/emulated/0/Android/media/com.whatsapp/WhatsApp/Media/WhatsApp Images/IMG-20231205-WA0019.jpg, reQuery media store get id[1000177359]
07-24 18:08:41.259 22522 24370 E MiuiGallery2_SaveToCloudUtil: [androidx.work-1] - invalidate mediaStoreFileId for /storage/emulated/0/Android/media/com.whatsapp/WhatsApp/Media/WhatsApp Images/IMG-20250326-WA0229.jpg, reQuery media store get id[1000177360]
07-24 18:08:41.294 22522 24370 E MiuiGallery2_SaveToCloudUtil: [androidx.work-1] - invalidate mediaStoreFileId for /storage/emulated/0/Android/media/com.whatsapp/WhatsApp/Media/WhatsApp Images/IMG-20240519-WA0017.jpg, reQuery media store get id[1000177363]
07-24 18:08:41.355 22522 24370 E MiuiGallery2_SaveToCloudUtil: [androidx.work-1] - invalidate mediaStoreFileId for /storage/emulated/0/Android/media/com.whatsapp/WhatsApp/Media/WhatsApp Images/IMG-20240426-WA0007.jpg, reQuery media store get id[1000177365]
07-24 18:08:41.398 22522 24370 E MiuiGallery2_SaveToCloudUtil: [androidx.work-1] - invalidate mediaStoreFileId for /storage/emulated/0/Android/media/com.whatsapp/WhatsApp/Media/WhatsApp Images/IMG-20241109-WA0032.jpg, reQuery media store get id[1000177366]
07-24 18:08:41.443 22522 24370 E MiuiGallery2_SaveToCloudUtil: [androidx.work-1] - invalidate mediaStoreFileId for /storage/emulated/0/Android/media/com.whatsapp/WhatsApp/Media/WhatsApp Images/IMG-20250101-WA0002.jpg, reQuery media store get id[1000177367]
07-24 18:08:41.488 22522 24370 E MiuiGallery2_SaveToCloudUtil: [androidx.work-1] - invalidate mediaStoreFileId for /storage/emulated/0/Android/media/com.whatsapp/WhatsApp/Media/WhatsApp Images/IMG-20250324-WA0003.jpg, reQuery media store get id[1000177368]
07-24 18:08:41.526 22522 24370 E MiuiGallery2_SaveToCloudUtil: [androidx.work-1] - invalidate mediaStoreFileId for /storage/emulated/0/Android/media/com.whatsapp/WhatsApp/Media/WhatsApp Images/IMG-20230830-WA0002.jpg, reQuery media store get id[1000177369]
07-24 18:08:41.566 22522 24370 E MiuiGallery2_SaveToCloudUtil: [androidx.work-1] - invalidate mediaStoreFileId for /storage/emulated/0/Android/media/com.whatsapp/WhatsApp/Media/WhatsApp Images/IMG-20230329-WA0026.jpg, reQuery media store get id[1000177370]
07-24 18:08:41.603 22522 24370 E MiuiGallery2_SaveToCloudUtil: [androidx.work-1] - invalidate mediaStoreFileId for /storage/emulated/0/Android/media/com.whatsapp/WhatsApp/Media/WhatsApp Images/IMG-20240724-WA0008.jpg, reQuery media store get id[1000177371]
07-24 18:08:41.643 22522 24370 E MiuiGallery2_SaveToCloudUtil: [androidx.work-1] - invalidate mediaStoreFileId for /storage/emulated/0/Android/media/com.whatsapp/WhatsApp/Media/WhatsApp Images/IMG-20250326-WA0266.jpg, reQuery media store get id[1000177378]
07-24 18:08:41.681 22522 24370 E MiuiGallery2_SaveToCloudUtil: [androidx.work-1] - invalidate mediaStoreFileId for /storage/emulated/0/Android/media/com.whatsapp/WhatsApp/Media/WhatsApp Images/IMG-20240609-WA0002.jpg, reQuery media store get id[1000177380]
07-24 18:08:41.719 22522 24370 E MiuiGallery2_SaveToCloudUtil: [androidx.work-1] - invalidate mediaStoreFileId for /storage/emulated/0/Android/media/com.whatsapp/WhatsApp/Media/WhatsApp Images/IMG-20230729-WA0024.jpg, reQuery media store get id[1000177381]
07-24 18:08:41.758 22522 24370 E MiuiGallery2_SaveToCloudUtil: [androidx.work-1] - invalidate mediaStoreFileId for /storage/emulated/0/Android/media/com.whatsapp/WhatsApp/Media/WhatsApp Images/IMG-20250326-WA0290.jpg, reQuery media store get id[1000177382]
07-24 18:08:41.803 22522 24370 E MiuiGallery2_SaveToCloudUtil: [androidx.work-1] - invalidate mediaStoreFileId for /storage/emulated/0/Android/media/com.whatsapp/WhatsApp/Media/WhatsApp Images/IMG-20231120-WA0006.jpg, reQuery media store get id[1000177383]
07-24 18:08:41.840 22522 24370 E MiuiGallery2_SaveToCloudUtil: [androidx.work-1] - invalidate mediaStoreFileId for /storage/emulated/0/Android/media/com.whatsapp/WhatsApp/Media/WhatsApp Images/IMG-20231010-WA0006.jpg, reQuery media store get id[1000177384]
07-24 18:08:41.882 22522 24370 E MiuiGallery2_SaveToCloudUtil: [androidx.work-1] - invalidate mediaStoreFileId for /storage/emulated/0/Android/media/com.whatsapp/WhatsApp/Media/WhatsApp Images/IMG-20240425-WA0021.jpg, reQuery media store get id[1000177387]
07-24 18:08:41.930 22522 24370 E MiuiGallery2_SaveToCloudUtil: [androidx.work-1] - invalidate mediaStoreFileId for /storage/emulated/0/Android/media/com.whatsapp/WhatsApp/Media/WhatsApp Images/IMG-20230420-WA0075.jpg, reQuery media store get id[1000177390]
07-24 18:08:41.973 22522 24370 E MiuiGallery2_SaveToCloudUtil: [androidx.work-1] - invalidate mediaStoreFileId for /storage/emulated/0/Android/media/com.whatsapp/WhatsApp/Media/WhatsApp Images/IMG-20240515-WA0005.jpg, reQuery media store get id[1000177392]
07-24 18:08:42.010 22522 24370 E MiuiGallery2_SaveToCloudUtil: [androidx.work-1] - invalidate mediaStoreFileId for /storage/emulated/0/Android/media/com.whatsapp/WhatsApp/Media/WhatsApp Images/IMG-20230406-WA0016.jpg, reQuery media store get id[1000177395]
07-24 18:08:42.051 22522 24370 E MiuiGallery2_SaveToCloudUtil: [androidx.work-1] - invalidate mediaStoreFileId for /storage/emulated/0/Android/media/com.whatsapp/WhatsApp/Media/WhatsApp Images/IMG-20231018-WA0072.jpg, reQuery media store get id[1000177397]
07-24 18:08:42.093 22522 24370 E MiuiGallery2_SaveToCloudUtil: [androidx.work-1] - invalidate mediaStoreFileId for /storage/emulated/0/Android/media/com.whatsapp/WhatsApp/Media/WhatsApp Images/IMG-20230325-WA0061.jpg, reQuery media store get id[1000177401]
07-24 18:08:42.134 22522 24370 E MiuiGallery2_SaveToCloudUtil: [androidx.work-1] - invalidate mediaStoreFileId for /storage/emulated/0/Android/media/com.whatsapp/WhatsApp/Media/WhatsApp Images/IMG-20250326-WA0177.jpg, reQuery media store get id[1000177404]
07-24 18:08:42.178 22522 24370 E MiuiGallery2_SaveToCloudUtil: [androidx.work-1] - invalidate mediaStoreFileId for /storage/emulated/0/Android/media/com.whatsapp/WhatsApp/Media/WhatsApp Images/IMG-20241016-WA0004.jpg, reQuery media store get id[1000177406]
07-24 18:08:42.219 22522 24370 E MiuiGallery2_SaveToCloudUtil: [androidx.work-1] - invalidate mediaStoreFileId for /storage/emulated/0/Android/media/com.whatsapp/WhatsApp/Media/WhatsApp Images/IMG-20231113-WA0008.jpg, reQuery media store get id[1000177407]
07-24 18:08:42.259 22522 24370 E MiuiGallery2_SaveToCloudUtil: [androidx.work-1] - invalidate mediaStoreFileId for /storage/emulated/0/Android/media/com.whatsapp/WhatsApp/Media/WhatsApp Images/IMG-20250326-WA0025.jpg, reQuery media store get id[1000177410]
07-24 18:08:42.302 22522 24370 E MiuiGallery2_SaveToCloudUtil: [androidx.work-1] - invalidate mediaStoreFileId for /storage/emulated/0/Android/media/com.whatsapp/WhatsApp/Media/WhatsApp Images/IMG-20240209-WA0004.jpg, reQuery media store get id[1000177413]
07-24 18:08:42.341 22522 24370 E MiuiGallery2_SaveToCloudUtil: [androidx.work-1] - invalidate mediaStoreFileId for /storage/emulated/0/Android/media/com.whatsapp/WhatsApp/Media/WhatsApp Images/IMG-20250326-WA0212.jpg, reQuery media store get id[1000177415]
07-24 18:08:42.382 22522 24370 E MiuiGallery2_SaveToCloudUtil: [androidx.work-1] - invalidate mediaStoreFileId for /storage/emulated/0/Android/media/com.whatsapp/WhatsApp/Media/WhatsApp Images/IMG-20240205-WA0015.jpg, reQuery media store get id[1000177419]
07-24 18:08:42.421 22522 24370 E MiuiGallery2_SaveToCloudUtil: [androidx.work-1] - invalidate mediaStoreFileId for /storage/emulated/0/Android/media/com.whatsapp/WhatsApp/Media/WhatsApp Images/IMG-20230331-WA0001.jpg, reQuery media store get id[1000177420]
07-24 18:08:42.459 22522 24370 E MiuiGallery2_SaveToCloudUtil: [androidx.work-1] - invalidate mediaStoreFileId for /storage/emulated/0/Android/media/com.whatsapp/WhatsApp/Media/WhatsApp Images/IMG-20231203-WA0016.jpg, reQuery media store get id[1000177427]
07-24 18:08:42.501 22522 24370 E MiuiGallery2_SaveToCloudUtil: [androidx.work-1] - invalidate mediaStoreFileId for /storage/emulated/0/Android/media/com.whatsapp/WhatsApp/Media/WhatsApp Images/IMG-20240829-WA0002.jpg, reQuery media store get id[1000177429]
07-24 18:08:42.543 22522 24370 E MiuiGallery2_SaveToCloudUtil: [androidx.work-1] - invalidate mediaStoreFileId for /storage/emulated/0/Android/media/com.whatsapp/WhatsApp/Media/WhatsApp Images/IMG-20240430-WA0027.jpg, reQuery media store get id[1000177430]
07-24 18:08:42.581 22522 24370 E MiuiGallery2_SaveToCloudUtil: [androidx.work-1] - invalidate mediaStoreFileId for /storage/emulated/0/Android/media/com.whatsapp/WhatsApp/Media/WhatsApp Images/IMG-20250111-WA0001.jpg, reQuery media store get id[1000177436]
07-24 18:08:42.624 22522 24370 E MiuiGallery2_SaveToCloudUtil: [androidx.work-1] - invalidate mediaStoreFileId for /storage/emulated/0/Android/media/com.whatsapp/WhatsApp/Media/WhatsApp Images/IMG-20230414-WA0047.jpg, reQuery media store get id[1000177440]
07-24 18:08:42.674 22522 24370 E MiuiGallery2_SaveToCloudUtil: [androidx.work-1] - invalidate mediaStoreFileId for /storage/emulated/0/Android/media/com.whatsapp/WhatsApp/Media/WhatsApp Images/IMG-20230829-WA0025.jpg, reQuery media store get id[1000177443]
