07-24 10:13:55.025  1605  4589 W ContextImpl: Calling a method in the system process without a qualified user: android.app.ContextImpl.sendBroadcastMultiplePermissions:1216 com.android.server.TelephonyRegistry.broadcastServiceStateChanged:2942 com.android.server.TelephonyRegistry.notifyServiceStateForPhoneId:1639 com.android.internal.telephony.ITelephonyRegistry$Stub.onTransact:455 android.os.Binder.execTransactInternal:1187
07-24 10:13:55.027  1605  4589 W ContextImpl: Calling a method in the system process without a qualified user: android.app.ContextImpl.sendBroadcastMultiplePermissions:1266 android.content.Context.sendBroadcastMultiplePermissions:2225 com.android.server.TelephonyRegistry.broadcastServiceStateChanged:2945 com.android.server.TelephonyRegistry.notifyServiceStateForPhoneId:1639 com.android.internal.telephony.ITelephonyRegistry$Stub.onTransact:455
07-24 10:13:55.030  1605  4589 W ContextImpl: Calling a method in the system process without a qualified user: android.app.ContextImpl.sendBroadcastMultiplePermissions:1266 com.android.server.TelephonyRegistry.broadcastServiceStateChanged:2952 com.android.server.TelephonyRegistry.notifyServiceStateForPhoneId:1639 com.android.internal.telephony.ITelephonyRegistry$Stub.onTransact:455 android.os.Binder.execTransactInternal:1187
07-24 10:13:55.032  1605  2056 W BroadcastQueue: Appop Denial: receiving Intent { act=android.intent.action.SERVICE_STATE flg=0x1000010 pkg=com.android.phone (has extras) } to ProcessRecord{4cd105 2886:com.android.phone/1001} (pid=2886, uid=1001) excludes appop android:read_phone_state due to sender android (uid 1001)
07-24 10:13:55.032  1605  2056 W BroadcastQueue: Appop Denial: receiving Intent { act=android.intent.action.SERVICE_STATE flg=0x1000010 pkg=com.android.phone (has extras) } to ProcessRecord{4cd105 2886:com.android.phone/1001} (pid=2886, uid=1001) excludes appop android:read_phone_state due to sender android (uid 1001)
07-24 10:13:55.032  1605  2056 W BroadcastQueue: Appop Denial: receiving Intent { act=android.intent.action.SERVICE_STATE flg=0x1000010 pkg=com.android.phone (has extras) } to ProcessRecord{4cd105 2886:com.android.phone/1001} (pid=2886, uid=1001) excludes appop android:read_phone_state due to sender android (uid 1001)
07-24 10:13:55.035  1605  4589 W ContextImpl: Calling a method in the system process without a qualified user: android.app.ContextImpl.sendBroadcastMultiplePermissions:1266 com.android.server.TelephonyRegistry.broadcastServiceStateChanged:2957 com.android.server.TelephonyRegistry.notifyServiceStateForPhoneId:1639 com.android.internal.telephony.ITelephonyRegistry$Stub.onTransact:455 android.os.Binder.execTransactInternal:1187
07-24 10:13:55.039  1605  2056 W BroadcastQueue: Skipping delivery of excluded package Intent { act=android.intent.action.SERVICE_STATE flg=0x1000010 (has extras) } to ProcessRecord{4cd105 2886:com.android.phone/1001} (pid=2886, uid=1001) excludes package com.android.phone due to sender android (uid 1001)
07-24 10:13:55.040  1605  2056 W BroadcastQueue: Skipping delivery of excluded package Intent { act=android.intent.action.SERVICE_STATE flg=0x1000010 (has extras) } to ProcessRecord{4cd105 2886:com.android.phone/1001} (pid=2886, uid=1001) excludes package com.android.phone due to sender android (uid 1001)
07-24 10:13:55.040  1605  2056 W BroadcastQueue: Skipping delivery of excluded package Intent { act=android.intent.action.SERVICE_STATE flg=0x1000010 (has extras) } to ProcessRecord{4cd105 2886:com.android.phone/1001} (pid=2886, uid=1001) excludes package com.android.phone due to sender android (uid 1001)
07-24 10:13:55.041  1605  2056 W BroadcastQueue: Permission Denial: receiving Intent { act=android.intent.action.SERVICE_STATE flg=0x1000010 (has extras) } to com.google.android.cellbroadcastreceiver/com.android.cellbroadcastreceiver.CellBroadcastReceiver requires android.permission.READ_PHONE_STATE due to sender android (uid 1001)
07-24 10:13:55.045  1605  2056 W BroadcastQueue: Appop Denial: receiving Intent { act=android.intent.action.SERVICE_STATE flg=0x1000010 (has extras) } to ProcessRecord{518c24e 2830:com.xiaomi.finddevice/6110} (pid=2830, uid=6110) excludes appop android:read_phone_state due to sender android (uid 1001)
07-24 10:13:55.045  1605  2056 W BroadcastQueue: Appop Denial: receiving Intent { act=android.intent.action.SERVICE_STATE flg=0x1000010 (has extras) } to ProcessRecord{844d38b 2898:com.android.systemui/1000} (pid=2898, uid=1000) excludes appop android:read_phone_state due to sender android (uid 1001)
07-24 10:13:55.045  1605  2056 W BroadcastQueue: Appop Denial: receiving Intent { act=android.intent.action.SERVICE_STATE flg=0x1000010 (has extras) } to ProcessRecord{4cd105 2886:com.android.phone/1001} (pid=2886, uid=1001) excludes appopandroid:read_phone_state due to sender android (uid 1001)
07-24 10:13:55.046  1605  2056 W BroadcastQueue: Appop Denial: receiving Intent { act=android.intent.action.SERVICE_STATE flg=0x1000010 (has extras) } to ProcessRecord{4cd105 2886:com.android.phone/1001} (pid=2886, uid=1001) excludes appopandroid:read_phone_state due to sender android (uid 1001)
07-24 10:13:55.046  1605  2056 W BroadcastQueue: Appop Denial: receiving Intent { act=android.intent.action.SERVICE_STATE flg=0x1000010 (has extras) } to ProcessRecord{4cd105 2886:com.android.phone/1001} (pid=2886, uid=1001) excludes appopandroid:read_phone_state due to sender android (uid 1001)
07-24 10:13:55.569  1605  2571 I BatteryService: current mPlugType1current mHealthInfo.batteryLevel16current mHealthInfo.batteryTemperature396
07-24 10:13:55.574  2898  2898 I MiuiChargeManager: notifyBatteryStatusChanged:  status: 2 isPlugged: 1 level: 16 wireState: 11 chargeSpeed: 1 mChargeType: 1 chargeDeviceType: 1 maxChargingWattage: -1 isCarCharge: -1 SUPPORT_BROADCAST_QUICK_CHARGE: true
07-24 10:13:55.576  1605  1605 D UiModeManager: updateConfigurationLocked: mDockState=0; mCarMode=false; mCar=false; mPowerSave=false; mComputedNightMode=true; mNightMode=2; uiMode=46
07-24 10:13:55.591  6238  6238 D PowerChecker_Service: battery status = 2 plug = 1 level = 16
07-24 10:13:57.484  1605  2072 E KernelCpuSpeedReader: Failed to read cpu-freq: /sys/devices/system/cpu/cpu4/cpufreq/stats/time_in_state: open failed: ENOENT (No such file or directory)
07-24 10:13:57.485  1605  2072 E KernelCpuSpeedReader: Failed to read cpu-freq: /sys/devices/system/cpu/cpu0/cpufreq/stats/time_in_state: open failed: ENOENT (No such file or directory)
07-24 10:13:57.591  1605  3044 W ContextImpl: Calling a method in the system process without a qualified user: android.app.ContextImpl.sendBroadcastMultiplePermissions:1216 com.android.server.TelephonyRegistry.broadcastServiceStateChanged:2942 com.android.server.TelephonyRegistry.notifyServiceStateForPhoneId:1639 com.android.internal.telephony.ITelephonyRegistry$Stub.onTransact:455 android.os.Binder.execTransactInternal:1187
07-24 10:13:57.592  1605  3044 W ContextImpl: Calling a method in the system process without a qualified user: android.app.ContextImpl.sendBroadcastMultiplePermissions:1266 android.content.Context.sendBroadcastMultiplePermissions:2225 com.android.server.TelephonyRegistry.broadcastServiceStateChanged:2945 com.android.server.TelephonyRegistry.notifyServiceStateForPhoneId:1639 com.android.internal.telephony.ITelephonyRegistry$Stub.onTransact:455
07-24 10:13:57.596  1605  2056 W BroadcastQueue: Appop Denial: receiving Intent { act=android.intent.action.SERVICE_STATE flg=0x1000010 pkg=com.android.phone (has extras) } to ProcessRecord{4cd105 2886:com.android.phone/1001} (pid=2886, uid=1001) excludes appop android:read_phone_state due to sender android (uid 1001)
07-24 10:13:57.596  1605  3044 W ContextImpl: Calling a method in the system process without a qualified user: android.app.ContextImpl.sendBroadcastMultiplePermissions:1266 com.android.server.TelephonyRegistry.broadcastServiceStateChanged:2952 com.android.server.TelephonyRegistry.notifyServiceStateForPhoneId:1639 com.android.internal.telephony.ITelephonyRegistry$Stub.onTransact:455 android.os.Binder.execTransactInternal:1187
07-24 10:13:57.596  1605  2056 W BroadcastQueue: Appop Denial: receiving Intent { act=android.intent.action.SERVICE_STATE flg=0x1000010 pkg=com.android.phone (has extras) } to ProcessRecord{4cd105 2886:com.android.phone/1001} (pid=2886, uid=1001) excludes appop android:read_phone_state due to sender android (uid 1001)
07-24 10:13:57.596  1605  2056 W BroadcastQueue: Appop Denial: receiving Intent { act=android.intent.action.SERVICE_STATE flg=0x1000010 pkg=com.android.phone (has extras) } to ProcessRecord{4cd105 2886:com.android.phone/1001} (pid=2886, uid=1001) excludes appop android:read_phone_state due to sender android (uid 1001)
07-24 10:13:57.598  1605  3044 W ContextImpl: Calling a method in the system process without a qualified user: android.app.ContextImpl.sendBroadcastMultiplePermissions:1266 com.android.server.TelephonyRegistry.broadcastServiceStateChanged:2957 com.android.server.TelephonyRegistry.notifyServiceStateForPhoneId:1639 com.android.internal.telephony.ITelephonyRegistry$Stub.onTransact:455 android.os.Binder.execTransactInternal:1187
07-24 10:13:57.601  1605  2056 W BroadcastQueue: Skipping delivery of excluded package Intent { act=android.intent.action.SERVICE_STATE flg=0x1000010 (has extras) } to ProcessRecord{4cd105 2886:com.android.phone/1001} (pid=2886, uid=1001) excludes package com.android.phone due to sender android (uid 1001)
07-24 10:13:57.601  1605  2056 W BroadcastQueue: Skipping delivery of excluded package Intent { act=android.intent.action.SERVICE_STATE flg=0x1000010 (has extras) } to ProcessRecord{4cd105 2886:com.android.phone/1001} (pid=2886, uid=1001) excludes package com.android.phone due to sender android (uid 1001)
07-24 10:13:57.602  1605  2056 W BroadcastQueue: Skipping delivery of excluded package Intent { act=android.intent.action.SERVICE_STATE flg=0x1000010 (has extras) } to ProcessRecord{4cd105 2886:com.android.phone/1001} (pid=2886, uid=1001) excludes package com.android.phone due to sender android (uid 1001)
07-24 10:13:57.602  1605  2056 W BroadcastQueue: Permission Denial: receiving Intent { act=android.intent.action.SERVICE_STATE flg=0x1000010 (has extras) } to com.google.android.cellbroadcastreceiver/com.android.cellbroadcastreceiver.CellBroadcastReceiver requires android.permission.READ_PHONE_STATE due to sender android (uid 1001)
07-24 10:13:57.607  1605  2056 W BroadcastQueue: Appop Denial: receiving Intent { act=android.intent.action.SERVICE_STATE flg=0x1000010 (has extras) } to ProcessRecord{518c24e 2830:com.xiaomi.finddevice/6110} (pid=2830, uid=6110) excludes appop android:read_phone_state due to sender android (uid 1001)
07-24 10:13:57.607  1605  2056 W BroadcastQueue: Appop Denial: receiving Intent { act=android.intent.action.SERVICE_STATE flg=0x1000010 (has extras) } to ProcessRecord{844d38b 2898:com.android.systemui/1000} (pid=2898, uid=1000) excludes appop android:read_phone_state due to sender android (uid 1001)
07-24 10:13:57.607  1605  2056 W BroadcastQueue: Appop Denial: receiving Intent { act=android.intent.action.SERVICE_STATE flg=0x1000010 (has extras) } to ProcessRecord{4cd105 2886:com.android.phone/1001} (pid=2886, uid=1001) excludes appopandroid:read_phone_state due to sender android (uid 1001)
07-24 10:13:57.607  1605  2056 W BroadcastQueue: Appop Denial: receiving Intent { act=android.intent.action.SERVICE_STATE flg=0x1000010 (has extras) } to ProcessRecord{4cd105 2886:com.android.phone/1001} (pid=2886, uid=1001) excludes appopandroid:read_phone_state due to sender android (uid 1001)
07-24 10:13:57.608  1605  2056 W BroadcastQueue: Appop Denial: receiving Intent { act=android.intent.action.SERVICE_STATE flg=0x1000010 (has extras) } to ProcessRecord{4cd105 2886:com.android.phone/1001} (pid=2886, uid=1001) excludes appopandroid:read_phone_state due to sender android (uid 1001)
07-24 10:14:01.442  1605  3044 W ContextImpl: Calling a method in the system process without a qualified user: android.app.ContextImpl.sendBroadcastMultiplePermissions:1216 com.android.server.TelephonyRegistry.broadcastServiceStateChanged:2942 com.android.server.TelephonyRegistry.notifyServiceStateForPhoneId:1639 com.android.internal.telephony.ITelephonyRegistry$Stub.onTransact:455 android.os.Binder.execTransactInternal:1187
07-24 10:14:01.444  1605  3044 W ContextImpl: Calling a method in the system process without a qualified user: android.app.ContextImpl.sendBroadcastMultiplePermissions:1266 android.content.Context.sendBroadcastMultiplePermissions:2225 com.android.server.TelephonyRegistry.broadcastServiceStateChanged:2945 com.android.server.TelephonyRegistry.notifyServiceStateForPhoneId:1639 com.android.internal.telephony.ITelephonyRegistry$Stub.onTransact:455
07-24 10:14:01.449  1605  2056 W BroadcastQueue: Appop Denial: receiving Intent { act=android.intent.action.SERVICE_STATE flg=0x1000010 pkg=com.android.phone (has extras) } to ProcessRecord{4cd105 2886:com.android.phone/1001} (pid=2886, uid=1001) excludes appop android:read_phone_state due to sender android (uid 1001)
07-24 10:14:01.449  1605  2056 W BroadcastQueue: Appop Denial: receiving Intent { act=android.intent.action.SERVICE_STATE flg=0x1000010 pkg=com.android.phone (has extras) } to ProcessRecord{4cd105 2886:com.android.phone/1001} (pid=2886, uid=1001) excludes appop android:read_phone_state due to sender android (uid 1001)
07-24 10:14:01.449  1605  2056 W BroadcastQueue: Appop Denial: receiving Intent { act=android.intent.action.SERVICE_STATE flg=0x1000010 pkg=com.android.phone (has extras) } to ProcessRecord{4cd105 2886:com.android.phone/1001} (pid=2886, uid=1001) excludes appop android:read_phone_state due to sender android (uid 1001)
07-24 10:14:01.449  1605  3044 W ContextImpl: Calling a method in the system process without a qualified user: android.app.ContextImpl.sendBroadcastMultiplePermissions:1266 com.android.server.TelephonyRegistry.broadcastServiceStateChanged:2952 com.android.server.TelephonyRegistry.notifyServiceStateForPhoneId:1639 com.android.internal.telephony.ITelephonyRegistry$Stub.onTransact:455 android.os.Binder.execTransactInternal:1187
07-24 10:14:01.451  1605  3044 W ContextImpl: Calling a method in the system process without a qualified user: android.app.ContextImpl.sendBroadcastMultiplePermissions:1266 com.android.server.TelephonyRegistry.broadcastServiceStateChanged:2957 com.android.server.TelephonyRegistry.notifyServiceStateForPhoneId:1639 com.android.internal.telephony.ITelephonyRegistry$Stub.onTransact:455 android.os.Binder.execTransactInternal:1187
07-24 10:14:01.453  1605  2056 W BroadcastQueue: Skipping delivery of excluded package Intent { act=android.intent.action.SERVICE_STATE flg=0x1000010 (has extras) } to ProcessRecord{4cd105 2886:com.android.phone/1001} (pid=2886, uid=1001) excludes package com.android.phone due to sender android (uid 1001)
07-24 10:14:01.454  1605  2056 W BroadcastQueue: Skipping delivery of excluded package Intent { act=android.intent.action.SERVICE_STATE flg=0x1000010 (has extras) } to ProcessRecord{4cd105 2886:com.android.phone/1001} (pid=2886, uid=1001) excludes package com.android.phone due to sender android (uid 1001)
07-24 10:14:01.454  1605  2056 W BroadcastQueue: Skipping delivery of excluded package Intent { act=android.intent.action.SERVICE_STATE flg=0x1000010 (has extras) } to ProcessRecord{4cd105 2886:com.android.phone/1001} (pid=2886, uid=1001) excludes package com.android.phone due to sender android (uid 1001)
07-24 10:14:01.455  1605  2056 W BroadcastQueue: Permission Denial: receiving Intent { act=android.intent.action.SERVICE_STATE flg=0x1000010 (has extras) } to com.google.android.cellbroadcastreceiver/com.android.cellbroadcastreceiver.CellBroadcastReceiver requires android.permission.READ_PHONE_STATE due to sender android (uid 1001)
07-24 10:14:01.457  1605  2056 W BroadcastQueue: Appop Denial: receiving Intent { act=android.intent.action.SERVICE_STATE flg=0x1000010 (has extras) } to ProcessRecord{518c24e 2830:com.xiaomi.finddevice/6110} (pid=2830, uid=6110) excludes appop android:read_phone_state due to sender android (uid 1001)
07-24 10:14:01.458  1605  2056 W BroadcastQueue: Appop Denial: receiving Intent { act=android.intent.action.SERVICE_STATE flg=0x1000010 (has extras) } to ProcessRecord{844d38b 2898:com.android.systemui/1000} (pid=2898, uid=1000) excludes appop android:read_phone_state due to sender android (uid 1001)
07-24 10:14:01.458  1605  2056 W BroadcastQueue: Appop Denial: receiving Intent { act=android.intent.action.SERVICE_STATE flg=0x1000010 (has extras) } to ProcessRecord{4cd105 2886:com.android.phone/1001} (pid=2886, uid=1001) excludes appopandroid:read_phone_state due to sender android (uid 1001)
07-24 10:14:01.458  1605  2056 W BroadcastQueue: Appop Denial: receiving Intent { act=android.intent.action.SERVICE_STATE flg=0x1000010 (has extras) } to ProcessRecord{4cd105 2886:com.android.phone/1001} (pid=2886, uid=1001) excludes appopandroid:read_phone_state due to sender android (uid 1001)
07-24 10:14:01.458  1605  2056 W BroadcastQueue: Appop Denial: receiving Intent { act=android.intent.action.SERVICE_STATE flg=0x1000010 (has extras) } to ProcessRecord{4cd105 2886:com.android.phone/1001} (pid=2886, uid=1001) excludes appopandroid:read_phone_state due to sender android (uid 1001)
07-24 10:14:04.058  1605  4590 W ContextImpl: Calling a method in the system process without a qualified user: android.app.ContextImpl.sendBroadcastMultiplePermissions:1216 com.android.server.TelephonyRegistry.broadcastServiceStateChanged:2942 com.android.server.TelephonyRegistry.notifyServiceStateForPhoneId:1639 com.android.internal.telephony.ITelephonyRegistry$Stub.onTransact:455 android.os.Binder.execTransactInternal:1187
07-24 10:14:04.060  1605  4590 W ContextImpl: Calling a method in the system process without a qualified user: android.app.ContextImpl.sendBroadcastMultiplePermissions:1266 android.content.Context.sendBroadcastMultiplePermissions:2225 com.android.server.TelephonyRegistry.broadcastServiceStateChanged:2945 com.android.server.TelephonyRegistry.notifyServiceStateForPhoneId:1639 com.android.internal.telephony.ITelephonyRegistry$Stub.onTransact:455
07-24 10:14:04.064  1605  2056 W BroadcastQueue: Appop Denial: receiving Intent { act=android.intent.action.SERVICE_STATE flg=0x1000010 pkg=com.android.phone (has extras) } to ProcessRecord{4cd105 2886:com.android.phone/1001} (pid=2886, uid=1001) excludes appop android:read_phone_state due to sender android (uid 1001)
07-24 10:14:04.064  1605  2056 W BroadcastQueue: Appop Denial: receiving Intent { act=android.intent.action.SERVICE_STATE flg=0x1000010 pkg=com.android.phone (has extras) } to ProcessRecord{4cd105 2886:com.android.phone/1001} (pid=2886, uid=1001) excludes appop android:read_phone_state due to sender android (uid 1001)
07-24 10:14:04.064  1605  2056 W BroadcastQueue: Appop Denial: receiving Intent { act=android.intent.action.SERVICE_STATE flg=0x1000010 pkg=com.android.phone (has extras) } to ProcessRecord{4cd105 2886:com.android.phone/1001} (pid=2886, uid=1001) excludes appop android:read_phone_state due to sender android (uid 1001)
07-24 10:14:04.068  1605  4590 W ContextImpl: Calling a method in the system process without a qualified user: android.app.ContextImpl.sendBroadcastMultiplePermissions:1266 com.android.server.TelephonyRegistry.broadcastServiceStateChanged:2952 com.android.server.TelephonyRegistry.notifyServiceStateForPhoneId:1639 com.android.internal.telephony.ITelephonyRegistry$Stub.onTransact:455 android.os.Binder.execTransactInternal:1187
07-24 10:14:04.071  1605  4590 W ContextImpl: Calling a method in the system process without a qualified user: android.app.ContextImpl.sendBroadcastMultiplePermissions:1266 com.android.server.TelephonyRegistry.broadcastServiceStateChanged:2957 com.android.server.TelephonyRegistry.notifyServiceStateForPhoneId:1639 com.android.internal.telephony.ITelephonyRegistry$Stub.onTransact:455 android.os.Binder.execTransactInternal:1187
07-24 10:14:04.077  1605  2056 W BroadcastQueue: Skipping delivery of excluded package Intent { act=android.intent.action.SERVICE_STATE flg=0x1000010 (has extras) } to ProcessRecord{4cd105 2886:com.android.phone/1001} (pid=2886, uid=1001) excludes package com.android.phone due to sender android (uid 1001)
07-24 10:14:04.078  1605  2056 W BroadcastQueue: Skipping delivery of excluded package Intent { act=android.intent.action.SERVICE_STATE flg=0x1000010 (has extras) } to ProcessRecord{4cd105 2886:com.android.phone/1001} (pid=2886, uid=1001) excludes package com.android.phone due to sender android (uid 1001)
07-24 10:14:04.078  1605  2056 W BroadcastQueue: Skipping delivery of excluded package Intent { act=android.intent.action.SERVICE_STATE flg=0x1000010 (has extras) } to ProcessRecord{4cd105 2886:com.android.phone/1001} (pid=2886, uid=1001) excludes package com.android.phone due to sender android (uid 1001)
07-24 10:14:04.079  1605  2056 W BroadcastQueue: Permission Denial: receiving Intent { act=android.intent.action.SERVICE_STATE flg=0x1000010 (has extras) } to com.google.android.cellbroadcastreceiver/com.android.cellbroadcastreceiver.CellBroadcastReceiver requires android.permission.READ_PHONE_STATE due to sender android (uid 1001)
07-24 10:14:04.082  1605  2056 W BroadcastQueue: Appop Denial: receiving Intent { act=android.intent.action.SERVICE_STATE flg=0x1000010 (has extras) } to ProcessRecord{518c24e 2830:com.xiaomi.finddevice/6110} (pid=2830, uid=6110) excludes appop android:read_phone_state due to sender android (uid 1001)
07-24 10:14:04.083  1605  2056 W BroadcastQueue: Appop Denial: receiving Intent { act=android.intent.action.SERVICE_STATE flg=0x1000010 (has extras) } to ProcessRecord{844d38b 2898:com.android.systemui/1000} (pid=2898, uid=1000) excludes appop android:read_phone_state due to sender android (uid 1001)
07-24 10:14:04.083  1605  2056 W BroadcastQueue: Appop Denial: receiving Intent { act=android.intent.action.SERVICE_STATE flg=0x1000010 (has extras) } to ProcessRecord{4cd105 2886:com.android.phone/1001} (pid=2886, uid=1001) excludes appopandroid:read_phone_state due to sender android (uid 1001)
07-24 10:14:04.083  1605  2056 W BroadcastQueue: Appop Denial: receiving Intent { act=android.intent.action.SERVICE_STATE flg=0x1000010 (has extras) } to ProcessRecord{4cd105 2886:com.android.phone/1001} (pid=2886, uid=1001) excludes appopandroid:read_phone_state due to sender android (uid 1001)
07-24 10:14:04.084  1605  2056 W BroadcastQueue: Appop Denial: receiving Intent { act=android.intent.action.SERVICE_STATE flg=0x1000010 (has extras) } to ProcessRecord{4cd105 2886:com.android.phone/1001} (pid=2886, uid=1001) excludes appopandroid:read_phone_state due to sender android (uid 1001)
07-24 10:14:04.091  1605  2056 W ProcessStats: Tracking association SourceState{b97c454 system/1000 BTopFgs #344749} whose proc state 2 is better than process ProcessState{8b4d8b1 com.miui.securitycenter.remote/1000 pkg=com.miui.securitycenter} proc state 3 (89 skipped)
07-24 10:14:05.619  6238  6455 E KernelRpmStatsReader: Failure in reading rpm stats
07-24 10:14:05.619  6238  6455 E KernelRpmStatsReader: java.io.FileNotFoundException: /sys/power/system_sleep/stats: open failed: EACCES (Permission denied)
07-24 10:14:05.619  6238  6455 E KernelRpmStatsReader:  at libcore.io.IoBridge.open(IoBridge.java:574)
07-24 10:14:05.619  6238  6455 E KernelRpmStatsReader:  at java.io.FileInputStream.<init>(FileInputStream.java:179)
07-24 10:14:05.619  6238  6455 E KernelRpmStatsReader:  at java.io.FileInputStream.<init>(FileInputStream.java:133)
07-24 10:14:05.619  6238  6455 E KernelRpmStatsReader:  at com.miui.powerkeeper.utils.KernelRpmStatsReader.readRpmStatsType1(Unknown Source:19)
07-24 10:14:05.619  6238  6455 E KernelRpmStatsReader:  at com.miui.powerkeeper.utils.KernelRpmStatsReader.readRpmStats(Unknown Source:63)
07-24 10:14:05.619  6238  6455 E KernelRpmStatsReader:  at com.miui.powerkeeper.powerchecker.PowerCheckerService.requestKernelRpmStatsUpdate(Unknown Source:4)
07-24 10:14:05.619  6238  6455 E KernelRpmStatsReader:  at com.miui.powerkeeper.powerchecker.PowerCheckerService.addBatteryHistoryRecord(Unknown Source:38)
07-24 10:14:05.619  6238  6455 E KernelRpmStatsReader:  at com.miui.powerkeeper.powerchecker.PowerCheckerService.updateBatteryLevelChanged(Unknown Source:8)
07-24 10:14:05.619  6238  6455 E KernelRpmStatsReader:  at com.miui.powerkeeper.powerchecker.PowerCheckerService.access$3800(Unknown Source:0)
07-24 10:14:05.619  6238  6455 E KernelRpmStatsReader:  at com.miui.powerkeeper.powerchecker.PowerCheckerService$PowerCheckHandler.handleMessage(Unknown Source:72)
07-24 10:14:05.619  6238  6455 E KernelRpmStatsReader:  at android.os.Handler.dispatchMessage(Handler.java:106)
07-24 10:14:05.619  6238  6455 E KernelRpmStatsReader:  at android.os.Looper.loopOnce(Looper.java:211)
07-24 10:14:05.619  6238  6455 E KernelRpmStatsReader:  at android.os.Looper.loop(Looper.java:300)
07-24 10:14:05.619  6238  6455 E KernelRpmStatsReader:  at android.os.HandlerThread.run(HandlerThread.java:67)
07-24 10:14:05.619  6238  6455 E KernelRpmStatsReader: Caused by: android.system.ErrnoException: open failed: EACCES (Permission denied)
07-24 10:14:05.619  6238  6455 E KernelRpmStatsReader:  at libcore.io.Linux.open(Native Method)
07-24 10:14:05.619  6238  6455 E KernelRpmStatsReader:  at libcore.io.ForwardingOs.open(ForwardingOs.java:563)
07-24 10:14:05.619  6238  6455 E KernelRpmStatsReader:  at libcore.io.BlockGuardOs.open(BlockGuardOs.java:274)
07-24 10:14:05.619  6238  6455 E KernelRpmStatsReader:  at libcore.io.ForwardingOs.open(ForwardingOs.java:563)
07-24 10:14:05.619  6238  6455 E KernelRpmStatsReader:  at android.app.ActivityThread$AndroidOs.open(ActivityThread.java:8192)
07-24 10:14:05.619  6238  6455 E KernelRpmStatsReader:  at libcore.io.IoBridge.open(IoBridge.java:560)
07-24 10:14:05.619  6238  6455 E KernelRpmStatsReader:  ... 13 more
07-24 10:14:07.804  1605  4570 W ContextImpl: Calling a method in the system process without a qualified user: android.app.ContextImpl.sendBroadcastMultiplePermissions:1216 com.android.server.TelephonyRegistry.broadcastServiceStateChanged:2942 com.android.server.TelephonyRegistry.notifyServiceStateForPhoneId:1639 com.android.internal.telephony.ITelephonyRegistry$Stub.onTransact:455 android.os.Binder.execTransactInternal:1187
07-24 10:14:07.806  1605  4570 W ContextImpl: Calling a method in the system process without a qualified user: android.app.ContextImpl.sendBroadcastMultiplePermissions:1266 android.content.Context.sendBroadcastMultiplePermissions:2225 com.android.server.TelephonyRegistry.broadcastServiceStateChanged:2945 com.android.server.TelephonyRegistry.notifyServiceStateForPhoneId:1639 com.android.internal.telephony.ITelephonyRegistry$Stub.onTransact:455
07-24 10:14:07.812  1605  4570 W ContextImpl: Calling a method in the system process without a qualified user: android.app.ContextImpl.sendBroadcastMultiplePermissions:1266 com.android.server.TelephonyRegistry.broadcastServiceStateChanged:2952 com.android.server.TelephonyRegistry.notifyServiceStateForPhoneId:1639 com.android.internal.telephony.ITelephonyRegistry$Stub.onTransact:455 android.os.Binder.execTransactInternal:1187
07-24 10:14:07.813  1605  2056 W BroadcastQueue: Appop Denial: receiving Intent { act=android.intent.action.SERVICE_STATE flg=0x1000010 pkg=com.android.phone (has extras) } to ProcessRecord{4cd105 2886:com.android.phone/1001} (pid=2886, uid=1001) excludes appop android:read_phone_state due to sender android (uid 1001)
07-24 10:14:07.814  1605  2056 W BroadcastQueue: Appop Denial: receiving Intent { act=android.intent.action.SERVICE_STATE flg=0x1000010 pkg=com.android.phone (has extras) } to ProcessRecord{4cd105 2886:com.android.phone/1001} (pid=2886, uid=1001) excludes appop android:read_phone_state due to sender android (uid 1001)
07-24 10:14:07.814  1605  2056 W BroadcastQueue: Appop Denial: receiving Intent { act=android.intent.action.SERVICE_STATE flg=0x1000010 pkg=com.android.phone (has extras) } to ProcessRecord{4cd105 2886:com.android.phone/1001} (pid=2886, uid=1001) excludes appop android:read_phone_state due to sender android (uid 1001)
07-24 10:14:07.816  1605  4570 W ContextImpl: Calling a method in the system process without a qualified user: android.app.ContextImpl.sendBroadcastMultiplePermissions:1266 com.android.server.TelephonyRegistry.broadcastServiceStateChanged:2957 com.android.server.TelephonyRegistry.notifyServiceStateForPhoneId:1639 com.android.internal.telephony.ITelephonyRegistry$Stub.onTransact:455 android.os.Binder.execTransactInternal:1187
07-24 10:14:07.818  1605  2056 W BroadcastQueue: Skipping delivery of excluded package Intent { act=android.intent.action.SERVICE_STATE flg=0x1000010 (has extras) } to ProcessRecord{4cd105 2886:com.android.phone/1001} (pid=2886, uid=1001) excludes package com.android.phone due to sender android (uid 1001)
07-24 10:14:07.819  1605  2056 W BroadcastQueue: Skipping delivery of excluded package Intent { act=android.intent.action.SERVICE_STATE flg=0x1000010 (has extras) } to ProcessRecord{4cd105 2886:com.android.phone/1001} (pid=2886, uid=1001) excludes package com.android.phone due to sender android (uid 1001)
07-24 10:14:07.819  1605  2056 W BroadcastQueue: Skipping delivery of excluded package Intent { act=android.intent.action.SERVICE_STATE flg=0x1000010 (has extras) } to ProcessRecord{4cd105 2886:com.android.phone/1001} (pid=2886, uid=1001) excludes package com.android.phone due to sender android (uid 1001)
07-24 10:14:07.819  1605  2056 W BroadcastQueue: Permission Denial: receiving Intent { act=android.intent.action.SERVICE_STATE flg=0x1000010 (has extras) } to com.google.android.cellbroadcastreceiver/com.android.cellbroadcastreceiver.CellBroadcastReceiver requires android.permission.READ_PHONE_STATE due to sender android (uid 1001)
07-24 10:14:07.825  1605  2056 W BroadcastQueue: Appop Denial: receiving Intent { act=android.intent.action.SERVICE_STATE flg=0x1000010 (has extras) } to ProcessRecord{518c24e 2830:com.xiaomi.finddevice/6110} (pid=2830, uid=6110) excludes appop android:read_phone_state due to sender android (uid 1001)
07-24 10:14:07.825  1605  2056 W BroadcastQueue: Appop Denial: receiving Intent { act=android.intent.action.SERVICE_STATE flg=0x1000010 (has extras) } to ProcessRecord{844d38b 2898:com.android.systemui/1000} (pid=2898, uid=1000) excludes appop android:read_phone_state due to sender android (uid 1001)
07-24 10:14:07.825  1605  2056 W BroadcastQueue: Appop Denial: receiving Intent { act=android.intent.action.SERVICE_STATE flg=0x1000010 (has extras) } to ProcessRecord{4cd105 2886:com.android.phone/1001} (pid=2886, uid=1001) excludes appopandroid:read_phone_state due to sender android (uid 1001)
07-24 10:14:07.825  1605  2056 W BroadcastQueue: Appop Denial: receiving Intent { act=android.intent.action.SERVICE_STATE flg=0x1000010 (has extras) } to ProcessRecord{4cd105 2886:com.android.phone/1001} (pid=2886, uid=1001) excludes appopandroid:read_phone_state due to sender android (uid 1001)
07-24 10:14:07.826  1605  2056 W BroadcastQueue: Appop Denial: receiving Intent { act=android.intent.action.SERVICE_STATE flg=0x1000010 (has extras) } to ProcessRecord{4cd105 2886:com.android.phone/1001} (pid=2886, uid=1001) excludes appopandroid:read_phone_state due to sender android (uid 1001)
07-24 10:14:10.407  1605  3044 W ContextImpl: Calling a method in the system process without a qualified user: android.app.ContextImpl.sendBroadcastMultiplePermissions:1216 com.android.server.TelephonyRegistry.broadcastServiceStateChanged:2942 com.android.server.TelephonyRegistry.notifyServiceStateForPhoneId:1639 com.android.internal.telephony.ITelephonyRegistry$Stub.onTransact:455 android.os.Binder.execTransactInternal:1187
07-24 10:14:10.410  1605  3044 W ContextImpl: Calling a method in the system process without a qualified user: android.app.ContextImpl.sendBroadcastMultiplePermissions:1266 android.content.Context.sendBroadcastMultiplePermissions:2225 com.android.server.TelephonyRegistry.broadcastServiceStateChanged:2945 com.android.server.TelephonyRegistry.notifyServiceStateForPhoneId:1639 com.android.internal.telephony.ITelephonyRegistry$Stub.onTransact:455
07-24 10:14:10.417  1605  2056 W BroadcastQueue: Appop Denial: receiving Intent { act=android.intent.action.SERVICE_STATE flg=0x1000010 pkg=com.android.phone (has extras) } to ProcessRecord{4cd105 2886:com.android.phone/1001} (pid=2886, uid=1001) excludes appop android:read_phone_state due to sender android (uid 1001)
07-24 10:14:10.417  1605  2056 W BroadcastQueue: Appop Denial: receiving Intent { act=android.intent.action.SERVICE_STATE flg=0x1000010 pkg=com.android.phone (has extras) } to ProcessRecord{4cd105 2886:com.android.phone/1001} (pid=2886, uid=1001) excludes appop android:read_phone_state due to sender android (uid 1001)
07-24 10:14:10.418  1605  3044 W ContextImpl: Calling a method in the system process without a qualified user: android.app.ContextImpl.sendBroadcastMultiplePermissions:1266 com.android.server.TelephonyRegistry.broadcastServiceStateChanged:2952 com.android.server.TelephonyRegistry.notifyServiceStateForPhoneId:1639 com.android.internal.telephony.ITelephonyRegistry$Stub.onTransact:455 android.os.Binder.execTransactInternal:1187
07-24 10:14:10.418  1605  2056 W BroadcastQueue: Appop Denial: receiving Intent { act=android.intent.action.SERVICE_STATE flg=0x1000010 pkg=com.android.phone (has extras) } to ProcessRecord{4cd105 2886:com.android.phone/1001} (pid=2886, uid=1001) excludes appop android:read_phone_state due to sender android (uid 1001)
07-24 10:14:10.420  1605  3044 W ContextImpl: Calling a method in the system process without a qualified user: android.app.ContextImpl.sendBroadcastMultiplePermissions:1266 com.android.server.TelephonyRegistry.broadcastServiceStateChanged:2957 com.android.server.TelephonyRegistry.notifyServiceStateForPhoneId:1639 com.android.internal.telephony.ITelephonyRegistry$Stub.onTransact:455 android.os.Binder.execTransactInternal:1187
07-24 10:14:10.423  1605  2056 W BroadcastQueue: Skipping delivery of excluded package Intent { act=android.intent.action.SERVICE_STATE flg=0x1000010 (has extras) } to ProcessRecord{4cd105 2886:com.android.phone/1001} (pid=2886, uid=1001) excludes package com.android.phone due to sender android (uid 1001)
07-24 10:14:10.424  1605  2056 W BroadcastQueue: Skipping delivery of excluded package Intent { act=android.intent.action.SERVICE_STATE flg=0x1000010 (has extras) } to ProcessRecord{4cd105 2886:com.android.phone/1001} (pid=2886, uid=1001) excludes package com.android.phone due to sender android (uid 1001)
07-24 10:14:10.425  1605  2056 W BroadcastQueue: Skipping delivery of excluded package Intent { act=android.intent.action.SERVICE_STATE flg=0x1000010 (has extras) } to ProcessRecord{4cd105 2886:com.android.phone/1001} (pid=2886, uid=1001) excludes package com.android.phone due to sender android (uid 1001)
07-24 10:14:10.426  1605  2056 W BroadcastQueue: Permission Denial: receiving Intent { act=android.intent.action.SERVICE_STATE flg=0x1000010 (has extras) } to com.google.android.cellbroadcastreceiver/com.android.cellbroadcastreceiver.CellBroadcastReceiver requires android.permission.READ_PHONE_STATE due to sender android (uid 1001)
07-24 10:14:10.429  1605  2056 W BroadcastQueue: Appop Denial: receiving Intent { act=android.intent.action.SERVICE_STATE flg=0x1000010 (has extras) } to ProcessRecord{518c24e 2830:com.xiaomi.finddevice/6110} (pid=2830, uid=6110) excludes appop android:read_phone_state due to sender android (uid 1001)
07-24 10:14:10.429  1605  2056 W BroadcastQueue: Appop Denial: receiving Intent { act=android.intent.action.SERVICE_STATE flg=0x1000010 (has extras) } to ProcessRecord{844d38b 2898:com.android.systemui/1000} (pid=2898, uid=1000) excludes appop android:read_phone_state due to sender android (uid 1001)
07-24 10:14:10.430  1605  2056 W BroadcastQueue: Appop Denial: receiving Intent { act=android.intent.action.SERVICE_STATE flg=0x1000010 (has extras) } to ProcessRecord{4cd105 2886:com.android.phone/1001} (pid=2886, uid=1001) excludes appopandroid:read_phone_state due to sender android (uid 1001)
07-24 10:14:10.430  1605  2056 W BroadcastQueue: Appop Denial: receiving Intent { act=android.intent.action.SERVICE_STATE flg=0x1000010 (has extras) } to ProcessRecord{4cd105 2886:com.android.phone/1001} (pid=2886, uid=1001) excludes appopandroid:read_phone_state due to sender android (uid 1001)
07-24 10:14:10.430  1605  2056 W BroadcastQueue: Appop Denial: receiving Intent { act=android.intent.action.SERVICE_STATE flg=0x1000010 (has extras) } to ProcessRecord{4cd105 2886:com.android.phone/1001} (pid=2886, uid=1001) excludes appopandroid:read_phone_state due to sender android (uid 1001)
07-24 10:14:12.019  1605  2571 I BatteryService: current mPlugType1current mHealthInfo.batteryLevel16current mHealthInfo.batteryTemperature396
07-24 10:14:12.024  1605  1605 D UiModeManager: updateConfigurationLocked: mDockState=0; mCarMode=false; mCar=false; mPowerSave=false; mComputedNightMode=true; mNightMode=2; uiMode=46
07-24 10:14:14.232  1605  4590 W ContextImpl: Calling a method in the system process without a qualified user: android.app.ContextImpl.sendBroadcastMultiplePermissions:1216 com.android.server.TelephonyRegistry.broadcastServiceStateChanged:2942 com.android.server.TelephonyRegistry.notifyServiceStateForPhoneId:1639 com.android.internal.telephony.ITelephonyRegistry$Stub.onTransact:455 android.os.Binder.execTransactInternal:1187
07-24 10:14:14.235  1605  4590 W ContextImpl: Calling a method in the system process without a qualified user: android.app.ContextImpl.sendBroadcastMultiplePermissions:1266 android.content.Context.sendBroadcastMultiplePermissions:2225 com.android.server.TelephonyRegistry.broadcastServiceStateChanged:2945 com.android.server.TelephonyRegistry.notifyServiceStateForPhoneId:1639 com.android.internal.telephony.ITelephonyRegistry$Stub.onTransact:455
07-24 10:14:14.241  1605  4590 W ContextImpl: Calling a method in the system process without a qualified user: android.app.ContextImpl.sendBroadcastMultiplePermissions:1266 com.android.server.TelephonyRegistry.broadcastServiceStateChanged:2952 com.android.server.TelephonyRegistry.notifyServiceStateForPhoneId:1639 com.android.internal.telephony.ITelephonyRegistry$Stub.onTransact:455 android.os.Binder.execTransactInternal:1187
07-24 10:14:14.241  1605  2056 W BroadcastQueue: Appop Denial: receiving Intent { act=android.intent.action.SERVICE_STATE flg=0x1000010 pkg=com.android.phone (has extras) } to ProcessRecord{4cd105 2886:com.android.phone/1001} (pid=2886, uid=1001) excludes appop android:read_phone_state due to sender android (uid 1001)
07-24 10:14:14.241  1605  2056 W BroadcastQueue: Appop Denial: receiving Intent { act=android.intent.action.SERVICE_STATE flg=0x1000010 pkg=com.android.phone (has extras) } to ProcessRecord{4cd105 2886:com.android.phone/1001} (pid=2886, uid=1001) excludes appop android:read_phone_state due to sender android (uid 1001)
07-24 10:14:14.242  1605  2056 W BroadcastQueue: Appop Denial: receiving Intent { act=android.intent.action.SERVICE_STATE flg=0x1000010 pkg=com.android.phone (has extras) } to ProcessRecord{4cd105 2886:com.android.phone/1001} (pid=2886, uid=1001) excludes appop android:read_phone_state due to sender android (uid 1001)
07-24 10:14:14.245  1605  4590 W ContextImpl: Calling a method in the system process without a qualified user: android.app.ContextImpl.sendBroadcastMultiplePermissions:1266 com.android.server.TelephonyRegistry.broadcastServiceStateChanged:2957 com.android.server.TelephonyRegistry.notifyServiceStateForPhoneId:1639 com.android.internal.telephony.ITelephonyRegistry$Stub.onTransact:455 android.os.Binder.execTransactInternal:1187
07-24 10:14:14.247  1605  2056 W BroadcastQueue: Skipping delivery of excluded package Intent { act=android.intent.action.SERVICE_STATE flg=0x1000010 (has extras) } to ProcessRecord{4cd105 2886:com.android.phone/1001} (pid=2886, uid=1001) excludes package com.android.phone due to sender android (uid 1001)
07-24 10:14:14.248  1605  2056 W BroadcastQueue: Skipping delivery of excluded package Intent { act=android.intent.action.SERVICE_STATE flg=0x1000010 (has extras) } to ProcessRecord{4cd105 2886:com.android.phone/1001} (pid=2886, uid=1001) excludes package com.android.phone due to sender android (uid 1001)
07-24 10:14:14.248  1605  2056 W BroadcastQueue: Skipping delivery of excluded package Intent { act=android.intent.action.SERVICE_STATE flg=0x1000010 (has extras) } to ProcessRecord{4cd105 2886:com.android.phone/1001} (pid=2886, uid=1001) excludes package com.android.phone due to sender android (uid 1001)
07-24 10:14:14.248  1605  2056 W BroadcastQueue: Permission Denial: receiving Intent { act=android.intent.action.SERVICE_STATE flg=0x1000010 (has extras) } to com.google.android.cellbroadcastreceiver/com.android.cellbroadcastreceiver.CellBroadcastReceiver requires android.permission.READ_PHONE_STATE due to sender android (uid 1001)
07-24 10:14:14.253  1605  2056 W BroadcastQueue: Appop Denial: receiving Intent { act=android.intent.action.SERVICE_STATE flg=0x1000010 (has extras) } to ProcessRecord{518c24e 2830:com.xiaomi.finddevice/6110} (pid=2830, uid=6110) excludes appop android:read_phone_state due to sender android (uid 1001)
07-24 10:14:14.253  1605  2056 W BroadcastQueue: Appop Denial: receiving Intent { act=android.intent.action.SERVICE_STATE flg=0x1000010 (has extras) } to ProcessRecord{844d38b 2898:com.android.systemui/1000} (pid=2898, uid=1000) excludes appop android:read_phone_state due to sender android (uid 1001)
07-24 10:14:14.254  1605  2056 W BroadcastQueue: Appop Denial: receiving Intent { act=android.intent.action.SERVICE_STATE flg=0x1000010 (has extras) } to ProcessRecord{4cd105 2886:com.android.phone/1001} (pid=2886, uid=1001) excludes appopandroid:read_phone_state due to sender android (uid 1001)
07-24 10:14:14.254  1605  2056 W BroadcastQueue: Appop Denial: receiving Intent { act=android.intent.action.SERVICE_STATE flg=0x1000010 (has extras) } to ProcessRecord{4cd105 2886:com.android.phone/1001} (pid=2886, uid=1001) excludes appopandroid:read_phone_state due to sender android (uid 1001)
07-24 10:14:14.254  1605  2056 W BroadcastQueue: Appop Denial: receiving Intent { act=android.intent.action.SERVICE_STATE flg=0x1000010 (has extras) } to ProcessRecord{4cd105 2886:com.android.phone/1001} (pid=2886, uid=1001) excludes appopandroid:read_phone_state due to sender android (uid 1001)
07-24 10:14:14.259  1605  2056 W ProcessStats: Tracking association SourceState{b97c454 system/1000 BTopFgs #344759} whose proc state 2 is better than process ProcessState{8b4d8b1 com.miui.securitycenter.remote/1000 pkg=com.miui.securitycenter} proc state 3 (53 skipped)
07-24 10:14:19.354  1605  3044 W ContextImpl: Calling a method in the system process without a qualified user: android.app.ContextImpl.sendBroadcastMultiplePermissions:1216 com.android.server.TelephonyRegistry.broadcastServiceStateChanged:2942 com.android.server.TelephonyRegistry.notifyServiceStateForPhoneId:1639 com.android.internal.telephony.ITelephonyRegistry$Stub.onTransact:455 android.os.Binder.execTransactInternal:1187
07-24 10:14:19.356  1605  3044 W ContextImpl: Calling a method in the system process without a qualified user: android.app.ContextImpl.sendBroadcastMultiplePermissions:1266 android.content.Context.sendBroadcastMultiplePermissions:2225 com.android.server.TelephonyRegistry.broadcastServiceStateChanged:2945 com.android.server.TelephonyRegistry.notifyServiceStateForPhoneId:1639 com.android.internal.telephony.ITelephonyRegistry$Stub.onTransact:455
07-24 10:14:19.359  1605  3044 W ContextImpl: Calling a method in the system process without a qualified user: android.app.ContextImpl.sendBroadcastMultiplePermissions:1266 com.android.server.TelephonyRegistry.broadcastServiceStateChanged:2952 com.android.server.TelephonyRegistry.notifyServiceStateForPhoneId:1639 com.android.internal.telephony.ITelephonyRegistry$Stub.onTransact:455 android.os.Binder.execTransactInternal:1187
07-24 10:14:19.361  1605  2056 W BroadcastQueue: Appop Denial: receiving Intent { act=android.intent.action.SERVICE_STATE flg=0x1000010 pkg=com.android.phone (has extras) } to ProcessRecord{4cd105 2886:com.android.phone/1001} (pid=2886, uid=1001) excludes appop android:read_phone_state due to sender android (uid 1001)
07-24 10:14:19.362  1605  2056 W BroadcastQueue: Appop Denial: receiving Intent { act=android.intent.action.SERVICE_STATE flg=0x1000010 pkg=com.android.phone (has extras) } to ProcessRecord{4cd105 2886:com.android.phone/1001} (pid=2886, uid=1001) excludes appop android:read_phone_state due to sender android (uid 1001)
07-24 10:14:19.362  1605  2056 W BroadcastQueue: Appop Denial: receiving Intent { act=android.intent.action.SERVICE_STATE flg=0x1000010 pkg=com.android.phone (has extras) } to ProcessRecord{4cd105 2886:com.android.phone/1001} (pid=2886, uid=1001) excludes appop android:read_phone_state due to sender android (uid 1001)
07-24 10:14:19.364  1605  3044 W ContextImpl: Calling a method in the system process without a qualified user: android.app.ContextImpl.sendBroadcastMultiplePermissions:1266 com.android.server.TelephonyRegistry.broadcastServiceStateChanged:2957 com.android.server.TelephonyRegistry.notifyServiceStateForPhoneId:1639 com.android.internal.telephony.ITelephonyRegistry$Stub.onTransact:455 android.os.Binder.execTransactInternal:1187
07-24 10:14:19.367  1605  2056 W BroadcastQueue: Skipping delivery of excluded package Intent { act=android.intent.action.SERVICE_STATE flg=0x1000010 (has extras) } to ProcessRecord{4cd105 2886:com.android.phone/1001} (pid=2886, uid=1001) excludes package com.android.phone due to sender android (uid 1001)
07-24 10:14:19.367  1605  2056 W BroadcastQueue: Skipping delivery of excluded package Intent { act=android.intent.action.SERVICE_STATE flg=0x1000010 (has extras) } to ProcessRecord{4cd105 2886:com.android.phone/1001} (pid=2886, uid=1001) excludes package com.android.phone due to sender android (uid 1001)
07-24 10:14:19.367  1605  2056 W BroadcastQueue: Skipping delivery of excluded package Intent { act=android.intent.action.SERVICE_STATE flg=0x1000010 (has extras) } to ProcessRecord{4cd105 2886:com.android.phone/1001} (pid=2886, uid=1001) excludes package com.android.phone due to sender android (uid 1001)
07-24 10:14:19.368  1605  2056 W BroadcastQueue: Permission Denial: receiving Intent { act=android.intent.action.SERVICE_STATE flg=0x1000010 (has extras) } to com.google.android.cellbroadcastreceiver/com.android.cellbroadcastreceiver.CellBroadcastReceiver requires android.permission.READ_PHONE_STATE due to sender android (uid 1001)
07-24 10:14:19.372  1605  2056 W BroadcastQueue: Appop Denial: receiving Intent { act=android.intent.action.SERVICE_STATE flg=0x1000010 (has extras) } to ProcessRecord{518c24e 2830:com.xiaomi.finddevice/6110} (pid=2830, uid=6110) excludes appop android:read_phone_state due to sender android (uid 1001)
07-24 10:14:19.373  1605  2056 W BroadcastQueue: Appop Denial: receiving Intent { act=android.intent.action.SERVICE_STATE flg=0x1000010 (has extras) } to ProcessRecord{844d38b 2898:com.android.systemui/1000} (pid=2898, uid=1000) excludes appop android:read_phone_state due to sender android (uid 1001)
07-24 10:14:19.373  1605  2056 W BroadcastQueue: Appop Denial: receiving Intent { act=android.intent.action.SERVICE_STATE flg=0x1000010 (has extras) } to ProcessRecord{4cd105 2886:com.android.phone/1001} (pid=2886, uid=1001) excludes appopandroid:read_phone_state due to sender android (uid 1001)
07-24 10:14:19.373  1605  2056 W BroadcastQueue: Appop Denial: receiving Intent { act=android.intent.action.SERVICE_STATE flg=0x1000010 (has extras) } to ProcessRecord{4cd105 2886:com.android.phone/1001} (pid=2886, uid=1001) excludes appopandroid:read_phone_state due to sender android (uid 1001)
07-24 10:14:19.373  1605  2056 W BroadcastQueue: Appop Denial: receiving Intent { act=android.intent.action.SERVICE_STATE flg=0x1000010 (has extras) } to ProcessRecord{4cd105 2886:com.android.phone/1001} (pid=2886, uid=1001) excludes appopandroid:read_phone_state due to sender android (uid 1001)
07-24 10:14:19.552  1605  2035 D HeapUsage Monitor: HeapAllocSize : 69MB; monitorSize : 500MB
07-24 10:14:20.196  1605  2571 I BatteryService: current mPlugType1current mHealthInfo.batteryLevel16current mHealthInfo.batteryTemperature397
07-24 10:14:20.200  1605  1605 D UiModeManager: updateConfigurationLocked: mDockState=0; mCarMode=false; mCar=false; mPowerSave=false; mComputedNightMode=true; mNightMode=2; uiMode=46
07-24 10:14:23.204  1605  3044 W ContextImpl: Calling a method in the system process without a qualified user: android.app.ContextImpl.sendBroadcastMultiplePermissions:1216 com.android.server.TelephonyRegistry.broadcastServiceStateChanged:2942 com.android.server.TelephonyRegistry.notifyServiceStateForPhoneId:1639 com.android.internal.telephony.ITelephonyRegistry$Stub.onTransact:455 android.os.Binder.execTransactInternal:1187
07-24 10:14:23.206  1605  3044 W ContextImpl: Calling a method in the system process without a qualified user: android.app.ContextImpl.sendBroadcastMultiplePermissions:1266 android.content.Context.sendBroadcastMultiplePermissions:2225 com.android.server.TelephonyRegistry.broadcastServiceStateChanged:2945 com.android.server.TelephonyRegistry.notifyServiceStateForPhoneId:1639 com.android.internal.telephony.ITelephonyRegistry$Stub.onTransact:455
