E flg=0x1000010 (has extras) } to ProcessRecord{518c24e 2830:com.xiaomi.finddevice/6110} (pid=2830, uid=6110) excludes appop android:read_phone_state due to sender android (uid 1001)
07-24 10:12:20.321  1605  2056 W BroadcastQueue: Appop Denial: receiving Intent { act=android.intent.action.SERVICE_STATE flg=0x1000010 (has extras) } to ProcessRecord{844d38b 2898:com.android.systemui/1000} (pid=2898, uid=1000) excludes appop android:read_phone_state due to sender android (uid 1001)
07-24 10:12:20.321  1605  2056 W BroadcastQueue: Appop Denial: receiving Intent { act=android.intent.action.SERVICE_STATE flg=0x1000010 (has extras) } to ProcessRecord{4cd105 2886:com.android.phone/1001} (pid=2886, uid=1001) excludes appopandroid:read_phone_state due to sender android (uid 1001)
07-24 10:12:20.321  1605  2056 W BroadcastQueue: Appop Denial: receiving Intent { act=android.intent.action.SERVICE_STATE flg=0x1000010 (has extras) } to ProcessRecord{4cd105 2886:com.android.phone/1001} (pid=2886, uid=1001) excludes appopandroid:read_phone_state due to sender android (uid 1001)
07-24 10:12:20.321  1605  2056 W BroadcastQueue: Appop Denial: receiving Intent { act=android.intent.action.SERVICE_STATE flg=0x1000010 (has extras) } to ProcessRecord{4cd105 2886:com.android.phone/1001} (pid=2886, uid=1001) excludes appopandroid:read_phone_state due to sender android (uid 1001)
07-24 10:12:20.328  1605  2056 W ProcessStats: Tracking association SourceState{b97c454 system/1000 BTopFgs #344566} whose proc state 2 is better than process ProcessState{8b4d8b1 com.miui.securitycenter.remote/1000 pkg=com.miui.securitycenter} proc state 3 (47 skipped)
07-24 10:12:22.096  1605  2035 D HeapUsage Monitor: HeapAllocSize : 72MB; monitorSize : 500MB
07-24 10:12:22.882  1605  4589 W ContextImpl: Calling a method in the system process without a qualified user: android.app.ContextImpl.sendBroadcastMultiplePermissions:1216 com.android.server.TelephonyRegistry.broadcastServiceStateChanged:2942 com.android.server.TelephonyRegistry.notifyServiceStateForPhoneId:1639 com.android.internal.telephony.ITelephonyRegistry$Stub.onTransact:455 android.os.Binder.execTransactInternal:1187
07-24 10:12:22.884  1605  4589 W ContextImpl: Calling a method in the system process without a qualified user: android.app.ContextImpl.sendBroadcastMultiplePermissions:1266 android.content.Context.sendBroadcastMultiplePermissions:2225 com.android.server.TelephonyRegistry.broadcastServiceStateChanged:2945 com.android.server.TelephonyRegistry.notifyServiceStateForPhoneId:1639 com.android.internal.telephony.ITelephonyRegistry$Stub.onTransact:455
07-24 10:12:22.889  1605  2056 W BroadcastQueue: Appop Denial: receiving Intent { act=android.intent.action.SERVICE_STATE flg=0x1000010 pkg=com.android.phone (has extras) } to ProcessRecord{4cd105 2886:com.android.phone/1001} (pid=2886, uid=1001) excludes appop android:read_phone_state due to sender android (uid 1001)
07-24 10:12:22.890  1605  2056 W BroadcastQueue: Appop Denial: receiving Intent { act=android.intent.action.SERVICE_STATE flg=0x1000010 pkg=com.android.phone (has extras) } to ProcessRecord{4cd105 2886:com.android.phone/1001} (pid=2886, uid=1001) excludes appop android:read_phone_state due to sender android (uid 1001)
07-24 10:12:22.890  1605  2056 W BroadcastQueue: Appop Denial: receiving Intent { act=android.intent.action.SERVICE_STATE flg=0x1000010 pkg=com.android.phone (has extras) } to ProcessRecord{4cd105 2886:com.android.phone/1001} (pid=2886, uid=1001) excludes appop android:read_phone_state due to sender android (uid 1001)
07-24 10:12:22.891  1605  4589 W ContextImpl: Calling a method in the system process without a qualified user: android.app.ContextImpl.sendBroadcastMultiplePermissions:1266 com.android.server.TelephonyRegistry.broadcastServiceStateChanged:2952 com.android.server.TelephonyRegistry.notifyServiceStateForPhoneId:1639 com.android.internal.telephony.ITelephonyRegistry$Stub.onTransact:455 android.os.Binder.execTransactInternal:1187
07-24 10:12:22.893  1605  4589 W ContextImpl: Calling a method in the system process without a qualified user: android.app.ContextImpl.sendBroadcastMultiplePermissions:1266 com.android.server.TelephonyRegistry.broadcastServiceStateChanged:2957 com.android.server.TelephonyRegistry.notifyServiceStateForPhoneId:1639 com.android.internal.telephony.ITelephonyRegistry$Stub.onTransact:455 android.os.Binder.execTransactInternal:1187
07-24 10:12:22.897  1605  2056 W BroadcastQueue: Skipping delivery of excluded package Intent { act=android.intent.action.SERVICE_STATE flg=0x1000010 (has extras) } to ProcessRecord{4cd105 2886:com.android.phone/1001} (pid=2886, uid=1001) excludes package com.android.phone due to sender android (uid 1001)
07-24 10:12:22.898  1605  2056 W BroadcastQueue: Skipping delivery of excluded package Intent { act=android.intent.action.SERVICE_STATE flg=0x1000010 (has extras) } to ProcessRecord{4cd105 2886:com.android.phone/1001} (pid=2886, uid=1001) excludes package com.android.phone due to sender android (uid 1001)
07-24 10:12:22.899  1605  2056 W BroadcastQueue: Skipping delivery of excluded package Intent { act=android.intent.action.SERVICE_STATE flg=0x1000010 (has extras) } to ProcessRecord{4cd105 2886:com.android.phone/1001} (pid=2886, uid=1001) excludes package com.android.phone due to sender android (uid 1001)
07-24 10:12:22.899  1605  2056 W BroadcastQueue: Appop Denial: receiving Intent { act=android.intent.action.SERVICE_STATE flg=0x1000010 (has extras) } to ProcessRecord{518c24e 2830:com.xiaomi.finddevice/6110} (pid=2830, uid=6110) excludes appop android:read_phone_state due to sender android (uid 1001)
07-24 10:12:22.899  1605  2056 W BroadcastQueue: Appop Denial: receiving Intent { act=android.intent.action.SERVICE_STATE flg=0x1000010 (has extras) } to ProcessRecord{844d38b 2898:com.android.systemui/1000} (pid=2898, uid=1000) excludes appop android:read_phone_state due to sender android (uid 1001)
07-24 10:12:22.900  1605  2056 W BroadcastQueue: Appop Denial: receiving Intent { act=android.intent.action.SERVICE_STATE flg=0x1000010 (has extras) } to ProcessRecord{4cd105 2886:com.android.phone/1001} (pid=2886, uid=1001) excludes appopandroid:read_phone_state due to sender android (uid 1001)
07-24 10:12:22.900  1605  2056 W BroadcastQueue: Appop Denial: receiving Intent { act=android.intent.action.SERVICE_STATE flg=0x1000010 (has extras) } to ProcessRecord{4cd105 2886:com.android.phone/1001} (pid=2886, uid=1001) excludes appopandroid:read_phone_state due to sender android (uid 1001)
07-24 10:12:22.901  1605  2056 W BroadcastQueue: Appop Denial: receiving Intent { act=android.intent.action.SERVICE_STATE flg=0x1000010 (has extras) } to ProcessRecord{4cd105 2886:com.android.phone/1001} (pid=2886, uid=1001) excludes appopandroid:read_phone_state due to sender android (uid 1001)
07-24 10:12:22.901  1605  2056 W BroadcastQueue: Permission Denial: receiving Intent { act=android.intent.action.SERVICE_STATE flg=0x1000010 (has extras) } to com.google.android.cellbroadcastreceiver/com.android.cellbroadcastreceiver.CellBroadcastReceiver requires android.permission.READ_PHONE_STATE due to sender android (uid 1001)
07-24 10:12:24.398  1605  2571 I BatteryService: current mPlugType1current mHealthInfo.batteryLevel15current mHealthInfo.batteryTemperature396
07-24 10:12:24.403  1605  1605 D UiModeManager: updateConfigurationLocked: mDockState=0; mCarMode=false; mCar=false; mPowerSave=false; mComputedNightMode=true; mNightMode=2; uiMode=46
07-24 10:12:24.727   546 26250 D vold    : Stop GC on /sys/fs/f2fs/sda11
07-24 10:12:24.731   546 26250 D vold    : current trim thread id is 500574461104
07-24 10:12:24.731   546 26250 D vold    : Starting trim of /cache
07-24 10:12:24.749   546 26250 I vold    : Trimmed 0 bytes on /cache in 17ms
07-24 10:12:24.749   546 26250 D vold    : Starting trim of /metadata
07-24 10:12:24.751   546 26250 I vold    : Trimmed 0 bytes on /metadata in 1ms
07-24 10:12:24.751   546 26250 D vold    : Starting trim of /data
07-24 10:12:24.796   546 26250 I vold    : Trimmed 0 bytes on /data in 44ms
07-24 10:12:24.796   546 26250 D vold    : Starting trim of /mnt/vendor/persist
07-24 10:12:24.889   546 26250 I vold    : Trimmed 11812864 bytes on /mnt/vendor/persist in 92ms
07-24 10:12:24.900   546 26250 D vold    : idle maintenance completed
07-24 10:12:24.901  1605  2044 I MountServiceIdler: Got mount service completion callback
07-24 10:12:24.902  1605  2044 I MountServiceIdlerImpl: sNextTrimDuration :  7200000
07-24 10:12:25.327  1605  2571 I BatteryService: current mPlugType1current mHealthInfo.batteryLevel15current mHealthInfo.batteryTemperature396
07-24 10:12:25.331  1605  1605 D UiModeManager: updateConfigurationLocked: mDockState=0; mCarMode=false; mCar=false; mPowerSave=false; mComputedNightMode=true; mNightMode=2; uiMode=46
07-24 10:12:26.720  1605  4570 W ContextImpl: Calling a method in the system process without a qualified user: android.app.ContextImpl.sendBroadcastMultiplePermissions:1216 com.android.server.TelephonyRegistry.broadcastServiceStateChanged:2942 com.android.server.TelephonyRegistry.notifyServiceStateForPhoneId:1639 com.android.internal.telephony.ITelephonyRegistry$Stub.onTransact:455 android.os.Binder.execTransactInternal:1187
07-24 10:12:26.722  1605  4570 W ContextImpl: Calling a method in the system process without a qualified user: android.app.ContextImpl.sendBroadcastMultiplePermissions:1266 android.content.Context.sendBroadcastMultiplePermissions:2225 com.android.server.TelephonyRegistry.broadcastServiceStateChanged:2945 com.android.server.TelephonyRegistry.notifyServiceStateForPhoneId:1639 com.android.internal.telephony.ITelephonyRegistry$Stub.onTransact:455
07-24 10:12:26.726  1605  4570 W ContextImpl: Calling a method in the system process without a qualified user: android.app.ContextImpl.sendBroadcastMultiplePermissions:1266 com.android.server.TelephonyRegistry.broadcastServiceStateChanged:2952 com.android.server.TelephonyRegistry.notifyServiceStateForPhoneId:1639 com.android.internal.telephony.ITelephonyRegistry$Stub.onTransact:455 android.os.Binder.execTransactInternal:1187
07-24 10:12:26.728  1605  2056 W BroadcastQueue: Appop Denial: receiving Intent { act=android.intent.action.SERVICE_STATE flg=0x1000010 pkg=com.android.phone (has extras) } to ProcessRecord{4cd105 2886:com.android.phone/1001} (pid=2886, uid=1001) excludes appop android:read_phone_state due to sender android (uid 1001)
07-24 10:12:26.729  1605  2056 W BroadcastQueue: Appop Denial: receiving Intent { act=android.intent.action.SERVICE_STATE flg=0x1000010 pkg=com.android.phone (has extras) } to ProcessRecord{4cd105 2886:com.android.phone/1001} (pid=2886, uid=1001) excludes appop android:read_phone_state due to sender android (uid 1001)
07-24 10:12:26.729  1605  2056 W BroadcastQueue: Appop Denial: receiving Intent { act=android.intent.action.SERVICE_STATE flg=0x1000010 pkg=com.android.phone (has extras) } to ProcessRecord{4cd105 2886:com.android.phone/1001} (pid=2886, uid=1001) excludes appop android:read_phone_state due to sender android (uid 1001)
07-24 10:12:26.733  1605  4570 W ContextImpl: Calling a method in the system process without a qualified user: android.app.ContextImpl.sendBroadcastMultiplePermissions:1266 com.android.server.TelephonyRegistry.broadcastServiceStateChanged:2957 com.android.server.TelephonyRegistry.notifyServiceStateForPhoneId:1639 com.android.internal.telephony.ITelephonyRegistry$Stub.onTransact:455 android.os.Binder.execTransactInternal:1187
07-24 10:12:26.737  1605  2056 W BroadcastQueue: Skipping delivery of excluded package Intent { act=android.intent.action.SERVICE_STATE flg=0x1000010 (has extras) } to ProcessRecord{4cd105 2886:com.android.phone/1001} (pid=2886, uid=1001) excludes package com.android.phone due to sender android (uid 1001)
07-24 10:12:26.738  1605  2056 W BroadcastQueue: Skipping delivery of excluded package Intent { act=android.intent.action.SERVICE_STATE flg=0x1000010 (has extras) } to ProcessRecord{4cd105 2886:com.android.phone/1001} (pid=2886, uid=1001) excludes package com.android.phone due to sender android (uid 1001)
07-24 10:12:26.738  1605  2056 W BroadcastQueue: Skipping delivery of excluded package Intent { act=android.intent.action.SERVICE_STATE flg=0x1000010 (has extras) } to ProcessRecord{4cd105 2886:com.android.phone/1001} (pid=2886, uid=1001) excludes package com.android.phone due to sender android (uid 1001)
07-24 10:12:26.739  1605  2056 W BroadcastQueue: Permission Denial: receiving Intent { act=android.intent.action.SERVICE_STATE flg=0x1000010 (has extras) } to com.google.android.cellbroadcastreceiver/com.android.cellbroadcastreceiver.CellBroadcastReceiver requires android.permission.READ_PHONE_STATE due to sender android (uid 1001)
07-24 10:12:26.743  1605  2056 W BroadcastQueue: Appop Denial: receiving Intent { act=android.intent.action.SERVICE_STATE flg=0x1000010 (has extras) } to ProcessRecord{518c24e 2830:com.xiaomi.finddevice/6110} (pid=2830, uid=6110) excludes appop android:read_phone_state due to sender android (uid 1001)
07-24 10:12:26.743  1605  2056 W BroadcastQueue: Appop Denial: receiving Intent { act=android.intent.action.SERVICE_STATE flg=0x1000010 (has extras) } to ProcessRecord{844d38b 2898:com.android.systemui/1000} (pid=2898, uid=1000) excludes appop android:read_phone_state due to sender android (uid 1001)
07-24 10:12:26.744  1605  2056 W BroadcastQueue: Appop Denial: receiving Intent { act=android.intent.action.SERVICE_STATE flg=0x1000010 (has extras) } to ProcessRecord{4cd105 2886:com.android.phone/1001} (pid=2886, uid=1001) excludes appopandroid:read_phone_state due to sender android (uid 1001)
07-24 10:12:26.744  1605  2056 W BroadcastQueue: Appop Denial: receiving Intent { act=android.intent.action.SERVICE_STATE flg=0x1000010 (has extras) } to ProcessRecord{4cd105 2886:com.android.phone/1001} (pid=2886, uid=1001) excludes appopandroid:read_phone_state due to sender android (uid 1001)
07-24 10:12:26.744  1605  2056 W BroadcastQueue: Appop Denial: receiving Intent { act=android.intent.action.SERVICE_STATE flg=0x1000010 (has extras) } to ProcessRecord{4cd105 2886:com.android.phone/1001} (pid=2886, uid=1001) excludes appopandroid:read_phone_state due to sender android (uid 1001)
07-24 10:12:27.296  1605  2333 V AlarmManager: Triggering alarm #0: Alarm{6e9f94a type 2 origWhen 184760374 whenElapsed184760374 com.google.android.gms}
07-24 10:12:27.297  1605  2333 V AlarmManager: Triggering alarm #1: Alarm{4cfe0bb type 3 origWhen 184740024 whenElapsed184740024 com.miui.powerkeeper}
07-24 10:12:27.487  1605  2754 W AppOps  : Noting op not finished: uid 10192 pkg com.google.android.gms code 113 startTime of in progress event=1753331694628
07-24 10:12:27.492  1605  2754 W AppOps  : Noting op not finished: uid 10192 pkg com.google.android.gms code 113 startTime of in progress event=1753331694628
07-24 10:12:27.502  1605  5256 D PackageManager: set app  component=com.google.android.gms/com.google.android.gms.stats.eastworld.EastworldService enabled state: 1 from null,uid=10192,pid=25428
07-24 10:12:29.291  1605  2754 W ContextImpl: Calling a method in the system process without a qualified user: android.app.ContextImpl.sendBroadcastMultiplePermissions:1216 com.android.server.TelephonyRegistry.broadcastServiceStateChanged:2942 com.android.server.TelephonyRegistry.notifyServiceStateForPhoneId:1639 com.android.internal.telephony.ITelephonyRegistry$Stub.onTransact:455 android.os.Binder.execTransactInternal:1187
07-24 10:12:29.293  1605  2754 W ContextImpl: Calling a method in the system process without a qualified user: android.app.ContextImpl.sendBroadcastMultiplePermissions:1266 android.content.Context.sendBroadcastMultiplePermissions:2225 com.android.server.TelephonyRegistry.broadcastServiceStateChanged:2945 com.android.server.TelephonyRegistry.notifyServiceStateForPhoneId:1639 com.android.internal.telephony.ITelephonyRegistry$Stub.onTransact:455
07-24 10:12:29.294  1605  2754 W ContextImpl: Calling a method in the system process without a qualified user: android.app.ContextImpl.sendBroadcastMultiplePermissions:1266 com.android.server.TelephonyRegistry.broadcastServiceStateChanged:2952 com.android.server.TelephonyRegistry.notifyServiceStateForPhoneId:1639 com.android.internal.telephony.ITelephonyRegistry$Stub.onTransact:455 android.os.Binder.execTransactInternal:1187
07-24 10:12:29.296  1605  2056 W BroadcastQueue: Appop Denial: receiving Intent { act=android.intent.action.SERVICE_STATE flg=0x1000010 pkg=com.android.phone (has extras) } to ProcessRecord{4cd105 2886:com.android.phone/1001} (pid=2886, uid=1001) excludes appop android:read_phone_state due to sender android (uid 1001)
07-24 10:12:29.296  1605  2056 W BroadcastQueue: Appop Denial: receiving Intent { act=android.intent.action.SERVICE_STATE flg=0x1000010 pkg=com.android.phone (has extras) } to ProcessRecord{4cd105 2886:com.android.phone/1001} (pid=2886, uid=1001) excludes appop android:read_phone_state due to sender android (uid 1001)
07-24 10:12:29.296  1605  2056 W BroadcastQueue: Appop Denial: receiving Intent { act=android.intent.action.SERVICE_STATE flg=0x1000010 pkg=com.android.phone (has extras) } to ProcessRecord{4cd105 2886:com.android.phone/1001} (pid=2886, uid=1001) excludes appop android:read_phone_state due to sender android (uid 1001)
07-24 10:12:29.298  1605  2754 W ContextImpl: Calling a method in the system process without a qualified user: android.app.ContextImpl.sendBroadcastMultiplePermissions:1266 com.android.server.TelephonyRegistry.broadcastServiceStateChanged:2957 com.android.server.TelephonyRegistry.notifyServiceStateForPhoneId:1639 com.android.internal.telephony.ITelephonyRegistry$Stub.onTransact:455 android.os.Binder.execTransactInternal:1187
07-24 10:12:29.301  1605  2056 W BroadcastQueue: Skipping delivery of excluded package Intent { act=android.intent.action.SERVICE_STATE flg=0x1000010 (has extras) } to ProcessRecord{4cd105 2886:com.android.phone/1001} (pid=2886, uid=1001) excludes package com.android.phone due to sender android (uid 1001)
07-24 10:12:29.302  1605  2056 W BroadcastQueue: Skipping delivery of excluded package Intent { act=android.intent.action.SERVICE_STATE flg=0x1000010 (has extras) } to ProcessRecord{4cd105 2886:com.android.phone/1001} (pid=2886, uid=1001) excludes package com.android.phone due to sender android (uid 1001)
07-24 10:12:29.302  1605  2056 W BroadcastQueue: Skipping delivery of excluded package Intent { act=android.intent.action.SERVICE_STATE flg=0x1000010 (has extras) } to ProcessRecord{4cd105 2886:com.android.phone/1001} (pid=2886, uid=1001) excludes package com.android.phone due to sender android (uid 1001)
07-24 10:12:29.303  1605  2056 W BroadcastQueue: Appop Denial: receiving Intent { act=android.intent.action.SERVICE_STATE flg=0x1000010 (has extras) } to ProcessRecord{518c24e 2830:com.xiaomi.finddevice/6110} (pid=2830, uid=6110) excludes appop android:read_phone_state due to sender android (uid 1001)
07-24 10:12:29.303  1605  2056 W BroadcastQueue: Appop Denial: receiving Intent { act=android.intent.action.SERVICE_STATE flg=0x1000010 (has extras) } to ProcessRecord{844d38b 2898:com.android.systemui/1000} (pid=2898, uid=1000) excludes appop android:read_phone_state due to sender android (uid 1001)
07-24 10:12:29.303  1605  2056 W BroadcastQueue: Appop Denial: receiving Intent { act=android.intent.action.SERVICE_STATE flg=0x1000010 (has extras) } to ProcessRecord{4cd105 2886:com.android.phone/1001} (pid=2886, uid=1001) excludes appopandroid:read_phone_state due to sender android (uid 1001)
07-24 10:12:29.303  1605  2056 W BroadcastQueue: Appop Denial: receiving Intent { act=android.intent.action.SERVICE_STATE flg=0x1000010 (has extras) } to ProcessRecord{4cd105 2886:com.android.phone/1001} (pid=2886, uid=1001) excludes appopandroid:read_phone_state due to sender android (uid 1001)
07-24 10:12:29.303  1605  2056 W BroadcastQueue: Appop Denial: receiving Intent { act=android.intent.action.SERVICE_STATE flg=0x1000010 (has extras) } to ProcessRecord{4cd105 2886:com.android.phone/1001} (pid=2886, uid=1001) excludes appopandroid:read_phone_state due to sender android (uid 1001)
07-24 10:12:29.304  1605  2056 W BroadcastQueue: Permission Denial: receiving Intent { act=android.intent.action.SERVICE_STATE flg=0x1000010 (has extras) } to com.google.android.cellbroadcastreceiver/com.android.cellbroadcastreceiver.CellBroadcastReceiver requires android.permission.READ_PHONE_STATE due to sender android (uid 1001)
07-24 10:12:33.623  1605  2571 I BatteryService: current mPlugType1current mHealthInfo.batteryLevel15current mHealthInfo.batteryTemperature396
07-24 10:12:33.628  1605  1605 D UiModeManager: updateConfigurationLocked: mDockState=0; mCarMode=false; mCar=false; mPowerSave=false; mComputedNightMode=true; mNightMode=2; uiMode=46
07-24 10:12:36.919  1605  2333 V AlarmManager: Triggering alarm #0: Alarm{c185120 type 2 origWhen 184800000 whenElapsed184800000 com.xiaomi.xmsf}
07-24 10:12:36.927  1605  2056 W ProcessStats: Tracking association SourceState{b97c454 system/1000 BTopFgs #344597} whose proc state 2 is better than process ProcessState{8b4d8b1 com.miui.securitycenter.remote/1000 pkg=com.miui.securitycenter} proc state 3 (119 skipped)
07-24 10:12:41.851  1605  2571 I BatteryService: current mPlugType1current mHealthInfo.batteryLevel15current mHealthInfo.batteryTemperature395
07-24 10:12:41.862  1605  1605 D UiModeManager: updateConfigurationLocked: mDockState=0; mCarMode=false; mCar=false; mPowerSave=false; mComputedNightMode=true; mNightMode=2; uiMode=46
07-24 10:12:44.690  1605  5256 W ContextImpl: Calling a method in the system process without a qualified user: android.app.ContextImpl.sendBroadcastMultiplePermissions:1216 com.android.server.TelephonyRegistry.broadcastServiceStateChanged:2942 com.android.server.TelephonyRegistry.notifyServiceStateForPhoneId:1639 com.android.internal.telephony.ITelephonyRegistry$Stub.onTransact:455 android.os.Binder.execTransactInternal:1187
07-24 10:12:44.691  1605  5256 W ContextImpl: Calling a method in the system process without a qualified user: android.app.ContextImpl.sendBroadcastMultiplePermissions:1266 android.content.Context.sendBroadcastMultiplePermissions:2225 com.android.server.TelephonyRegistry.broadcastServiceStateChanged:2945 com.android.server.TelephonyRegistry.notifyServiceStateForPhoneId:1639 com.android.internal.telephony.ITelephonyRegistry$Stub.onTransact:455
07-24 10:12:44.694  1605  5256 W ContextImpl: Calling a method in the system process without a qualified user: android.app.ContextImpl.sendBroadcastMultiplePermissions:1266 com.android.server.TelephonyRegistry.broadcastServiceStateChanged:2952 com.android.server.TelephonyRegistry.notifyServiceStateForPhoneId:1639 com.android.internal.telephony.ITelephonyRegistry$Stub.onTransact:455 android.os.Binder.execTransactInternal:1187
07-24 10:12:44.697  1605  2056 W BroadcastQueue: Appop Denial: receiving Intent { act=android.intent.action.SERVICE_STATE flg=0x1000010 pkg=com.android.phone (has extras) } to ProcessRecord{4cd105 2886:com.android.phone/1001} (pid=2886, uid=1001) excludes appop android:read_phone_state due to sender android (uid 1001)
07-24 10:12:44.698  1605  2056 W BroadcastQueue: Appop Denial: receiving Intent { act=android.intent.action.SERVICE_STATE flg=0x1000010 pkg=com.android.phone (has extras) } to ProcessRecord{4cd105 2886:com.android.phone/1001} (pid=2886, uid=1001) excludes appop android:read_phone_state due to sender android (uid 1001)
07-24 10:12:44.698  1605  2056 W BroadcastQueue: Appop Denial: receiving Intent { act=android.intent.action.SERVICE_STATE flg=0x1000010 pkg=com.android.phone (has extras) } to ProcessRecord{4cd105 2886:com.android.phone/1001} (pid=2886, uid=1001) excludes appop android:read_phone_state due to sender android (uid 1001)
07-24 10:12:44.701  1605  5256 W ContextImpl: Calling a method in the system process without a qualified user: android.app.ContextImpl.sendBroadcastMultiplePermissions:1266 com.android.server.TelephonyRegistry.broadcastServiceStateChanged:2957 com.android.server.TelephonyRegistry.notifyServiceStateForPhoneId:1639 com.android.internal.telephony.ITelephonyRegistry$Stub.onTransact:455 android.os.Binder.execTransactInternal:1187
07-24 10:12:44.703  1605  2056 W BroadcastQueue: Skipping delivery of excluded package Intent { act=android.intent.action.SERVICE_STATE flg=0x1000010 (has extras) } to ProcessRecord{4cd105 2886:com.android.phone/1001} (pid=2886, uid=1001) excludes package com.android.phone due to sender android (uid 1001)
07-24 10:12:44.704  1605  2056 W BroadcastQueue: Skipping delivery of excluded package Intent { act=android.intent.action.SERVICE_STATE flg=0x1000010 (has extras) } to ProcessRecord{4cd105 2886:com.android.phone/1001} (pid=2886, uid=1001) excludes package com.android.phone due to sender android (uid 1001)
07-24 10:12:44.704  1605  2056 W BroadcastQueue: Skipping delivery of excluded package Intent { act=android.intent.action.SERVICE_STATE flg=0x1000010 (has extras) } to ProcessRecord{4cd105 2886:com.android.phone/1001} (pid=2886, uid=1001) excludes package com.android.phone due to sender android (uid 1001)
07-24 10:12:44.705  1605  2056 W BroadcastQueue: Permission Denial: receiving Intent { act=android.intent.action.SERVICE_STATE flg=0x1000010 (has extras) } to com.google.android.cellbroadcastreceiver/com.android.cellbroadcastreceiver.CellBroadcastReceiver requires android.permission.READ_PHONE_STATE due to sender android (uid 1001)
07-24 10:12:44.709  1605  2056 W BroadcastQueue: Appop Denial: receiving Intent { act=android.intent.action.SERVICE_STATE flg=0x1000010 (has extras) } to ProcessRecord{518c24e 2830:com.xiaomi.finddevice/6110} (pid=2830, uid=6110) excludes appop android:read_phone_state due to sender android (uid 1001)
07-24 10:12:44.710  1605  2056 W BroadcastQueue: Appop Denial: receiving Intent { act=android.intent.action.SERVICE_STATE flg=0x1000010 (has extras) } to ProcessRecord{844d38b 2898:com.android.systemui/1000} (pid=2898, uid=1000) excludes appop android:read_phone_state due to sender android (uid 1001)
07-24 10:12:44.710  1605  2056 W BroadcastQueue: Appop Denial: receiving Intent { act=android.intent.action.SERVICE_STATE flg=0x1000010 (has extras) } to ProcessRecord{4cd105 2886:com.android.phone/1001} (pid=2886, uid=1001) excludes appopandroid:read_phone_state due to sender android (uid 1001)
07-24 10:12:44.710  1605  2056 W BroadcastQueue: Appop Denial: receiving Intent { act=android.intent.action.SERVICE_STATE flg=0x1000010 (has extras) } to ProcessRecord{4cd105 2886:com.android.phone/1001} (pid=2886, uid=1001) excludes appopandroid:read_phone_state due to sender android (uid 1001)
07-24 10:12:44.710  1605  2056 W BroadcastQueue: Appop Denial: receiving Intent { act=android.intent.action.SERVICE_STATE flg=0x1000010 (has extras) } to ProcessRecord{4cd105 2886:com.android.phone/1001} (pid=2886, uid=1001) excludes appopandroid:read_phone_state due to sender android (uid 1001)
07-24 10:12:47.195  1605  5256 W ContextImpl: Calling a method in the system process without a qualified user: android.app.ContextImpl.sendBroadcastMultiplePermissions:1216 com.android.server.TelephonyRegistry.broadcastServiceStateChanged:2942 com.android.server.TelephonyRegistry.notifyServiceStateForPhoneId:1639 com.android.internal.telephony.ITelephonyRegistry$Stub.onTransact:455 android.os.Binder.execTransactInternal:1187
07-24 10:12:47.196  1605  5256 W ContextImpl: Calling a method in the system process without a qualified user: android.app.ContextImpl.sendBroadcastMultiplePermissions:1266 android.content.Context.sendBroadcastMultiplePermissions:2225 com.android.server.TelephonyRegistry.broadcastServiceStateChanged:2945 com.android.server.TelephonyRegistry.notifyServiceStateForPhoneId:1639 com.android.internal.telephony.ITelephonyRegistry$Stub.onTransact:455
07-24 10:12:47.202  1605  2056 W BroadcastQueue: Appop Denial: receiving Intent { act=android.intent.action.SERVICE_STATE flg=0x1000010 pkg=com.android.phone (has extras) } to ProcessRecord{4cd105 2886:com.android.phone/1001} (pid=2886, uid=1001) excludes appop android:read_phone_state due to sender android (uid 1001)
07-24 10:12:47.202  1605  5256 W ContextImpl: Calling a method in the system process without a qualified user: android.app.ContextImpl.sendBroadcastMultiplePermissions:1266 com.android.server.TelephonyRegistry.broadcastServiceStateChanged:2952 com.android.server.TelephonyRegistry.notifyServiceStateForPhoneId:1639 com.android.internal.telephony.ITelephonyRegistry$Stub.onTransact:455 android.os.Binder.execTransactInternal:1187
07-24 10:12:47.202  1605  2056 W BroadcastQueue: Appop Denial: receiving Intent { act=android.intent.action.SERVICE_STATE flg=0x1000010 pkg=com.android.phone (has extras) } to ProcessRecord{4cd105 2886:com.android.phone/1001} (pid=2886, uid=1001) excludes appop android:read_phone_state due to sender android (uid 1001)
07-24 10:12:47.202  1605  2056 W BroadcastQueue: Appop Denial: receiving Intent { act=android.intent.action.SERVICE_STATE flg=0x1000010 pkg=com.android.phone (has extras) } to ProcessRecord{4cd105 2886:com.android.phone/1001} (pid=2886, uid=1001) excludes appop android:read_phone_state due to sender android (uid 1001)
07-24 10:12:47.204  1605  5256 W ContextImpl: Calling a method in the system process without a qualified user: android.app.ContextImpl.sendBroadcastMultiplePermissions:1266 com.android.server.TelephonyRegistry.broadcastServiceStateChanged:2957 com.android.server.TelephonyRegistry.notifyServiceStateForPhoneId:1639 com.android.internal.telephony.ITelephonyRegistry$Stub.onTransact:455 android.os.Binder.execTransactInternal:1187
07-24 10:12:47.211  1605  2056 W BroadcastQueue: Skipping delivery of excluded package Intent { act=android.intent.action.SERVICE_STATE flg=0x1000010 (has extras) } to ProcessRecord{4cd105 2886:com.android.phone/1001} (pid=2886, uid=1001) excludes package com.android.phone due to sender android (uid 1001)
07-24 10:12:47.212  1605  2056 W BroadcastQueue: Skipping delivery of excluded package Intent { act=android.intent.action.SERVICE_STATE flg=0x1000010 (has extras) } to ProcessRecord{4cd105 2886:com.android.phone/1001} (pid=2886, uid=1001) excludes package com.android.phone due to sender android (uid 1001)
07-24 10:12:47.212  1605  2056 W BroadcastQueue: Skipping delivery of excluded package Intent { act=android.intent.action.SERVICE_STATE flg=0x1000010 (has extras) } to ProcessRecord{4cd105 2886:com.android.phone/1001} (pid=2886, uid=1001) excludes package com.android.phone due to sender android (uid 1001)
07-24 10:12:47.213  1605  2056 W BroadcastQueue: Appop Denial: receiving Intent { act=android.intent.action.SERVICE_STATE flg=0x1000010 (has extras) } to ProcessRecord{518c24e 2830:com.xiaomi.finddevice/6110} (pid=2830, uid=6110) excludes appop android:read_phone_state due to sender android (uid 1001)
07-24 10:12:47.213  1605  2056 W BroadcastQueue: Appop Denial: receiving Intent { act=android.intent.action.SERVICE_STATE flg=0x1000010 (has extras) } to ProcessRecord{844d38b 2898:com.android.systemui/1000} (pid=2898, uid=1000) excludes appop android:read_phone_state due to sender android (uid 1001)
07-24 10:12:47.213  1605  2056 W BroadcastQueue: Appop Denial: receiving Intent { act=android.intent.action.SERVICE_STATE flg=0x1000010 (has extras) } to ProcessRecord{4cd105 2886:com.android.phone/1001} (pid=2886, uid=1001) excludes appopandroid:read_phone_state due to sender android (uid 1001)
07-24 10:12:47.214  1605  2056 W BroadcastQueue: Appop Denial: receiving Intent { act=android.intent.action.SERVICE_STATE flg=0x1000010 (has extras) } to ProcessRecord{4cd105 2886:com.android.phone/1001} (pid=2886, uid=1001) excludes appopandroid:read_phone_state due to sender android (uid 1001)
07-24 10:12:47.214  1605  2056 W BroadcastQueue: Appop Denial: receiving Intent { act=android.intent.action.SERVICE_STATE flg=0x1000010 (has extras) } to ProcessRecord{4cd105 2886:com.android.phone/1001} (pid=2886, uid=1001) excludes appopandroid:read_phone_state due to sender android (uid 1001)
07-24 10:12:47.214  1605  2056 W BroadcastQueue: Permission Denial: receiving Intent { act=android.intent.action.SERVICE_STATE flg=0x1000010 (has extras) } to com.google.android.cellbroadcastreceiver/com.android.cellbroadcastreceiver.CellBroadcastReceiver requires android.permission.READ_PHONE_STATE due to sender android (uid 1001)
07-24 10:12:49.810  1605  1605 W NotificationHistory: Attempted to add notif for locked/gone/disabled user 0
07-24 10:12:49.974  1605  2571 I BatteryService: current mPlugType1current mHealthInfo.batteryLevel15current mHealthInfo.batteryTemperature395
07-24 10:12:49.977  1605  1605 D UiModeManager: updateConfigurationLocked: mDockState=0; mCarMode=false; mCar=false; mPowerSave=false; mComputedNightMode=true; mNightMode=2; uiMode=46
07-24 10:12:50.985  1605  2754 W ContextImpl: Calling a method in the system process without a qualified user: android.app.ContextImpl.sendBroadcastMultiplePermissions:1216 com.android.server.TelephonyRegistry.broadcastServiceStateChanged:2942 com.android.server.TelephonyRegistry.notifyServiceStateForPhoneId:1639 com.android.internal.telephony.ITelephonyRegistry$Stub.onTransact:455 android.os.Binder.execTransactInternal:1187
07-24 10:12:50.986  1605  2754 W ContextImpl: Calling a method in the system process without a qualified user: android.app.ContextImpl.sendBroadcastMultiplePermissions:1266 android.content.Context.sendBroadcastMultiplePermissions:2225 com.android.server.TelephonyRegistry.broadcastServiceStateChanged:2945 com.android.server.TelephonyRegistry.notifyServiceStateForPhoneId:1639 com.android.internal.telephony.ITelephonyRegistry$Stub.onTransact:455
07-24 10:12:50.987  1605  2754 W ContextImpl: Calling a method in the system process without a qualified user: android.app.ContextImpl.sendBroadcastMultiplePermissions:1266 com.android.server.TelephonyRegistry.broadcastServiceStateChanged:2952 com.android.server.TelephonyRegistry.notifyServiceStateForPhoneId:1639 com.android.internal.telephony.ITelephonyRegistry$Stub.onTransact:455 android.os.Binder.execTransactInternal:1187
07-24 10:12:50.988  1605  2056 W BroadcastQueue: Appop Denial: receiving Intent { act=android.intent.action.SERVICE_STATE flg=0x1000010 pkg=com.android.phone (has extras) } to ProcessRecord{4cd105 2886:com.android.phone/1001} (pid=2886, uid=1001) excludes appop android:read_phone_state due to sender android (uid 1001)
07-24 10:12:50.989  1605  2056 W BroadcastQueue: Appop Denial: receiving Intent { act=android.intent.action.SERVICE_STATE flg=0x1000010 pkg=com.android.phone (has extras) } to ProcessRecord{4cd105 2886:com.android.phone/1001} (pid=2886, uid=1001) excludes appop android:read_phone_state due to sender android (uid 1001)
07-24 10:12:50.989  1605  2056 W BroadcastQueue: Appop Denial: receiving Intent { act=android.intent.action.SERVICE_STATE flg=0x1000010 pkg=com.android.phone (has extras) } to ProcessRecord{4cd105 2886:com.android.phone/1001} (pid=2886, uid=1001) excludes appop android:read_phone_state due to sender android (uid 1001)
07-24 10:12:50.990  1605  2754 W ContextImpl: Calling a method in the system process without a qualified user: android.app.ContextImpl.sendBroadcastMultiplePermissions:1266 com.android.server.TelephonyRegistry.broadcastServiceStateChanged:2957 com.android.server.TelephonyRegistry.notifyServiceStateForPhoneId:1639 com.android.internal.telephony.ITelephonyRegistry$Stub.onTransact:455 android.os.Binder.execTransactInternal:1187
07-24 10:12:50.993  1605  2056 W BroadcastQueue: Skipping delivery of excluded package Intent { act=android.intent.action.SERVICE_STATE flg=0x1000010 (has extras) } to ProcessRecord{4cd105 2886:com.android.phone/1001} (pid=2886, uid=1001) excludes package com.android.phone due to sender android (uid 1001)
07-24 10:12:50.994  1605  2056 W BroadcastQueue: Skipping delivery of excluded package Intent { act=android.intent.action.SERVICE_STATE flg=0x1000010 (has extras) } to ProcessRecord{4cd105 2886:com.android.phone/1001} (pid=2886, uid=1001) excludes package com.android.phone due to sender android (uid 1001)
07-24 10:12:50.995  1605  2056 W BroadcastQueue: Skipping delivery of excluded package Intent { act=android.intent.action.SERVICE_STATE flg=0x1000010 (has extras) } to ProcessRecord{4cd105 2886:com.android.phone/1001} (pid=2886, uid=1001) excludes package com.android.phone due to sender android (uid 1001)
07-24 10:12:50.995  1605  2056 W BroadcastQueue: Permission Denial: receiving Intent { act=android.intent.action.SERVICE_STATE flg=0x1000010 (has extras) } to com.google.android.cellbroadcastreceiver/com.android.cellbroadcastreceiver.CellBroadcastReceiver requires android.permission.READ_PHONE_STATE due to sender android (uid 1001)
07-24 10:12:50.997  1605  2056 W BroadcastQueue: Appop Denial: receiving Intent { act=android.intent.action.SERVICE_STATE flg=0x1000010 (has extras) } to ProcessRecord{518c24e 2830:com.xiaomi.finddevice/6110} (pid=2830, uid=6110) excludes appop android:read_phone_state due to sender android (uid 1001)
07-24 10:12:50.997  1605  2056 W BroadcastQueue: Appop Denial: receiving Intent { act=android.intent.action.SERVICE_STATE flg=0x1000010 (has extras) } to ProcessRecord{844d38b 2898:com.android.systemui/1000} (pid=2898, uid=1000) excludes appop android:read_phone_state due to sender android (uid 1001)
07-24 10:12:50.997  1605  2056 W BroadcastQueue: Appop Denial: receiving Intent { act=android.intent.action.SERVICE_STATE flg=0x1000010 (has extras) } to ProcessRecord{4cd105 2886:com.android.phone/1001} (pid=2886, uid=1001) excludes appopandroid:read_phone_state due to sender android (uid 1001)
07-24 10:12:50.998  1605  2056 W BroadcastQueue: Appop Denial: receiving Intent { act=android.intent.action.SERVICE_STATE flg=0x1000010 (has extras) } to ProcessRecord{4cd105 2886:com.android.phone/1001} (pid=2886, uid=1001) excludes appopandroid:read_phone_state due to sender android (uid 1001)
07-24 10:12:50.998  1605  2056 W BroadcastQueue: Appop Denial: receiving Intent { act=android.intent.action.SERVICE_STATE flg=0x1000010 (has extras) } to ProcessRecord{4cd105 2886:com.android.phone/1001} (pid=2886, uid=1001) excludes appopandroid:read_phone_state due to sender android (uid 1001)
07-24 10:12:51.043  1605  2754 E WakePathChecker: MIUILOG-WAKEPATH invalid parameter
07-24 10:12:53.600  1605  2754 W ContextImpl: Calling a method in the system process without a qualified user: android.app.ContextImpl.sendBroadcastMultiplePermissions:1216 com.android.server.TelephonyRegistry.broadcastServiceStateChanged:2942 com.android.server.TelephonyRegistry.notifyServiceStateForPhoneId:1639 com.android.internal.telephony.ITelephonyRegistry$Stub.onTransact:455 android.os.Binder.execTransactInternal:1187
07-24 10:12:53.602  1605  2754 W ContextImpl: Calling a method in the system process without a qualified user: android.app.ContextImpl.sendBroadcastMultiplePermissions:1266 android.content.Context.sendBroadcastMultiplePermissions:2225 com.android.server.TelephonyRegistry.broadcastServiceStateChanged:2945 com.android.server.TelephonyRegistry.notifyServiceStateForPhoneId:1639 com.android.internal.telephony.ITelephonyRegistry$Stub.onTransact:455
07-24 10:12:53.604  1605  2754 W ContextImpl: Calling a method in the system process without a qualified user: android.app.ContextImpl.sendBroadcastMultiplePermissions:1266 com.android.server.TelephonyRegistry.broadcastServiceStateChanged:2952 com.android.server.TelephonyRegistry.notifyServiceStateForPhoneId:1639 com.android.internal.telephony.ITelephonyRegistry$Stub.onTransact:455 android.os.Binder.execTransactInternal:1187
07-24 10:12:53.604  1605  2056 W BroadcastQueue: Appop Denial: receiving Intent { act=android.intent.action.SERVICE_STATE flg=0x1000010 pkg=com.android.phone (has extras) } to ProcessRecord{4cd105 2886:com.android.phone/1001} (pid=2886, uid=1001) excludes appop android:read_phone_state due to sender android (uid 1001)
07-24 10:12:53.604  1605  2056 W BroadcastQueue: Appop Denial: receiving Intent { act=android.intent.action.SERVICE_STATE flg=0x1000010 pkg=com.android.phone (has extras) } to ProcessRecord{4cd105 2886:com.android.phone/1001} (pid=2886, uid=1001) excludes appop android:read_phone_state due to sender android (uid 1001)
07-24 10:12:53.604  1605  2056 W BroadcastQueue: Appop Denial: receiving Intent { act=android.intent.action.SERVICE_STATE flg=0x1000010 pkg=com.android.phone (has extras) } to ProcessRecord{4cd105 2886:com.android.phone/1001} (pid=2886, uid=1001) excludes appop android:read_phone_state due to sender android (uid 1001)
07-24 10:12:53.606  1605  2754 W ContextImpl: Calling a method in the system process without a qualified user: android.app.ContextImpl.sendBroadcastMultiplePermissions:1266 com.android.server.TelephonyRegistry.broadcastServiceStateChanged:2957 com.android.server.TelephonyRegistry.notifyServiceStateForPhoneId:1639 com.android.internal.telephony.ITelephonyRegistry$Stub.onTransact:455 android.os.Binder.execTransactInternal:1187
07-24 10:12:53.609  1605  2056 W BroadcastQueue: Skipping delivery of excluded package Intent { act=android.intent.action.SERVICE_STATE flg=0x1000010 (has extras) } to ProcessRecord{4cd105 2886:com.android.phone/1001} (pid=2886, uid=1001) excludes package com.android.phone due to sender android (uid 1001)
07-24 10:12:53.609  1605  2056 W BroadcastQueue: Skipping delivery of excluded package Intent { act=android.intent.action.SERVICE_STATE flg=0x1000010 (has extras) } to ProcessRecord{4cd105 2886:com.android.phone/1001} (pid=2886, uid=1001) excludes package com.android.phone due to sender android (uid 1001)
07-24 10:12:53.609  1605  2056 W BroadcastQueue: Skipping delivery of excluded package Intent { act=android.intent.action.SERVICE_STATE flg=0x1000010 (has extras) } to ProcessRecord{4cd105 2886:com.android.phone/1001} (pid=2886, uid=1001) excludes package com.android.phone due to sender android (uid 1001)
07-24 10:12:53.609  1605  2056 W BroadcastQueue: Appop Denial: receiving Intent { act=android.intent.action.SERVICE_STATE flg=0x1000010 (has extras) } to ProcessRecord{518c24e 2830:com.xiaomi.finddevice/6110} (pid=2830, uid=6110) excludes appop android:read_phone_state due to sender android (uid 1001)
07-24 10:12:53.609  1605  2056 W BroadcastQueue: Appop Denial: receiving Intent { act=android.intent.action.SERVICE_STATE flg=0x1000010 (has extras) } to ProcessRecord{844d38b 2898:com.android.systemui/1000} (pid=2898, uid=1000) excludes appop android:read_phone_state due to sender android (uid 1001)
07-24 10:12:53.609  1605  2056 W BroadcastQueue: Appop Denial: receiving Intent { act=android.intent.action.SERVICE_STATE flg=0x1000010 (has extras) } to ProcessRecord{4cd105 2886:com.android.phone/1001} (pid=2886, uid=1001) excludes appopandroid:read_phone_state due to sender android (uid 1001)
07-24 10:12:53.609  1605  2056 W BroadcastQueue: Appop Denial: receiving Intent { act=android.intent.action.SERVICE_STATE flg=0x1000010 (has extras) } to ProcessRecord{4cd105 2886:com.android.phone/1001} (pid=2886, uid=1001) excludes appopandroid:read_phone_state due to sender android (uid 1001)
07-24 10:12:53.609  1605  2056 W BroadcastQueue: Appop Denial: receiving Intent { act=android.intent.action.SERVICE_STATE flg=0x1000010 (has extras) } to ProcessRecord{4cd105 2886:com.android.phone/1001} (pid=2886, uid=1001) excludes appopandroid:read_phone_state due to sender android (uid 1001)
07-24 10:12:53.609  1605  2056 W BroadcastQueue: Permission Denial: receiving Intent { act=android.intent.action.SERVICE_STATE flg=0x1000010 (has extras) } to com.google.android.cellbroadcastreceiver/com.android.cellbroadcastreceiver.CellBroadcastReceiver requires android.permission.READ_PHONE_STATE due to sender android (uid 1001)
07-24 10:12:53.613  1605  2056 W ProcessStats: Tracking association SourceState{b97c454 system/1000 BTopFgs #344610} whose proc state 2 is better than process ProcessState{8b4d8b1 com.miui.securitycenter.remote/1000 pkg=com.miui.securitycenter} proc state 3 (59 skipped)
07-24 10:12:57.109 20383 20396 W BpBinder: Slow Binder: BpBinder transact took 244 ms, interface=android.content.pm.IPackageManagerNative, code=4 oneway=false
07-24 10:12:57.176  1474 26524 W BpBinder: Slow Binder: BpBinder transact took 319 ms, interface=android.media.IAudioFlingerService, code=1 oneway=false
07-24 10:12:57.309  1605  4590 W ContextImpl: Calling a method in the system process without a qualified user: android.app.ContextImpl.sendBroadcastMultiplePermissions:1216 com.android.server.TelephonyRegistry.broadcastServiceStateChanged:2942 com.android.server.TelephonyRegistry.notifyServiceStateForPhoneId:1639 com.android.internal.telephony.ITelephonyRegistry$Stub.onTransact:455 android.os.Binder.execTransactInternal:1187
07-24 10:12:57.310  1605  4590 W ContextImpl: Calling a method in the system process without a qualified user: android.app.ContextImpl.sendBroadcastMultiplePermissions:1266 android.content.Context.sendBroadcastMultiplePermissions:2225 com.android.server.TelephonyRegistry.broadcastServiceStateChanged:2945 com.android.server.TelephonyRegistry.notifyServiceStateForPhoneId:1639 com.android.internal.telephony.ITelephonyRegistry$Stub.onTransact:455
07-24 10:12:57.311  1605  4590 W ContextImpl: Calling a method in the system process without a qualified user: android.app.ContextImpl.sendBroadcastMultiplePermissions:1266 com.android.server.TelephonyRegistry.broadcastServiceStateChanged:2952 com.android.server.TelephonyRegistry.notifyServiceStateForPhoneId:1639 com.android.internal.telephony.ITelephonyRegistry$Stub.onTransact:455 android.os.Binder.execTransactInternal:1187
07-24 10:12:57.311  1605  4590 W ContextImpl: Calling a method in the system process without a qualified user: android.app.ContextImpl.sendBroadcastMultiplePermissions:1266 com.android.server.TelephonyRegistry.broadcastServiceStateChanged:2957 com.android.server.TelephonyRegistry.notifyServiceStateForPhoneId:1639 com.android.internal.telephony.ITelephonyRegistry$Stub.onTransact:455 android.os.Binder.execTransactInternal:1187
07-24 10:12:57.313  1605  2056 W BroadcastQueue: Appop Denial: receiving Intent { act=android.intent.action.SERVICE_STATE flg=0x1000010 pkg=com.android.phone (has extras) } to ProcessRecord{4cd105 2886:com.android.phone/1001} (pid=2886, uid=1001) excludes appop android:read_phone_state due to sender android (uid 1001)
07-24 10:12:57.313  1605  2056 W BroadcastQueue: Appop Denial: receiving Intent { act=android.intent.action.SERVICE_STATE flg=0x1000010 pkg=com.android.phone (has extras) } to ProcessRecord{4cd105 2886:com.android.phone/1001} (pid=2886, uid=1001) excludes appop android:read_phone_state due to sender android (uid 1001)
07-24 10:12:57.313  1605  2056 W BroadcastQueue: Appop Denial: receiving Intent { act=android.intent.action.SERVICE_STATE flg=0x1000010 pkg=com.android.phone (has extras) } to ProcessRecord{4cd105 2886:com.android.phone/1001} (pid=2886, uid=1001) excludes appop android:read_phone_state due to sender android (uid 1001)
07-24 10:12:57.314  1605  2056 W BroadcastQueue: Skipping delivery of excluded package Intent { act=android.intent.action.SERVICE_STATE flg=0x1000010 (has extras) } to ProcessRecord{4cd105 2886:com.android.phone/1001} (pid=2886, uid=1001) excludes package com.android.phone due to sender android (uid 1001)
07-24 10:12:57.314  1605  2056 W BroadcastQueue: Skipping delivery of excluded package Intent { act=android.intent.action.SERVICE_STATE flg=0x1000010 (has extras) } to ProcessRecord{4cd105 2886:com.android.phone/1001} (pid=2886, uid=1001) excludes package com.android.phone due to sender android (uid 1001)
07-24 10:12:57.314  1605  2056 W BroadcastQueue: Skipping delivery of excluded package Intent { act=android.intent.action.SERVICE_STATE flg=0x1000010 (has extras) } to ProcessRecord{4cd105 2886:com.android.phone/1001} (pid=2886, uid=1001) excludes package com.android.phone due to sender android (uid 1001)
07-24 10:12:57.314  1605  2056 W BroadcastQueue: Appop Denial: receiving Intent { act=android.intent.action.SERVICE_STATE flg=0x1000010 (has extras) } to ProcessRecord{518c24e 2830:com.xiaomi.finddevice/6110} (pid=2830, uid=6110) excludes appop android:read_phone_state due to sender android (uid 1001)
07-24 10:12:57.315  1605  2056 W BroadcastQueue: Appop Denial: receiving Intent { act=android.intent.action.SERVICE_STATE flg=0x1000010 (has extras) } to ProcessRecord{844d38b 2898:com.android.systemui/1000} (pid=2898, uid=1000) excludes appop android:read_phone_state due to sender android (uid 1001)
07-24 10:12:57.315  1605  2056 W BroadcastQueue: Appop Denial: receiving Intent { act=android.intent.action.SERVICE_STATE flg=0x1000010 (has extras) } to ProcessRecord{4cd105 2886:com.android.phone/1001} (pid=2886, uid=1001) excludes appopandroid:read_phone_state due to sender android (uid 1001)
07-24 10:12:57.315  1605  2056 W BroadcastQueue: Appop Denial: receiving Intent { act=android.intent.action.SERVICE_STATE flg=0x1000010 (has extras) } to ProcessRecord{4cd105 2886:com.android.phone/1001} (pid=2886, uid=1001) excludes appopandroid:read_phone_state due to sender android (uid 1001)
07-24 10:12:57.315  1605  2056 W BroadcastQueue: Appop Denial: receiving Intent { act=android.intent.action.SERVICE_STATE flg=0x1000010 (has extras) } to ProcessRecord{4cd105 2886:com.android.phone/1001} (pid=2886, uid=1001) excludes appopandroid:read_phone_state due to sender android (uid 1001)
07-24 10:12:57.315  1605  2056 W BroadcastQueue: Permission Denial: receiving Intent { act=android.intent.action.SERVICE_STATE flg=0x1000010 (has extras) } to com.google.android.cellbroadcastreceiver/com.android.cellbroadcastreceiver.CellBroadcastReceiver requires android.permission.READ_PHONE_STATE due to sender android (uid 1001)
