07-24 10:12:58.197  1605  2571 I BatteryService: current mPlugType1current mHealthInfo.batteryLevel15current mHealthInfo.batteryTemperature394
07-24 10:12:58.200  1605  1605 D UiModeManager: updateConfigurationLocked: mDockState=0; mCarMode=false; mCar=false; mPowerSave=false; mComputedNightMode=true; mNightMode=2; uiMode=46
07-24 10:13:00.001  1605  2333 V AlarmManager: Triggering alarm #0: Alarm{2d259b9 type 3 origWhen 184823082 whenElapsed184823082 android}
07-24 10:13:00.001  1605  2754 W ContextImpl: Calling a method in the system process without a qualified user: android.app.ContextImpl.sendBroadcastMultiplePermissions:1216 com.android.server.TelephonyRegistry.broadcastServiceStateChanged:2942 com.android.server.TelephonyRegistry.notifyServiceStateForPhoneId:1639 com.android.internal.telephony.ITelephonyRegistry$Stub.onTransact:455 android.os.Binder.execTransactInternal:1187
07-24 10:13:00.003  1605  2754 W ContextImpl: Calling a method in the system process without a qualified user: android.app.ContextImpl.sendBroadcastMultiplePermissions:1266 android.content.Context.sendBroadcastMultiplePermissions:2225 com.android.server.TelephonyRegistry.broadcastServiceStateChanged:2945 com.android.server.TelephonyRegistry.notifyServiceStateForPhoneId:1639 com.android.internal.telephony.ITelephonyRegistry$Stub.onTransact:455
07-24 10:13:00.008  1605  2056 W BroadcastQueue: Appop Denial: receiving Intent { act=android.intent.action.SERVICE_STATE flg=0x1000010 pkg=com.android.phone (has extras) } to ProcessRecord{4cd105 2886:com.android.phone/1001} (pid=2886, uid=1001) excludes appop android:read_phone_state due to sender android (uid 1001)
07-24 10:13:00.008  1605  2754 W ContextImpl: Calling a method in the system process without a qualified user: android.app.ContextImpl.sendBroadcastMultiplePermissions:1266 com.android.server.TelephonyRegistry.broadcastServiceStateChanged:2952 com.android.server.TelephonyRegistry.notifyServiceStateForPhoneId:1639 com.android.internal.telephony.ITelephonyRegistry$Stub.onTransact:455 android.os.Binder.execTransactInternal:1187
07-24 10:13:00.008  1605  2056 W BroadcastQueue: Appop Denial: receiving Intent { act=android.intent.action.SERVICE_STATE flg=0x1000010 pkg=com.android.phone (has extras) } to ProcessRecord{4cd105 2886:com.android.phone/1001} (pid=2886, uid=1001) excludes appop android:read_phone_state due to sender android (uid 1001)
07-24 10:13:00.008  1605  2056 W BroadcastQueue: Appop Denial: receiving Intent { act=android.intent.action.SERVICE_STATE flg=0x1000010 pkg=com.android.phone (has extras) } to ProcessRecord{4cd105 2886:com.android.phone/1001} (pid=2886, uid=1001) excludes appop android:read_phone_state due to sender android (uid 1001)
07-24 10:13:00.011  1605  2754 W ContextImpl: Calling a method in the system process without a qualified user: android.app.ContextImpl.sendBroadcastMultiplePermissions:1266 com.android.server.TelephonyRegistry.broadcastServiceStateChanged:2957 com.android.server.TelephonyRegistry.notifyServiceStateForPhoneId:1639 com.android.internal.telephony.ITelephonyRegistry$Stub.onTransact:455 android.os.Binder.execTransactInternal:1187
07-24 10:13:00.016  1605  2056 W BroadcastQueue: Skipping delivery of excluded package Intent { act=android.intent.action.SERVICE_STATE flg=0x1000010 (has extras) } to ProcessRecord{4cd105 2886:com.android.phone/1001} (pid=2886, uid=1001) excludes package com.android.phone due to sender android (uid 1001)
07-24 10:13:00.016  1605  2056 W BroadcastQueue: Skipping delivery of excluded package Intent { act=android.intent.action.SERVICE_STATE flg=0x1000010 (has extras) } to ProcessRecord{4cd105 2886:com.android.phone/1001} (pid=2886, uid=1001) excludes package com.android.phone due to sender android (uid 1001)
07-24 10:13:00.016  1605  2056 W BroadcastQueue: Skipping delivery of excluded package Intent { act=android.intent.action.SERVICE_STATE flg=0x1000010 (has extras) } to ProcessRecord{4cd105 2886:com.android.phone/1001} (pid=2886, uid=1001) excludes package com.android.phone due to sender android (uid 1001)
07-24 10:13:00.017  1605  2056 W BroadcastQueue: Permission Denial: receiving Intent { act=android.intent.action.SERVICE_STATE flg=0x1000010 (has extras) } to com.google.android.cellbroadcastreceiver/com.android.cellbroadcastreceiver.CellBroadcastReceiver requires android.permission.READ_PHONE_STATE due to sender android (uid 1001)
07-24 10:13:00.018  1605  2056 W BroadcastQueue: Appop Denial: receiving Intent { act=android.intent.action.SERVICE_STATE flg=0x1000010 (has extras) } to ProcessRecord{518c24e 2830:com.xiaomi.finddevice/6110} (pid=2830, uid=6110) excludes appop android:read_phone_state due to sender android (uid 1001)
07-24 10:13:00.019  1605  2056 W BroadcastQueue: Appop Denial: receiving Intent { act=android.intent.action.SERVICE_STATE flg=0x1000010 (has extras) } to ProcessRecord{844d38b 2898:com.android.systemui/1000} (pid=2898, uid=1000) excludes appop android:read_phone_state due to sender android (uid 1001)
07-24 10:13:00.019  1605  2056 W BroadcastQueue: Appop Denial: receiving Intent { act=android.intent.action.SERVICE_STATE flg=0x1000010 (has extras) } to ProcessRecord{4cd105 2886:com.android.phone/1001} (pid=2886, uid=1001) excludes appopandroid:read_phone_state due to sender android (uid 1001)
07-24 10:13:00.019  1605  2056 W BroadcastQueue: Appop Denial: receiving Intent { act=android.intent.action.SERVICE_STATE flg=0x1000010 (has extras) } to ProcessRecord{4cd105 2886:com.android.phone/1001} (pid=2886, uid=1001) excludes appopandroid:read_phone_state due to sender android (uid 1001)
07-24 10:13:00.019  1605  2056 W BroadcastQueue: Appop Denial: receiving Intent { act=android.intent.action.SERVICE_STATE flg=0x1000010 (has extras) } to ProcessRecord{4cd105 2886:com.android.phone/1001} (pid=2886, uid=1001) excludes appopandroid:read_phone_state due to sender android (uid 1001)
07-24 10:13:03.850  1605  4590 W ContextImpl: Calling a method in the system process without a qualified user: android.app.ContextImpl.sendBroadcastMultiplePermissions:1216 com.android.server.TelephonyRegistry.broadcastServiceStateChanged:2942 com.android.server.TelephonyRegistry.notifyServiceStateForPhoneId:1639 com.android.internal.telephony.ITelephonyRegistry$Stub.onTransact:455 android.os.Binder.execTransactInternal:1187
07-24 10:13:03.851  1605  4590 W ContextImpl: Calling a method in the system process without a qualified user: android.app.ContextImpl.sendBroadcastMultiplePermissions:1266 android.content.Context.sendBroadcastMultiplePermissions:2225 com.android.server.TelephonyRegistry.broadcastServiceStateChanged:2945 com.android.server.TelephonyRegistry.notifyServiceStateForPhoneId:1639 com.android.internal.telephony.ITelephonyRegistry$Stub.onTransact:455
07-24 10:13:03.852  1605  4590 W ContextImpl: Calling a method in the system process without a qualified user: android.app.ContextImpl.sendBroadcastMultiplePermissions:1266 com.android.server.TelephonyRegistry.broadcastServiceStateChanged:2952 com.android.server.TelephonyRegistry.notifyServiceStateForPhoneId:1639 com.android.internal.telephony.ITelephonyRegistry$Stub.onTransact:455 android.os.Binder.execTransactInternal:1187
07-24 10:13:03.854  1605  2056 W BroadcastQueue: Appop Denial: receiving Intent { act=android.intent.action.SERVICE_STATE flg=0x1000010 pkg=com.android.phone (has extras) } to ProcessRecord{4cd105 2886:com.android.phone/1001} (pid=2886, uid=1001) excludes appop android:read_phone_state due to sender android (uid 1001)
07-24 10:13:03.854  1605  2056 W BroadcastQueue: Appop Denial: receiving Intent { act=android.intent.action.SERVICE_STATE flg=0x1000010 pkg=com.android.phone (has extras) } to ProcessRecord{4cd105 2886:com.android.phone/1001} (pid=2886, uid=1001) excludes appop android:read_phone_state due to sender android (uid 1001)
07-24 10:13:03.854  1605  2056 W BroadcastQueue: Appop Denial: receiving Intent { act=android.intent.action.SERVICE_STATE flg=0x1000010 pkg=com.android.phone (has extras) } to ProcessRecord{4cd105 2886:com.android.phone/1001} (pid=2886, uid=1001) excludes appop android:read_phone_state due to sender android (uid 1001)
07-24 10:13:03.855  1605  4590 W ContextImpl: Calling a method in the system process without a qualified user: android.app.ContextImpl.sendBroadcastMultiplePermissions:1266 com.android.server.TelephonyRegistry.broadcastServiceStateChanged:2957 com.android.server.TelephonyRegistry.notifyServiceStateForPhoneId:1639 com.android.internal.telephony.ITelephonyRegistry$Stub.onTransact:455 android.os.Binder.execTransactInternal:1187
07-24 10:13:03.856  1605  2056 W BroadcastQueue: Skipping delivery of excluded package Intent { act=android.intent.action.SERVICE_STATE flg=0x1000010 (has extras) } to ProcessRecord{4cd105 2886:com.android.phone/1001} (pid=2886, uid=1001) excludes package com.android.phone due to sender android (uid 1001)
07-24 10:13:03.857  1605  2056 W BroadcastQueue: Skipping delivery of excluded package Intent { act=android.intent.action.SERVICE_STATE flg=0x1000010 (has extras) } to ProcessRecord{4cd105 2886:com.android.phone/1001} (pid=2886, uid=1001) excludes package com.android.phone due to sender android (uid 1001)
07-24 10:13:03.857  1605  2056 W BroadcastQueue: Skipping delivery of excluded package Intent { act=android.intent.action.SERVICE_STATE flg=0x1000010 (has extras) } to ProcessRecord{4cd105 2886:com.android.phone/1001} (pid=2886, uid=1001) excludes package com.android.phone due to sender android (uid 1001)
07-24 10:13:03.857  1605  2056 W BroadcastQueue: Permission Denial: receiving Intent { act=android.intent.action.SERVICE_STATE flg=0x1000010 (has extras) } to com.google.android.cellbroadcastreceiver/com.android.cellbroadcastreceiver.CellBroadcastReceiver requires android.permission.READ_PHONE_STATE due to sender android (uid 1001)
07-24 10:13:03.859  1605  2056 W BroadcastQueue: Appop Denial: receiving Intent { act=android.intent.action.SERVICE_STATE flg=0x1000010 (has extras) } to ProcessRecord{518c24e 2830:com.xiaomi.finddevice/6110} (pid=2830, uid=6110) excludes appop android:read_phone_state due to sender android (uid 1001)
07-24 10:13:03.859  1605  2056 W BroadcastQueue: Appop Denial: receiving Intent { act=android.intent.action.SERVICE_STATE flg=0x1000010 (has extras) } to ProcessRecord{844d38b 2898:com.android.systemui/1000} (pid=2898, uid=1000) excludes appop android:read_phone_state due to sender android (uid 1001)
07-24 10:13:03.859  1605  2056 W BroadcastQueue: Appop Denial: receiving Intent { act=android.intent.action.SERVICE_STATE flg=0x1000010 (has extras) } to ProcessRecord{4cd105 2886:com.android.phone/1001} (pid=2886, uid=1001) excludes appopandroid:read_phone_state due to sender android (uid 1001)
07-24 10:13:03.859  1605  2056 W BroadcastQueue: Appop Denial: receiving Intent { act=android.intent.action.SERVICE_STATE flg=0x1000010 (has extras) } to ProcessRecord{4cd105 2886:com.android.phone/1001} (pid=2886, uid=1001) excludes appopandroid:read_phone_state due to sender android (uid 1001)
07-24 10:13:03.859  1605  2056 W BroadcastQueue: Appop Denial: receiving Intent { act=android.intent.action.SERVICE_STATE flg=0x1000010 (has extras) } to ProcessRecord{4cd105 2886:com.android.phone/1001} (pid=2886, uid=1001) excludes appopandroid:read_phone_state due to sender android (uid 1001)
07-24 10:13:06.427  1605  2571 I BatteryService: current mPlugType1current mHealthInfo.batteryLevel15current mHealthInfo.batteryTemperature392
07-24 10:13:06.432  1605  1605 D UiModeManager: updateConfigurationLocked: mDockState=0; mCarMode=false; mCar=false; mPowerSave=false; mComputedNightMode=true; mNightMode=2; uiMode=46
07-24 10:13:06.460  1605  2754 W ContextImpl: Calling a method in the system process without a qualified user: android.app.ContextImpl.sendBroadcastMultiplePermissions:1216 com.android.server.TelephonyRegistry.broadcastServiceStateChanged:2942 com.android.server.TelephonyRegistry.notifyServiceStateForPhoneId:1639 com.android.internal.telephony.ITelephonyRegistry$Stub.onTransact:455 android.os.Binder.execTransactInternal:1187
07-24 10:13:06.462  1605  2754 W ContextImpl: Calling a method in the system process without a qualified user: android.app.ContextImpl.sendBroadcastMultiplePermissions:1266 android.content.Context.sendBroadcastMultiplePermissions:2225 com.android.server.TelephonyRegistry.broadcastServiceStateChanged:2945 com.android.server.TelephonyRegistry.notifyServiceStateForPhoneId:1639 com.android.internal.telephony.ITelephonyRegistry$Stub.onTransact:455
07-24 10:13:06.467  1605  2056 W BroadcastQueue: Appop Denial: receiving Intent { act=android.intent.action.SERVICE_STATE flg=0x1000010 pkg=com.android.phone (has extras) } to ProcessRecord{4cd105 2886:com.android.phone/1001} (pid=2886, uid=1001) excludes appop android:read_phone_state due to sender android (uid 1001)
07-24 10:13:06.467  1605  2056 W BroadcastQueue: Appop Denial: receiving Intent { act=android.intent.action.SERVICE_STATE flg=0x1000010 pkg=com.android.phone (has extras) } to ProcessRecord{4cd105 2886:com.android.phone/1001} (pid=2886, uid=1001) excludes appop android:read_phone_state due to sender android (uid 1001)
07-24 10:13:06.467  1605  2056 W BroadcastQueue: Appop Denial: receiving Intent { act=android.intent.action.SERVICE_STATE flg=0x1000010 pkg=com.android.phone (has extras) } to ProcessRecord{4cd105 2886:com.android.phone/1001} (pid=2886, uid=1001) excludes appop android:read_phone_state due to sender android (uid 1001)
07-24 10:13:06.467  1605  2754 W ContextImpl: Calling a method in the system process without a qualified user: android.app.ContextImpl.sendBroadcastMultiplePermissions:1266 com.android.server.TelephonyRegistry.broadcastServiceStateChanged:2952 com.android.server.TelephonyRegistry.notifyServiceStateForPhoneId:1639 com.android.internal.telephony.ITelephonyRegistry$Stub.onTransact:455 android.os.Binder.execTransactInternal:1187
07-24 10:13:06.469  1605  2754 W ContextImpl: Calling a method in the system process without a qualified user: android.app.ContextImpl.sendBroadcastMultiplePermissions:1266 com.android.server.TelephonyRegistry.broadcastServiceStateChanged:2957 com.android.server.TelephonyRegistry.notifyServiceStateForPhoneId:1639 com.android.internal.telephony.ITelephonyRegistry$Stub.onTransact:455 android.os.Binder.execTransactInternal:1187
07-24 10:13:06.472  1605  2056 W BroadcastQueue: Skipping delivery of excluded package Intent { act=android.intent.action.SERVICE_STATE flg=0x1000010 (has extras) } to ProcessRecord{4cd105 2886:com.android.phone/1001} (pid=2886, uid=1001) excludes package com.android.phone due to sender android (uid 1001)
07-24 10:13:06.472  1605  2056 W BroadcastQueue: Skipping delivery of excluded package Intent { act=android.intent.action.SERVICE_STATE flg=0x1000010 (has extras) } to ProcessRecord{4cd105 2886:com.android.phone/1001} (pid=2886, uid=1001) excludes package com.android.phone due to sender android (uid 1001)
07-24 10:13:06.473  1605  2056 W BroadcastQueue: Skipping delivery of excluded package Intent { act=android.intent.action.SERVICE_STATE flg=0x1000010 (has extras) } to ProcessRecord{4cd105 2886:com.android.phone/1001} (pid=2886, uid=1001) excludes package com.android.phone due to sender android (uid 1001)
07-24 10:13:06.473  1605  2056 W BroadcastQueue: Permission Denial: receiving Intent { act=android.intent.action.SERVICE_STATE flg=0x1000010 (has extras) } to com.google.android.cellbroadcastreceiver/com.android.cellbroadcastreceiver.CellBroadcastReceiver requires android.permission.READ_PHONE_STATE due to sender android (uid 1001)
07-24 10:13:06.476  1605  2056 W BroadcastQueue: Appop Denial: receiving Intent { act=android.intent.action.SERVICE_STATE flg=0x1000010 (has extras) } to ProcessRecord{518c24e 2830:com.xiaomi.finddevice/6110} (pid=2830, uid=6110) excludes appop android:read_phone_state due to sender android (uid 1001)
07-24 10:13:06.476  1605  2056 W BroadcastQueue: Appop Denial: receiving Intent { act=android.intent.action.SERVICE_STATE flg=0x1000010 (has extras) } to ProcessRecord{844d38b 2898:com.android.systemui/1000} (pid=2898, uid=1000) excludes appop android:read_phone_state due to sender android (uid 1001)
07-24 10:13:06.477  1605  2056 W BroadcastQueue: Appop Denial: receiving Intent { act=android.intent.action.SERVICE_STATE flg=0x1000010 (has extras) } to ProcessRecord{4cd105 2886:com.android.phone/1001} (pid=2886, uid=1001) excludes appopandroid:read_phone_state due to sender android (uid 1001)
07-24 10:13:06.477  1605  2056 W BroadcastQueue: Appop Denial: receiving Intent { act=android.intent.action.SERVICE_STATE flg=0x1000010 (has extras) } to ProcessRecord{4cd105 2886:com.android.phone/1001} (pid=2886, uid=1001) excludes appopandroid:read_phone_state due to sender android (uid 1001)
07-24 10:13:06.478  1605  2056 W BroadcastQueue: Appop Denial: receiving Intent { act=android.intent.action.SERVICE_STATE flg=0x1000010 (has extras) } to ProcessRecord{4cd105 2886:com.android.phone/1001} (pid=2886, uid=1001) excludes appopandroid:read_phone_state due to sender android (uid 1001)
07-24 10:13:06.531  1605  2035 D HeapUsage Monitor: HeapAllocSize : 78MB; monitorSize : 500MB
07-24 10:13:09.924  1605  4589 W ProcessStats: Tracking association SourceState{b97c454 system/1000 BTopFgs #344643} whose proc state 2 is better than process ProcessState{8b4d8b1 com.miui.securitycenter.remote/1000 pkg=com.miui.securitycenter} proc state 3 (143 skipped)
07-24 10:13:10.216  1605  2754 W ContextImpl: Calling a method in the system process without a qualified user: android.app.ContextImpl.sendBroadcastMultiplePermissions:1216 com.android.server.TelephonyRegistry.broadcastServiceStateChanged:2942 com.android.server.TelephonyRegistry.notifyServiceStateForPhoneId:1639 com.android.internal.telephony.ITelephonyRegistry$Stub.onTransact:455 android.os.Binder.execTransactInternal:1187
07-24 10:13:10.217  1605  2754 W ContextImpl: Calling a method in the system process without a qualified user: android.app.ContextImpl.sendBroadcastMultiplePermissions:1266 android.content.Context.sendBroadcastMultiplePermissions:2225 com.android.server.TelephonyRegistry.broadcastServiceStateChanged:2945 com.android.server.TelephonyRegistry.notifyServiceStateForPhoneId:1639 com.android.internal.telephony.ITelephonyRegistry$Stub.onTransact:455
07-24 10:13:10.223  1605  2056 W BroadcastQueue: Appop Denial: receiving Intent { act=android.intent.action.SERVICE_STATE flg=0x1000010 pkg=com.android.phone (has extras) } to ProcessRecord{4cd105 2886:com.android.phone/1001} (pid=2886, uid=1001) excludes appop android:read_phone_state due to sender android (uid 1001)
07-24 10:13:10.224  1605  2056 W BroadcastQueue: Appop Denial: receiving Intent { act=android.intent.action.SERVICE_STATE flg=0x1000010 pkg=com.android.phone (has extras) } to ProcessRecord{4cd105 2886:com.android.phone/1001} (pid=2886, uid=1001) excludes appop android:read_phone_state due to sender android (uid 1001)
07-24 10:13:10.224  1605  2056 W BroadcastQueue: Appop Denial: receiving Intent { act=android.intent.action.SERVICE_STATE flg=0x1000010 pkg=com.android.phone (has extras) } to ProcessRecord{4cd105 2886:com.android.phone/1001} (pid=2886, uid=1001) excludes appop android:read_phone_state due to sender android (uid 1001)
07-24 10:13:10.225  1605  2754 W ContextImpl: Calling a method in the system process without a qualified user: android.app.ContextImpl.sendBroadcastMultiplePermissions:1266 com.android.server.TelephonyRegistry.broadcastServiceStateChanged:2952 com.android.server.TelephonyRegistry.notifyServiceStateForPhoneId:1639 com.android.internal.telephony.ITelephonyRegistry$Stub.onTransact:455 android.os.Binder.execTransactInternal:1187
07-24 10:13:10.227  1605  2754 W ContextImpl: Calling a method in the system process without a qualified user: android.app.ContextImpl.sendBroadcastMultiplePermissions:1266 com.android.server.TelephonyRegistry.broadcastServiceStateChanged:2957 com.android.server.TelephonyRegistry.notifyServiceStateForPhoneId:1639 com.android.internal.telephony.ITelephonyRegistry$Stub.onTransact:455 android.os.Binder.execTransactInternal:1187
07-24 10:13:10.229  1605  2056 W BroadcastQueue: Skipping delivery of excluded package Intent { act=android.intent.action.SERVICE_STATE flg=0x1000010 (has extras) } to ProcessRecord{4cd105 2886:com.android.phone/1001} (pid=2886, uid=1001) excludes package com.android.phone due to sender android (uid 1001)
07-24 10:13:10.230  1605  2056 W BroadcastQueue: Skipping delivery of excluded package Intent { act=android.intent.action.SERVICE_STATE flg=0x1000010 (has extras) } to ProcessRecord{4cd105 2886:com.android.phone/1001} (pid=2886, uid=1001) excludes package com.android.phone due to sender android (uid 1001)
07-24 10:13:10.231  1605  2056 W BroadcastQueue: Skipping delivery of excluded package Intent { act=android.intent.action.SERVICE_STATE flg=0x1000010 (has extras) } to ProcessRecord{4cd105 2886:com.android.phone/1001} (pid=2886, uid=1001) excludes package com.android.phone due to sender android (uid 1001)
07-24 10:13:10.232  1605  2056 W BroadcastQueue: Permission Denial: receiving Intent { act=android.intent.action.SERVICE_STATE flg=0x1000010 (has extras) } to com.google.android.cellbroadcastreceiver/com.android.cellbroadcastreceiver.CellBroadcastReceiver requires android.permission.READ_PHONE_STATE due to sender android (uid 1001)
07-24 10:13:10.236  1605  2056 W BroadcastQueue: Appop Denial: receiving Intent { act=android.intent.action.SERVICE_STATE flg=0x1000010 (has extras) } to ProcessRecord{518c24e 2830:com.xiaomi.finddevice/6110} (pid=2830, uid=6110) excludes appop android:read_phone_state due to sender android (uid 1001)
07-24 10:13:10.236  1605  2056 W BroadcastQueue: Appop Denial: receiving Intent { act=android.intent.action.SERVICE_STATE flg=0x1000010 (has extras) } to ProcessRecord{844d38b 2898:com.android.systemui/1000} (pid=2898, uid=1000) excludes appop android:read_phone_state due to sender android (uid 1001)
07-24 10:13:10.237  1605  2056 W BroadcastQueue: Appop Denial: receiving Intent { act=android.intent.action.SERVICE_STATE flg=0x1000010 (has extras) } to ProcessRecord{4cd105 2886:com.android.phone/1001} (pid=2886, uid=1001) excludes appopandroid:read_phone_state due to sender android (uid 1001)
07-24 10:13:10.237  1605  2056 W BroadcastQueue: Appop Denial: receiving Intent { act=android.intent.action.SERVICE_STATE flg=0x1000010 (has extras) } to ProcessRecord{4cd105 2886:com.android.phone/1001} (pid=2886, uid=1001) excludes appopandroid:read_phone_state due to sender android (uid 1001)
07-24 10:13:10.237  1605  2056 W BroadcastQueue: Appop Denial: receiving Intent { act=android.intent.action.SERVICE_STATE flg=0x1000010 (has extras) } to ProcessRecord{4cd105 2886:com.android.phone/1001} (pid=2886, uid=1001) excludes appopandroid:read_phone_state due to sender android (uid 1001)
07-24 10:13:12.817  1605  4570 W ContextImpl: Calling a method in the system process without a qualified user: android.app.ContextImpl.sendBroadcastMultiplePermissions:1216 com.android.server.TelephonyRegistry.broadcastServiceStateChanged:2942 com.android.server.TelephonyRegistry.notifyServiceStateForPhoneId:1639 com.android.internal.telephony.ITelephonyRegistry$Stub.onTransact:455 android.os.Binder.execTransactInternal:1187
07-24 10:13:12.819  1605  4570 W ContextImpl: Calling a method in the system process without a qualified user: android.app.ContextImpl.sendBroadcastMultiplePermissions:1266 android.content.Context.sendBroadcastMultiplePermissions:2225 com.android.server.TelephonyRegistry.broadcastServiceStateChanged:2945 com.android.server.TelephonyRegistry.notifyServiceStateForPhoneId:1639 com.android.internal.telephony.ITelephonyRegistry$Stub.onTransact:455
07-24 10:13:12.825  1605  2056 W BroadcastQueue: Appop Denial: receiving Intent { act=android.intent.action.SERVICE_STATE flg=0x1000010 pkg=com.android.phone (has extras) } to ProcessRecord{4cd105 2886:com.android.phone/1001} (pid=2886, uid=1001) excludes appop android:read_phone_state due to sender android (uid 1001)
07-24 10:13:12.825  1605  4570 W ContextImpl: Calling a method in the system process without a qualified user: android.app.ContextImpl.sendBroadcastMultiplePermissions:1266 com.android.server.TelephonyRegistry.broadcastServiceStateChanged:2952 com.android.server.TelephonyRegistry.notifyServiceStateForPhoneId:1639 com.android.internal.telephony.ITelephonyRegistry$Stub.onTransact:455 android.os.Binder.execTransactInternal:1187
07-24 10:13:12.825  1605  2056 W BroadcastQueue: Appop Denial: receiving Intent { act=android.intent.action.SERVICE_STATE flg=0x1000010 pkg=com.android.phone (has extras) } to ProcessRecord{4cd105 2886:com.android.phone/1001} (pid=2886, uid=1001) excludes appop android:read_phone_state due to sender android (uid 1001)
07-24 10:13:12.825  1605  2056 W BroadcastQueue: Appop Denial: receiving Intent { act=android.intent.action.SERVICE_STATE flg=0x1000010 pkg=com.android.phone (has extras) } to ProcessRecord{4cd105 2886:com.android.phone/1001} (pid=2886, uid=1001) excludes appop android:read_phone_state due to sender android (uid 1001)
07-24 10:13:12.828  1605  4570 W ContextImpl: Calling a method in the system process without a qualified user: android.app.ContextImpl.sendBroadcastMultiplePermissions:1266 com.android.server.TelephonyRegistry.broadcastServiceStateChanged:2957 com.android.server.TelephonyRegistry.notifyServiceStateForPhoneId:1639 com.android.internal.telephony.ITelephonyRegistry$Stub.onTransact:455 android.os.Binder.execTransactInternal:1187
07-24 10:13:12.838  1605  2056 W BroadcastQueue: Skipping delivery of excluded package Intent { act=android.intent.action.SERVICE_STATE flg=0x1000010 (has extras) } to ProcessRecord{4cd105 2886:com.android.phone/1001} (pid=2886, uid=1001) excludes package com.android.phone due to sender android (uid 1001)
07-24 10:13:12.838  1605  2056 W BroadcastQueue: Skipping delivery of excluded package Intent { act=android.intent.action.SERVICE_STATE flg=0x1000010 (has extras) } to ProcessRecord{4cd105 2886:com.android.phone/1001} (pid=2886, uid=1001) excludes package com.android.phone due to sender android (uid 1001)
07-24 10:13:12.839  1605  2056 W BroadcastQueue: Skipping delivery of excluded package Intent { act=android.intent.action.SERVICE_STATE flg=0x1000010 (has extras) } to ProcessRecord{4cd105 2886:com.android.phone/1001} (pid=2886, uid=1001) excludes package com.android.phone due to sender android (uid 1001)
07-24 10:13:12.839  1605  2056 W BroadcastQueue: Appop Denial: receiving Intent { act=android.intent.action.SERVICE_STATE flg=0x1000010 (has extras) } to ProcessRecord{518c24e 2830:com.xiaomi.finddevice/6110} (pid=2830, uid=6110) excludes appop android:read_phone_state due to sender android (uid 1001)
07-24 10:13:12.839  1605  2056 W BroadcastQueue: Appop Denial: receiving Intent { act=android.intent.action.SERVICE_STATE flg=0x1000010 (has extras) } to ProcessRecord{844d38b 2898:com.android.systemui/1000} (pid=2898, uid=1000) excludes appop android:read_phone_state due to sender android (uid 1001)
07-24 10:13:12.839  1605  2056 W BroadcastQueue: Appop Denial: receiving Intent { act=android.intent.action.SERVICE_STATE flg=0x1000010 (has extras) } to ProcessRecord{4cd105 2886:com.android.phone/1001} (pid=2886, uid=1001) excludes appopandroid:read_phone_state due to sender android (uid 1001)
07-24 10:13:12.840  1605  2056 W BroadcastQueue: Appop Denial: receiving Intent { act=android.intent.action.SERVICE_STATE flg=0x1000010 (has extras) } to ProcessRecord{4cd105 2886:com.android.phone/1001} (pid=2886, uid=1001) excludes appopandroid:read_phone_state due to sender android (uid 1001)
07-24 10:13:12.840  1605  2056 W BroadcastQueue: Appop Denial: receiving Intent { act=android.intent.action.SERVICE_STATE flg=0x1000010 (has extras) } to ProcessRecord{4cd105 2886:com.android.phone/1001} (pid=2886, uid=1001) excludes appopandroid:read_phone_state due to sender android (uid 1001)
07-24 10:13:12.840  1605  2056 W BroadcastQueue: Permission Denial: receiving Intent { act=android.intent.action.SERVICE_STATE flg=0x1000010 (has extras) } to com.google.android.cellbroadcastreceiver/com.android.cellbroadcastreceiver.CellBroadcastReceiver requires android.permission.READ_PHONE_STATE due to sender android (uid 1001)
07-24 10:13:14.615  1605  2571 I BatteryService: current mPlugType1current mHealthInfo.batteryLevel15current mHealthInfo.batteryTemperature393
07-24 10:13:14.619  1605  1605 D UiModeManager: updateConfigurationLocked: mDockState=0; mCarMode=false; mCar=false; mPowerSave=false; mComputedNightMode=true; mNightMode=2; uiMode=46
07-24 10:13:16.709  1605  2754 W ContextImpl: Calling a method in the system process without a qualified user: android.app.ContextImpl.sendBroadcastMultiplePermissions:1216 com.android.server.TelephonyRegistry.broadcastServiceStateChanged:2942 com.android.server.TelephonyRegistry.notifyServiceStateForPhoneId:1639 com.android.internal.telephony.ITelephonyRegistry$Stub.onTransact:455 android.os.Binder.execTransactInternal:1187
07-24 10:13:16.711  1605  2754 W ContextImpl: Calling a method in the system process without a qualified user: android.app.ContextImpl.sendBroadcastMultiplePermissions:1266 android.content.Context.sendBroadcastMultiplePermissions:2225 com.android.server.TelephonyRegistry.broadcastServiceStateChanged:2945 com.android.server.TelephonyRegistry.notifyServiceStateForPhoneId:1639 com.android.internal.telephony.ITelephonyRegistry$Stub.onTransact:455
07-24 10:13:16.717  1605  2056 W BroadcastQueue: Appop Denial: receiving Intent { act=android.intent.action.SERVICE_STATE flg=0x1000010 pkg=com.android.phone (has extras) } to ProcessRecord{4cd105 2886:com.android.phone/1001} (pid=2886, uid=1001) excludes appop android:read_phone_state due to sender android (uid 1001)
07-24 10:13:16.718  1605  2056 W BroadcastQueue: Appop Denial: receiving Intent { act=android.intent.action.SERVICE_STATE flg=0x1000010 pkg=com.android.phone (has extras) } to ProcessRecord{4cd105 2886:com.android.phone/1001} (pid=2886, uid=1001) excludes appop android:read_phone_state due to sender android (uid 1001)
07-24 10:13:16.718  1605  2754 W ContextImpl: Calling a method in the system process without a qualified user: android.app.ContextImpl.sendBroadcastMultiplePermissions:1266 com.android.server.TelephonyRegistry.broadcastServiceStateChanged:2952 com.android.server.TelephonyRegistry.notifyServiceStateForPhoneId:1639 com.android.internal.telephony.ITelephonyRegistry$Stub.onTransact:455 android.os.Binder.execTransactInternal:1187
07-24 10:13:16.718  1605  2056 W BroadcastQueue: Appop Denial: receiving Intent { act=android.intent.action.SERVICE_STATE flg=0x1000010 pkg=com.android.phone (has extras) } to ProcessRecord{4cd105 2886:com.android.phone/1001} (pid=2886, uid=1001) excludes appop android:read_phone_state due to sender android (uid 1001)
07-24 10:13:16.721  1605  2754 W ContextImpl: Calling a method in the system process without a qualified user: android.app.ContextImpl.sendBroadcastMultiplePermissions:1266 com.android.server.TelephonyRegistry.broadcastServiceStateChanged:2957 com.android.server.TelephonyRegistry.notifyServiceStateForPhoneId:1639 com.android.internal.telephony.ITelephonyRegistry$Stub.onTransact:455 android.os.Binder.execTransactInternal:1187
07-24 10:13:16.723  1605  2056 W BroadcastQueue: Skipping delivery of excluded package Intent { act=android.intent.action.SERVICE_STATE flg=0x1000010 (has extras) } to ProcessRecord{4cd105 2886:com.android.phone/1001} (pid=2886, uid=1001) excludes package com.android.phone due to sender android (uid 1001)
07-24 10:13:16.724  1605  2056 W BroadcastQueue: Skipping delivery of excluded package Intent { act=android.intent.action.SERVICE_STATE flg=0x1000010 (has extras) } to ProcessRecord{4cd105 2886:com.android.phone/1001} (pid=2886, uid=1001) excludes package com.android.phone due to sender android (uid 1001)
07-24 10:13:16.725  1605  2056 W BroadcastQueue: Skipping delivery of excluded package Intent { act=android.intent.action.SERVICE_STATE flg=0x1000010 (has extras) } to ProcessRecord{4cd105 2886:com.android.phone/1001} (pid=2886, uid=1001) excludes package com.android.phone due to sender android (uid 1001)
07-24 10:13:16.725  1605  2056 W BroadcastQueue: Permission Denial: receiving Intent { act=android.intent.action.SERVICE_STATE flg=0x1000010 (has extras) } to com.google.android.cellbroadcastreceiver/com.android.cellbroadcastreceiver.CellBroadcastReceiver requires android.permission.READ_PHONE_STATE due to sender android (uid 1001)
07-24 10:13:16.728  1605  2056 W BroadcastQueue: Appop Denial: receiving Intent { act=android.intent.action.SERVICE_STATE flg=0x1000010 (has extras) } to ProcessRecord{518c24e 2830:com.xiaomi.finddevice/6110} (pid=2830, uid=6110) excludes appop android:read_phone_state due to sender android (uid 1001)
07-24 10:13:16.728  1605  2056 W BroadcastQueue: Appop Denial: receiving Intent { act=android.intent.action.SERVICE_STATE flg=0x1000010 (has extras) } to ProcessRecord{844d38b 2898:com.android.systemui/1000} (pid=2898, uid=1000) excludes appop android:read_phone_state due to sender android (uid 1001)
07-24 10:13:16.728  1605  2056 W BroadcastQueue: Appop Denial: receiving Intent { act=android.intent.action.SERVICE_STATE flg=0x1000010 (has extras) } to ProcessRecord{4cd105 2886:com.android.phone/1001} (pid=2886, uid=1001) excludes appopandroid:read_phone_state due to sender android (uid 1001)
07-24 10:13:16.729  1605  2056 W BroadcastQueue: Appop Denial: receiving Intent { act=android.intent.action.SERVICE_STATE flg=0x1000010 (has extras) } to ProcessRecord{4cd105 2886:com.android.phone/1001} (pid=2886, uid=1001) excludes appopandroid:read_phone_state due to sender android (uid 1001)
07-24 10:13:16.729  1605  2056 W BroadcastQueue: Appop Denial: receiving Intent { act=android.intent.action.SERVICE_STATE flg=0x1000010 (has extras) } to ProcessRecord{4cd105 2886:com.android.phone/1001} (pid=2886, uid=1001) excludes appopandroid:read_phone_state due to sender android (uid 1001)
07-24 10:13:19.298  1605  2754 W ContextImpl: Calling a method in the system process without a qualified user: android.app.ContextImpl.sendBroadcastMultiplePermissions:1216 com.android.server.TelephonyRegistry.broadcastServiceStateChanged:2942 com.android.server.TelephonyRegistry.notifyServiceStateForPhoneId:1639 com.android.internal.telephony.ITelephonyRegistry$Stub.onTransact:455 android.os.Binder.execTransactInternal:1187
07-24 10:13:19.300  1605  2754 W ContextImpl: Calling a method in the system process without a qualified user: android.app.ContextImpl.sendBroadcastMultiplePermissions:1266 android.content.Context.sendBroadcastMultiplePermissions:2225 com.android.server.TelephonyRegistry.broadcastServiceStateChanged:2945 com.android.server.TelephonyRegistry.notifyServiceStateForPhoneId:1639 com.android.internal.telephony.ITelephonyRegistry$Stub.onTransact:455
07-24 10:13:19.310  1605  2056 W BroadcastQueue: Appop Denial: receiving Intent { act=android.intent.action.SERVICE_STATE flg=0x1000010 pkg=com.android.phone (has extras) } to ProcessRecord{4cd105 2886:com.android.phone/1001} (pid=2886, uid=1001) excludes appop android:read_phone_state due to sender android (uid 1001)
07-24 10:13:19.310  1605  2056 W BroadcastQueue: Appop Denial: receiving Intent { act=android.intent.action.SERVICE_STATE flg=0x1000010 pkg=com.android.phone (has extras) } to ProcessRecord{4cd105 2886:com.android.phone/1001} (pid=2886, uid=1001) excludes appop android:read_phone_state due to sender android (uid 1001)
07-24 10:13:19.310  1605  2056 W BroadcastQueue: Appop Denial: receiving Intent { act=android.intent.action.SERVICE_STATE flg=0x1000010 pkg=com.android.phone (has extras) } to ProcessRecord{4cd105 2886:com.android.phone/1001} (pid=2886, uid=1001) excludes appop android:read_phone_state due to sender android (uid 1001)
07-24 10:13:19.311  1605  2754 W ContextImpl: Calling a method in the system process without a qualified user: android.app.ContextImpl.sendBroadcastMultiplePermissions:1266 com.android.server.TelephonyRegistry.broadcastServiceStateChanged:2952 com.android.server.TelephonyRegistry.notifyServiceStateForPhoneId:1639 com.android.internal.telephony.ITelephonyRegistry$Stub.onTransact:455 android.os.Binder.execTransactInternal:1187
07-24 10:13:19.313  1605  2754 W ContextImpl: Calling a method in the system process without a qualified user: android.app.ContextImpl.sendBroadcastMultiplePermissions:1266 com.android.server.TelephonyRegistry.broadcastServiceStateChanged:2957 com.android.server.TelephonyRegistry.notifyServiceStateForPhoneId:1639 com.android.internal.telephony.ITelephonyRegistry$Stub.onTransact:455 android.os.Binder.execTransactInternal:1187
07-24 10:13:19.318  1605  2056 W BroadcastQueue: Skipping delivery of excluded package Intent { act=android.intent.action.SERVICE_STATE flg=0x1000010 (has extras) } to ProcessRecord{4cd105 2886:com.android.phone/1001} (pid=2886, uid=1001) excludes package com.android.phone due to sender android (uid 1001)
07-24 10:13:19.319  1605  2056 W BroadcastQueue: Skipping delivery of excluded package Intent { act=android.intent.action.SERVICE_STATE flg=0x1000010 (has extras) } to ProcessRecord{4cd105 2886:com.android.phone/1001} (pid=2886, uid=1001) excludes package com.android.phone due to sender android (uid 1001)
07-24 10:13:19.319  1605  2056 W BroadcastQueue: Skipping delivery of excluded package Intent { act=android.intent.action.SERVICE_STATE flg=0x1000010 (has extras) } to ProcessRecord{4cd105 2886:com.android.phone/1001} (pid=2886, uid=1001) excludes package com.android.phone due to sender android (uid 1001)
07-24 10:13:19.320  1605  2056 W BroadcastQueue: Appop Denial: receiving Intent { act=android.intent.action.SERVICE_STATE flg=0x1000010 (has extras) } to ProcessRecord{518c24e 2830:com.xiaomi.finddevice/6110} (pid=2830, uid=6110) excludes appop android:read_phone_state due to sender android (uid 1001)
07-24 10:13:19.320  1605  2056 W BroadcastQueue: Appop Denial: receiving Intent { act=android.intent.action.SERVICE_STATE flg=0x1000010 (has extras) } to ProcessRecord{844d38b 2898:com.android.systemui/1000} (pid=2898, uid=1000) excludes appop android:read_phone_state due to sender android (uid 1001)
07-24 10:13:19.320  1605  2056 W BroadcastQueue: Appop Denial: receiving Intent { act=android.intent.action.SERVICE_STATE flg=0x1000010 (has extras) } to ProcessRecord{4cd105 2886:com.android.phone/1001} (pid=2886, uid=1001) excludes appopandroid:read_phone_state due to sender android (uid 1001)
07-24 10:13:19.320  1605  2056 W BroadcastQueue: Appop Denial: receiving Intent { act=android.intent.action.SERVICE_STATE flg=0x1000010 (has extras) } to ProcessRecord{4cd105 2886:com.android.phone/1001} (pid=2886, uid=1001) excludes appopandroid:read_phone_state due to sender android (uid 1001)
07-24 10:13:19.320  1605  2056 W BroadcastQueue: Appop Denial: receiving Intent { act=android.intent.action.SERVICE_STATE flg=0x1000010 (has extras) } to ProcessRecord{4cd105 2886:com.android.phone/1001} (pid=2886, uid=1001) excludes appopandroid:read_phone_state due to sender android (uid 1001)
07-24 10:13:19.321  1605  2056 W BroadcastQueue: Permission Denial: receiving Intent { act=android.intent.action.SERVICE_STATE flg=0x1000010 (has extras) } to com.google.android.cellbroadcastreceiver/com.android.cellbroadcastreceiver.CellBroadcastReceiver requires android.permission.READ_PHONE_STATE due to sender android (uid 1001)
07-24 10:13:22.826  1605  2571 I BatteryService: current mPlugType1current mHealthInfo.batteryLevel15current mHealthInfo.batteryTemperature394
07-24 10:13:22.829  1605  1605 D UiModeManager: updateConfigurationLocked: mDockState=0; mCarMode=false; mCar=false; mPowerSave=false; mComputedNightMode=true; mNightMode=2; uiMode=46
07-24 10:13:22.951  1605  4590 W ContextImpl: Calling a method in the system process without a qualified user: android.app.ContextImpl.sendBroadcastMultiplePermissions:1216 com.android.server.TelephonyRegistry.broadcastServiceStateChanged:2942 com.android.server.TelephonyRegistry.notifyServiceStateForPhoneId:1639 com.android.internal.telephony.ITelephonyRegistry$Stub.onTransact:455 android.os.Binder.execTransactInternal:1187
07-24 10:13:22.953  1605  4590 W ContextImpl: Calling a method in the system process without a qualified user: android.app.ContextImpl.sendBroadcastMultiplePermissions:1266 android.content.Context.sendBroadcastMultiplePermissions:2225 com.android.server.TelephonyRegistry.broadcastServiceStateChanged:2945 com.android.server.TelephonyRegistry.notifyServiceStateForPhoneId:1639 com.android.internal.telephony.ITelephonyRegistry$Stub.onTransact:455
07-24 10:13:22.958  1605  2056 W BroadcastQueue: Appop Denial: receiving Intent { act=android.intent.action.SERVICE_STATE flg=0x1000010 pkg=com.android.phone (has extras) } to ProcessRecord{4cd105 2886:com.android.phone/1001} (pid=2886, uid=1001) excludes appop android:read_phone_state due to sender android (uid 1001)
07-24 10:13:22.958  1605  2056 W BroadcastQueue: Appop Denial: receiving Intent { act=android.intent.action.SERVICE_STATE flg=0x1000010 pkg=com.android.phone (has extras) } to ProcessRecord{4cd105 2886:com.android.phone/1001} (pid=2886, uid=1001) excludes appop android:read_phone_state due to sender android (uid 1001)
07-24 10:13:22.958  1605  2056 W BroadcastQueue: Appop Denial: receiving Intent { act=android.intent.action.SERVICE_STATE flg=0x1000010 pkg=com.android.phone (has extras) } to ProcessRecord{4cd105 2886:com.android.phone/1001} (pid=2886, uid=1001) excludes appop android:read_phone_state due to sender android (uid 1001)
07-24 10:13:22.958  1605  4590 W ContextImpl: Calling a method in the system process without a qualified user: android.app.ContextImpl.sendBroadcastMultiplePermissions:1266 com.android.server.TelephonyRegistry.broadcastServiceStateChanged:2952 com.android.server.TelephonyRegistry.notifyServiceStateForPhoneId:1639 com.android.internal.telephony.ITelephonyRegistry$Stub.onTransact:455 android.os.Binder.execTransactInternal:1187
07-24 10:13:22.959  1605  4590 W ContextImpl: Calling a method in the system process without a qualified user: android.app.ContextImpl.sendBroadcastMultiplePermissions:1266 com.android.server.TelephonyRegistry.broadcastServiceStateChanged:2957 com.android.server.TelephonyRegistry.notifyServiceStateForPhoneId:1639 com.android.internal.telephony.ITelephonyRegistry$Stub.onTransact:455 android.os.Binder.execTransactInternal:1187
07-24 10:13:22.964  1605  2056 W BroadcastQueue: Skipping delivery of excluded package Intent { act=android.intent.action.SERVICE_STATE flg=0x1000010 (has extras) } to ProcessRecord{4cd105 2886:com.android.phone/1001} (pid=2886, uid=1001) excludes package com.android.phone due to sender android (uid 1001)
07-24 10:13:22.965  1605  2056 W BroadcastQueue: Skipping delivery of excluded package Intent { act=android.intent.action.SERVICE_STATE flg=0x1000010 (has extras) } to ProcessRecord{4cd105 2886:com.android.phone/1001} (pid=2886, uid=1001) excludes package com.android.phone due to sender android (uid 1001)
07-24 10:13:22.965  1605  2056 W BroadcastQueue: Skipping delivery of excluded package Intent { act=android.intent.action.SERVICE_STATE flg=0x1000010 (has extras) } to ProcessRecord{4cd105 2886:com.android.phone/1001} (pid=2886, uid=1001) excludes package com.android.phone due to sender android (uid 1001)
07-24 10:13:22.965  1605  2056 W BroadcastQueue: Appop Denial: receiving Intent { act=android.intent.action.SERVICE_STATE flg=0x1000010 (has extras) } to ProcessRecord{518c24e 2830:com.xiaomi.finddevice/6110} (pid=2830, uid=6110) excludes appop android:read_phone_state due to sender android (uid 1001)
07-24 10:13:22.966  1605  2056 W BroadcastQueue: Appop Denial: receiving Intent { act=android.intent.action.SERVICE_STATE flg=0x1000010 (has extras) } to ProcessRecord{844d38b 2898:com.android.systemui/1000} (pid=2898, uid=1000) excludes appop android:read_phone_state due to sender android (uid 1001)
07-24 10:13:22.966  1605  2056 W BroadcastQueue: Appop Denial: receiving Intent { act=android.intent.action.SERVICE_STATE flg=0x1000010 (has extras) } to ProcessRecord{4cd105 2886:com.android.phone/1001} (pid=2886, uid=1001) excludes appopandroid:read_phone_state due to sender android (uid 1001)
07-24 10:13:22.966  1605  2056 W BroadcastQueue: Appop Denial: receiving Intent { act=android.intent.action.SERVICE_STATE flg=0x1000010 (has extras) } to ProcessRecord{4cd105 2886:com.android.phone/1001} (pid=2886, uid=1001) excludes appopandroid:read_phone_state due to sender android (uid 1001)
07-24 10:13:22.966  1605  2056 W BroadcastQueue: Appop Denial: receiving Intent { act=android.intent.action.SERVICE_STATE flg=0x1000010 (has extras) } to ProcessRecord{4cd105 2886:com.android.phone/1001} (pid=2886, uid=1001) excludes appopandroid:read_phone_state due to sender android (uid 1001)
07-24 10:13:22.966  1605  2056 W BroadcastQueue: Permission Denial: receiving Intent { act=android.intent.action.SERVICE_STATE flg=0x1000010 (has extras) } to com.google.android.cellbroadcastreceiver/com.android.cellbroadcastreceiver.CellBroadcastReceiver requires android.permission.READ_PHONE_STATE due to sender android (uid 1001)
07-24 10:13:24.219  1605  2048 W ActivityManager: Unable to start service Intent { cmp=com.miui.powerkeeper/.perfshielder.PerfShielderStatisticsService } U=0: not found
07-24 10:13:24.220  1605  2048 V PerfShielderService: Miui powerkeeper: can't bind to com.miui.powerkeeper.perfshielder.PerfShielderStatisticsService
07-24 10:13:24.404  1605  2571 I BatteryService: current mPlugType1current mHealthInfo.batteryLevel15current mHealthInfo.batteryTemperature394
07-24 10:13:24.409  1605  1605 D UiModeManager: updateConfigurationLocked: mDockState=0; mCarMode=false; mCar=false; mPowerSave=false; mComputedNightMode=true; mNightMode=2; uiMode=46
07-24 10:13:25.673  1605  4590 W ContextImpl: Calling a method in the system process without a qualified user: android.app.ContextImpl.sendBroadcastMultiplePermissions:1216 com.android.server.TelephonyRegistry.broadcastServiceStateChanged:2942 com.android.server.TelephonyRegistry.notifyServiceStateForPhoneId:1639 com.android.internal.telephony.ITelephonyRegistry$Stub.onTransact:455 android.os.Binder.execTransactInternal:1187
07-24 10:13:25.674  1605  4590 W ContextImpl: Calling a method in the system process without a qualified user: android.app.ContextImpl.sendBroadcastMultiplePermissions:1266 android.content.Context.sendBroadcastMultiplePermissions:2225 com.android.server.TelephonyRegistry.broadcastServiceStateChanged:2945 com.android.server.TelephonyRegistry.notifyServiceStateForPhoneId:1639 com.android.internal.telephony.ITelephonyRegistry$Stub.onTransact:455
07-24 10:13:25.677  1605  2056 W BroadcastQueue: Appop Denial: receiving Intent { act=android.intent.action.SERVICE_STATE flg=0x1000010 pkg=com.android.phone (has extras) } to ProcessRecord{4cd105 2886:com.android.phone/1001} (pid=2886, uid=1001) excludes appop android:read_phone_state due to sender android (uid 1001)
07-24 10:13:25.678  1605  4590 W ContextImpl: Calling a method in the system process without a qualified user: android.app.ContextImpl.sendBroadcastMultiplePermissions:1266 com.android.server.TelephonyRegistry.broadcastServiceStateChanged:2952 com.android.server.TelephonyRegistry.notifyServiceStateForPhoneId:1639 com.android.internal.telephony.ITelephonyRegistry$Stub.onTransact:455 android.os.Binder.execTransactInternal:1187
07-24 10:13:25.678  1605  2056 W BroadcastQueue: Appop Denial: receiving Intent { act=android.intent.action.SERVICE_STATE flg=0x1000010 pkg=com.android.phone (has extras) } to ProcessRecord{4cd105 2886:com.android.phone/1001} (pid=2886, uid=1001) excludes appop android:read_phone_state due to sender android (uid 1001)
07-24 10:13:25.678  1605  2056 W BroadcastQueue: Appop Denial: receiving Intent { act=android.intent.action.SERVICE_STATE flg=0x1000010 pkg=com.android.phone (has extras) } to ProcessRecord{4cd105 2886:com.android.phone/1001} (pid=2886, uid=1001) excludes appop android:read_phone_state due to sender android (uid 1001)
07-24 10:13:25.680  1605  4590 W ContextImpl: Calling a method in the system process without a qualified user: android.app.ContextImpl.sendBroadcastMultiplePermissions:1266 com.android.server.TelephonyRegistry.broadcastServiceStateChanged:2957 com.android.server.TelephonyRegistry.notifyServiceStateForPhoneId:1639 com.android.internal.telephony.ITelephonyRegistry$Stub.onTransact:455 android.os.Binder.execTransactInternal:1187
07-24 10:13:25.682  1605  2056 W BroadcastQueue: Skipping delivery of excluded package Intent { act=android.intent.action.SERVICE_STATE flg=0x1000010 (has extras) } to ProcessRecord{4cd105 2886:com.android.phone/1001} (pid=2886, uid=1001) excludes package com.android.phone due to sender android (uid 1001)
07-24 10:13:25.682  1605  2056 W BroadcastQueue: Skipping delivery of excluded package Intent { act=android.intent.action.SERVICE_STATE flg=0x1000010 (has extras) } to ProcessRecord{4cd105 2886:com.android.phone/1001} (pid=2886, uid=1001) excludes package com.android.phone due to sender android (uid 1001)
07-24 10:13:25.683  1605  2056 W BroadcastQueue: Skipping delivery of excluded package Intent { act=android.intent.action.SERVICE_STATE flg=0x1000010 (has extras) } to ProcessRecord{4cd105 2886:com.android.phone/1001} (pid=2886, uid=1001) excludes package com.android.phone due to sender android (uid 1001)
07-24 10:13:25.683  1605  2056 W BroadcastQueue: Permission Denial: receiving Intent { act=android.intent.action.SERVICE_STATE flg=0x1000010 (has extras) } to com.google.android.cellbroadcastreceiver/com.android.cellbroadcastreceiver.CellBroadcastReceiver requires android.permission.READ_PHONE_STATE due to sender android (uid 1001)
