07-24 10:16:02.800  1605  1730 D BackupTransportManager: Transport com.google.android.gms/.backup.BackupTransportService updated its attributes
07-24 10:16:02.811  1605  2056 D CompatibilityChangeReporter: Compat change id reported: 177438394; UID 10205; state: DISABLED
07-24 10:16:02.812  1605  2056 D CompatibilityChangeReporter: Compat change id reported: 135772972; UID 10205; state: DISABLED
07-24 10:16:02.812  1605  2056 D CompatibilityChangeReporter: Compat change id reported: 135754954; UID 10205; state: ENABLED
07-24 10:16:02.812  1605  2057 D CompatibilityChangeReporter: Compat change id reported: 143937733; UID 10205; state: ENABLED
07-24 10:16:02.826  1605  2057 D Boost   : hostingType=broadcast, hostingName={com.google.android.contacts/com.google.android.libraries.phenotype.client.stable.PhenotypeUpdateBackgroundBroadcastReceiver}, callerPackage=com.google.android.gms, isSystem=true, isBoostNeeded=false.
07-24 10:16:02.832  1605  2057 I ActivityManager: Start proc 27579:com.google.android.contacts/u0a205 for broadcast {com.google.android.contacts/com.google.android.libraries.phenotype.client.stable.PhenotypeUpdateBackgroundBroadcastReceiver} caller=com.google.android.gms
07-24 10:16:02.851  1605  1605 I TransportClient: BackupTransportService#1224: Notifying [AppBackupUtils.appIsRunningAndEligibleForBackupWithTransport] transport = IBackupTransport
07-24 10:16:02.852  1605  1605 I TransportClient: BackupTransportService#1227: Notifying [AppBackupUtils.appIsRunningAndEligibleForBackupWithTransport] transport = IBackupTransport
07-24 10:16:02.858  1605  4581 D BackupTransportManager: Transport com.google.android.gms/.backup.BackupTransportService updated its attributes
07-24 10:16:02.873  1605  4595 I SmartPower.com.google.android.contacts/10205(27579): died->background(6712034ms) R(process start ) adj=-10000.
07-24 10:16:02.874  1605  2597 I SmartPower: com.google.android.contacts/10205 state=died adj=925 proc size=1 move to background process start
07-24 10:16:02.900  1605  1605 I TransportClient: BackupTransportService#1231: Notifying [AppBackupUtils.appIsRunningAndEligibleForBackupWithTransport] transport = IBackupTransport
07-24 10:16:02.901  1605  1605 I TransportClient: BackupTransportService#1228: Notifying [AppBackupUtils.appIsRunningAndEligibleForBackupWithTransport] transport = IBackupTransport
07-24 10:16:02.906  1605  4613 D BackupTransportManager: Transport com.google.android.gms/.backup.BackupTransportService updated its attributes
07-24 10:16:02.944  1605  1605 I TransportClient: BackupTransportService#1235: Notifying [AppBackupUtils.appIsRunningAndEligibleForBackupWithTransport] transport = IBackupTransport
07-24 10:16:02.945  1605  1605 I TransportClient: BackupTransportService#1233: Notifying [AppBackupUtils.appIsRunningAndEligibleForBackupWithTransport] transport = IBackupTransport
07-24 10:16:02.950  1605  1730 D BackupTransportManager: Transport com.google.android.gms/.backup.BackupTransportService updated its attributes
07-24 10:16:02.959  1605  1605 I TransportClient: BackupTransportService#1236: Notifying [AppBackupUtils.appIsRunningAndEligibleForBackupWithTransport] transport = IBackupTransport
07-24 10:16:02.968  1605  1605 I TransportClient: BackupTransportService#1239: Notifying [AppBackupUtils.appIsRunningAndEligibleForBackupWithTransport] transport = IBackupTransport
07-24 10:16:03.060  1605  1605 I TransportClient: BackupTransportService#1241: Notifying [AppBackupUtils.appIsRunningAndEligibleForBackupWithTransport] transport = IBackupTransport
07-24 10:16:03.061  1605  1605 I TransportClient: BackupTransportService#1243: Notifying [AppBackupUtils.appIsRunningAndEligibleForBackupWithTransport] transport = IBackupTransport
07-24 10:16:03.102  1605  4617 D BackupTransportManager: Transport com.google.android.gms/.backup.BackupTransportService updated its attributes
07-24 10:16:03.112  1605  4617 D PackageManager: set app  component=com.google.android.gms/com.google.android.gms.wallet.service.WalletGcmTaskService enabled state: 1 from null,uid=10192,pid=27075
07-24 10:16:03.116  1605  4595 E WakePathChecker: MIUILOG-WAKEPATH invalid parameter
07-24 10:16:03.123  1605  2883 D PackageManager: set app  component=com.google.android.gms/com.google.android.gms.threadnetwork.credentials.ui.ShareCredentialsActivity enabled state: 1 from null,uid=10192,pid=27075
07-24 10:16:03.167  1605  1605 I TransportClient: BackupTransportService#1245: Notifying [AppBackupUtils.appIsRunningAndEligibleForBackupWithTransport] transport = IBackupTransport
07-24 10:16:03.167  1605  1605 I TransportClient: BackupTransportService#1244: Notifying [AppBackupUtils.appIsRunningAndEligibleForBackupWithTransport] transport = IBackupTransport
07-24 10:16:03.172 27579 27579 I ForceDarkHelperStubImpl: initialize for com.google.android.contacts , ForceDarkOrigin
07-24 10:16:03.233  1605  2754 D BackupTransportManager: Transport com.google.android.gms/.backup.BackupTransportService updated its attributes
07-24 10:16:03.293  1605  1605 I TransportClient: BackupTransportService#1252: Notifying [AppBackupUtils.appIsRunningAndEligibleForBackupWithTransport] transport = IBackupTransport
07-24 10:16:03.294  1605  1605 I TransportClient: BackupTransportService#1250: Notifying [AppBackupUtils.appIsRunningAndEligibleForBackupWithTransport] transport = IBackupTransport
07-24 10:16:03.305  1605  4581 D PackageManager: set app  component=com.google.android.gms/com.google.android.gms.identitycredentials.ui.CredentialChooserActivity enabled state: 2 from null,uid=10192,pid=27075
07-24 10:16:03.337  1605  2307 D BackupTransportManager: Transport com.google.android.gms/.backup.BackupTransportService updated its attributes
07-24 10:16:03.337  1605  3044 D PackageManager: set app  component=com.google.android.gms/com.google.android.gms.nearby.connection.service.settings.SettingsCollapsingToolbarActivity enabled state: 1 from null,uid=10192,pid=25428
07-24 10:16:03.343  1605  2307 D PackageManager: set app  component=com.google.android.gms/com.google.android.gms.nearby.mediums.nearfieldcommunication.NfcAdvertisingService enabled state: 1 from null,uid=10192,pid=25428
07-24 10:16:03.367  1605  2597 I SmartPower: com.google.android.contacts/10205 state=background adj=0 proc size=1 move to inactive broadcast end Intent { act=com.google.android.gms.phenotype.UPDATE flg=0x10 pkg=com.google.android.contacts cmp=com.google.android.contacts/com.google.android.libraries.phenotype.client.stable.PhenotypeUpdateBackgroundBroadcastReceiver (has extras) }
07-24 10:16:03.369 27579 27625 D ViewScrollStubImpl: the value of mScrollFrictionRes is: 0.015
07-24 10:16:03.383  1605  2754 D CompatibilityChangeReporter: Compat change id reported: 135634846; UID 10215; state: DISABLED
07-24 10:16:03.383  1605  2754 D CompatibilityChangeReporter: Compat change id reported: 177438394; UID 10215; state: DISABLED
07-24 10:16:03.383  1605  2754 D CompatibilityChangeReporter: Compat change id reported: 135772972; UID 10215; state: DISABLED
07-24 10:16:03.383  1605  2754 D CompatibilityChangeReporter: Compat change id reported: 135754954; UID 10215; state: ENABLED
07-24 10:16:03.384  1605  2057 D CompatibilityChangeReporter: Compat change id reported: 143937733; UID 10215; state: ENABLED
07-24 10:16:03.386  1605  2754 I ActivityManager: Killing 20552:com.whatsapp/u0a24 (adj 985): empty #17
07-24 10:16:03.386  1605  2754 W PreloadController: notify...pkgName=com.whatsapp, userId=0, processName=com.whatsapp, pid=20552, reason=empty #17
07-24 10:16:03.388  1605  2754 I SmartPower.com.whatsapp/10024(20552): background->died(1220496ms) R(process died ) adj=985.
07-24 10:16:03.389  1605  2597 I SmartPower: com.whatsapp/10024 state=inactive adj=985 proc size=1 move to died processdied
07-24 10:16:03.396  1605  2588 W PreloadManager: checkMemory()...... free=3032896, total=5843312, threshold=614400
07-24 10:16:03.399  1605  2588 W PreloadManager: Failed : usage, pkg=com.whatsapp
07-24 10:16:03.399  1605  2588 W PreloadController: Will not preload com.whatsapp, decision = false, mMonitor.size()=3
07-24 10:16:03.399  1605  4595 D PackageManager: set app  component=com.google.android.contacts/com.google.android.apps.contacts.widget.besties.BestiesWidgetProvider enabled state: 1 from null,uid=10205,pid=27579
07-24 10:16:03.410  1605  4595 D PackageManager: set app  component=com.google.android.contacts/com.google.android.apps.contacts.widget.favoritecontactsgrid.FavoriteContactsWidgetProviderUpgradeWrapper enabled state: 0 from null,uid=10205,pid=27579
07-24 10:16:03.411  1605  2057 D Boost   : hostingType=broadcast, hostingName={com.google.android.marvin.talkback/com.google.android.libraries.phenotype.client.stable.PhenotypeUpdateBackgroundBroadcastReceiver}, callerPackage=com.google.android.gms, isSystem=true, isBoostNeeded=false.
07-24 10:16:03.418  1605  4616 D PackageManager: set app  component=com.google.android.contacts/com.google.android.apps.contacts.widget.singlecontact.SingleContactWidgetProvider enabled state: 0 from null,uid=10205,pid=27579
07-24 10:16:03.422  1605  2057 I ActivityManager: Start proc 27642:com.google.android.marvin.talkback/u0a215 for broadcast {com.google.android.marvin.talkback/com.google.android.libraries.phenotype.client.stable.PhenotypeUpdateBackgroundBroadcastReceiver} caller=com.google.android.gms
07-24 10:16:03.423  1605  1605 I TransportClient: BackupTransportService#1253: Notifying [AppBackupUtils.appIsRunningAndEligibleForBackupWithTransport] transport = IBackupTransport
07-24 10:16:03.424  1605  1605 I TransportClient: BackupTransportService#1257: Notifying [AppBackupUtils.appIsRunningAndEligibleForBackupWithTransport] transport = IBackupTransport
07-24 10:16:03.491  1605  2313 E WakePathChecker: MIUILOG-WAKEPATH invalid parameter
07-24 10:16:03.494  1605  2883 D PackageManager: set app  component=com.google.android.gms/com.google.android.gms.nearby.sharing.main.MainActivity enabled state: 2 from null,uid=10192,pid=27075
07-24 10:16:03.495  1605  2313 D PackageManager: set app  component=com.google.android.gms/com.google.android.gms.nearby.sharing.main.SettingsMainActivity enabled state: 2 from null,uid=10192,pid=27075
07-24 10:16:03.497  1605  2883 D PackageManager: set app  component=com.google.android.gms/com.google.android.gms.nearby.sharing.RemoteCopyShareSheetActivity enabled state: 2 from null,uid=10192,pid=27075
07-24 10:16:03.498  1605  2883 D PackageManager: set app  component=com.google.android.gms/com.google.android.gms.nearby.sharing.settings.SettingsActivity enabled state: 1 from null,uid=10192,pid=27075
07-24 10:16:03.499  1605  2313 D PackageManager: set app  component=com.google.android.gms/com.google.android.gms.nearby.sharing.settings.SettingsActivityLandingAlias enabled state: 1 from null,uid=10192,pid=27075
07-24 10:16:03.500  1605  2883 D PackageManager: set app  component=com.google.android.gms/com.google.android.gms.nearby.sharing.send.SendActivity enabled state: 1 from null,uid=10192,pid=27075
07-24 10:16:03.502  1605  1730 E WakePathChecker: MIUILOG-WAKEPATH invalid parameter
07-24 10:16:03.503  1605  4595 I SmartPower.com.google.android.marvin.talkback/10215(27642): died->background(805215ms)R(process start ) adj=-10000.
07-24 10:16:03.503  1605  2597 I SmartPower: com.google.android.marvin.talkback/10215 state=died adj=999 proc size=1 move to background process start
07-24 10:16:03.507  1605  2754 D PackageManager: set app  component=com.google.android.gms/com.google.android.gms.nearby.sharing.SharingTileService enabled state: 1 from null,uid=10192,pid=27075
07-24 10:16:03.508  1605  2754 D PackageManager: set app  component=com.google.android.gms/com.google.android.gms.nearby.sharing.quicksettings.QuickSettingsActivity enabled state: 1 from null,uid=10192,pid=27075
07-24 10:16:03.509  1605  4595 D CompatibilityChangeReporter: Compat change id reported: 168419799; UID 10215; state: DISABLED
07-24 10:16:03.512  1605  4617 D PackageManager: set app  component=com.google.android.gms/com.google.android.gms.dck.entrypoint.EntryPointDckActivity enabled state: 1 from null,uid=10192,pid=27075
07-24 10:16:03.513  1605  4617 D PackageManager: set app  component=com.google.android.gms/com.google.android.gms.dck.main.DckActivity enabled state: 1 from null,uid=10192,pid=27075
07-24 10:16:03.514  1605  1730 D PackageManager: set app  component=com.google.android.gms/com.google.android.gms.dck.service.DckNfcApduService enabled state: 1 from null,uid=10192,pid=27075
07-24 10:16:03.515  1605  1730 D PackageManager: set app  component=com.google.android.gms/com.google.android.gms.dck.service.SeNotificationReceiver enabled state: 2 from null,uid=10192,pid=27075
07-24 10:16:03.515  1605  1730 D PackageManager: set app  component=com.google.android.gms/com.google.android.gms.dck.service.DckOffHostApduService enabled state: 2 from null,uid=10192,pid=27075
07-24 10:16:03.516  1605  1730 D PackageManager: set app  component=com.google.android.gms/com.google.android.gms.dck.notifications.GcmReceiverService enabled state: 2 from null,uid=10192,pid=27075
07-24 10:16:03.517  1605  4595 D PackageManager: set app  component=com.google.android.gms/com.google.android.gms.dck.service.UserAuthMonitorService enabled state: 2 from null,uid=10192,pid=27075
07-24 10:16:03.520  1605  3205 D PackageManager: set app  component=com.google.android.gms/com.google.android.gms.dck.service.SeAppletNotificationReceiver enabled state: 2 from null,uid=10192,pid=27075
07-24 10:16:03.521  1605  3205 D PackageManager: set app  component=com.google.android.gms/com.google.android.gms.nearby.sharing.SharingSliceProvider enabled state: 1 from null,uid=10192,pid=27075
07-24 10:16:03.525  1605  4595 D PackageManager: set app  component=com.google.android.gms/com.google.android.gms.dck.service.DckPersistentService enabled state: 2 from null,uid=10192,pid=27075
07-24 10:16:03.526  1605  2313 D PackageManager: set app  component=com.google.android.gms/com.google.android.gms.dck.DckRkeTileService enabled state: 2 from null,uid=10192,pid=27075
07-24 10:16:03.531  1605  1730 D PackageManager: set app  component=com.google.android.gms/com.google.android.gms.dck.service.DckWearableListenerService enabled state: 2 from null,uid=10192,pid=27075
07-24 10:16:03.543  1605  3101 D BackupTransportManager: Transport com.google.android.gms/.backup.BackupTransportService updated its attributes
07-24 10:16:03.576  1605  4617 D PackageManager: set app  component=com.google.android.gms/com.google.android.gms.nearby.sharing.DirectShareService enabled state: 1 from null,uid=10192,pid=27075
07-24 10:16:03.577  1605  4617 D PackageManager: set app  component=com.google.android.gms/com.google.android.gms.nearby.sharing.SharingSyncService enabled state: 1 from null,uid=10192,pid=27075
07-24 10:16:03.577  1605  1730 E WakePathChecker: MIUILOG-WAKEPATH invalid parameter
07-24 10:16:03.578  1605  4595 D PackageManager: set app  component=com.google.android.gms/com.google.android.gms.nearby.sharing.SettingsReviewActivity enabled state: 1 from null,uid=10192,pid=27075
07-24 10:16:03.579  1605  4617 D PackageManager: set app  component=com.google.android.gms/com.google.android.gms.nearby.sharing.suw2.SetupWizardActivity enabled state: 1 from null,uid=10192,pid=27075
07-24 10:16:03.579  1605  4595 D PackageManager: set app  component=com.google.android.gms/com.google.android.gms.nearby.sharing.receive.ReceiveActivity enabled state: 1 from null,uid=10192,pid=27075
07-24 10:16:03.580  1605  4595 D PackageManager: set app  component=com.google.android.gms/com.google.android.gms.nearby.sharing.receive.ReceiveActivityLandingAlias enabled state: 2 from null,uid=10192,pid=27075
07-24 10:16:03.581  1605  4581 D PackageManager: set app  component=com.google.android.gms/com.google.android.gms.nearby.sharing.receive.ReceiveActivityQrCodeAlias enabled state: 1 from null,uid=10192,pid=27075
07-24 10:16:03.582  1605  2883 D PackageManager: set app  component=com.google.android.gms/com.google.android.gms.nearby.sharing.receive.ReceiveActivityReceiveActionAlias enabled state: 1 from null,uid=10192,pid=27075
07-24 10:16:03.583  1605  4581 D PackageManager: set app  component=com.google.android.gms/com.google.android.gms.nearby.sharing.receive.SamsungQrCodeActivity enabled state: 2 from null,uid=10192,pid=27075
07-24 10:16:03.583  1605  4581 D PackageManager: set app  component=com.google.android.gms/com.google.android.gms.nearby.sharing.ReceiveSurfaceService enabled state: 1 from null,uid=10192,pid=27075
07-24 10:16:03.586  1605  3044 D PackageManager: set app  component=com.google.android.gms/com.google.android.gms.nearby.sharing.NotificationActionActivity enabled state: 1 from null,uid=10192,pid=27075
07-24 10:16:03.587  1605  4617 D PackageManager: set app  component=com.google.android.gms/com.google.android.gms.nearby.sharing.GcmBroadcastReceiver enabled state: 1 from null,uid=10192,pid=27075
07-24 10:16:03.587  1605  4617 D PackageManager: set app  component=com.google.android.gms/com.google.android.gms.nearby.sharing.migration.TransparentTrampolineActivity enabled state: 2 from null,uid=10192,pid=27075
07-24 10:16:03.593  1605  4595 D PackageManager: set app  component=com.google.android.gms/com.google.android.gms.nearby.sharing.send.SendActivityAliasSamsungGallery enabled state: 2 from null,uid=10192,pid=27075
07-24 10:16:03.597  1605  2883 D PackageManager: set app  component=com.google.android.gms/com.google.android.gms.nearby.sharing.send.SendActivityAliasSamsungMyFiles enabled state: 2 from null,uid=10192,pid=27075
07-24 10:16:03.607  1605  3101 D PackageManager: set app  component=com.google.android.gms/com.google.android.gms.auth.proximity.phonehub.PhoneHubNotificationListenerService enabled state: 1 from null,uid=10192,pid=25428
07-24 10:16:03.608  1605  3205 D PackageManager: set app  component=com.google.android.gms/com.google.android.gms.auth.proximity.phonehub.NotificationOptInActivity enabled state: 0 from null,uid=10192,pid=25428
07-24 10:16:03.617  1605  1605 I TransportClient: BackupTransportService#1258: Notifying [AppBackupUtils.appIsRunningAndEligibleForBackupWithTransport] transport = IBackupTransport
07-24 10:16:03.617  1605  2754 D PackageManager: set app  component=com.google.android.gms/com.google.android.gms.nearby.sharing.ReceiveUsingSamsungQrCodeMainActivity enabled state: 2 from null,uid=10192,pid=27075
07-24 10:16:03.618  1605  1605 I TransportClient: BackupTransportService#1259: Notifying [AppBackupUtils.appIsRunningAndEligibleForBackupWithTransport] transport = IBackupTransport
07-24 10:16:03.618  1605  2883 D PackageManager: set app  component=com.google.android.gms/com.google.android.gms.nearby.sharing.ReceiveUsingSamsungQrCodeActivity enabled state: 2 from null,uid=10192,pid=27075
07-24 10:16:03.643 27075 27123 W BpBinder: Slow Binder: BpBinder transact took 211 ms, interface=android.app.backup.IBackupManager, code=52 oneway=false
07-24 10:16:03.657  1605  2313 E WakePathChecker: MIUILOG-WAKEPATH invalid parameter
07-24 10:16:03.659  1605  2313 D PackageManager: set app  component=com.google.android.gms/com.google.android.gms.auth.proximity.multidevice.SettingsActivity enabled state: 1 from null,uid=10192,pid=25428
07-24 10:16:03.660  1605  3044 D PackageManager: set app  component=com.google.android.gms/com.google.android.gms.auth.proximity.multidevice.SettingsContentProvider enabled state: 1 from null,uid=10192,pid=25428
07-24 10:16:03.661  1605  3044 D PackageManager: set app  component=com.google.android.gms/com.google.android.gms.auth.proximity.multidevice.SettingsMaterialNextActivity enabled state: 2 from null,uid=10192,pid=25428
07-24 10:16:03.699 27642 27642 I ForceDarkHelperStubImpl: initialize for com.google.android.marvin.talkback , ForceDarkOrigin
07-24 10:16:03.732  1605  3044 D BackupTransportManager: Transport com.google.android.gms/.backup.BackupTransportService updated its attributes
07-24 10:16:03.741  1605  1730 D ActivityManagerServiceImpl: Service controller is not enabled.
07-24 10:16:03.742  1605  1730 D ProcessRecordInjector: Finishing reporting clean up app record.
07-24 10:16:03.755  1605  3101 D PackageManager: set app  component=com.google.android.gms/com.google.android.gms.kids.settings.KidsSettingsActivityAliasSuw enabled state: 1 from null,uid=10192,pid=27075
07-24 10:16:03.765  1605  4617 D PackageManager: set app  component=com.google.android.gms/com.google.android.gms.pay.deeplink.AliasViewValuablesDetailsDeepLinkActivity enabled state: 1 from null,uid=10192,pid=27075
07-24 10:16:03.766  1605  4595 D PackageManager: set app  component=com.google.android.gms/com.google.android.gms.pay.deeplink.AliasSaveValuablesDeepLinkActivity enabled state: 1 from null,uid=10192,pid=27075
07-24 10:16:03.808  1605  1605 I TransportClient: BackupTransportService#1265: Notifying [AppBackupUtils.appIsRunningAndEligibleForBackupWithTransport] transport = IBackupTransport
07-24 10:16:03.808  1605  1605 I TransportClient: BackupTransportService#1264: Notifying [AppBackupUtils.appIsRunningAndEligibleForBackupWithTransport] transport = IBackupTransport
07-24 10:16:03.837  1605  4617 E WakePathChecker: MIUILOG-WAKEPATH invalid parameter
07-24 10:16:03.873  1605  5256 E WakePathChecker: MIUILOG-WAKEPATH invalid parameter
07-24 10:16:03.913  1605  2571 I BatteryService: current mPlugType1current mHealthInfo.batteryLevel18current mHealthInfo.batteryTemperature402
07-24 10:16:03.917  1605  4574 D BackupTransportManager: Transport com.google.android.gms/.backup.BackupTransportService updated its attributes
07-24 10:16:03.922  2898  2898 I MiuiChargeManager: notifyBatteryStatusChanged:  status: 2 isPlugged: 1 level: 18 wireState: 11 chargeSpeed: 1 mChargeType: 1 chargeDeviceType: 1 maxChargingWattage: -1 isCarCharge: -1 SUPPORT_BROADCAST_QUICK_CHARGE: true
07-24 10:16:03.925  6238  6238 D PowerChecker_Service: battery status = 2 plug = 1 level = 18
07-24 10:16:03.934  1605  1605 D UiModeManager: updateConfigurationLocked: mDockState=0; mCarMode=false; mCar=false; mPowerSave=false; mComputedNightMode=true; mNightMode=2; uiMode=46
07-24 10:16:03.959  1605  4602 D PackageManager: set app  component=com.google.android.gms/com.google.android.gms.trustagent.activeunlock.primary.ui.activity.ActiveUnlockGoogleSettingsEntryPoint enabled state: 2 from null,uid=10192,pid=27075
07-24 10:16:03.962  1605  4602 D PackageManager: set app  component=com.google.android.gms/com.google.android.gms.trustagent.activeunlock.primary.ui.activity.ActiveUnlockLegacySettingsEntryPoint enabled state: 2 from null,uid=10192,pid=27075
07-24 10:16:03.965  1605  4602 D PackageManager: set app  component=com.google.android.gms/com.google.android.gms.trustagent.activeunlock.primary.ui.activity.ActiveUnlockSettingsEntryPoint enabled state: 2 from null,uid=10192,pid=27075
07-24 10:16:03.966  1605  4602 D PackageManager: set app  component=com.google.android.gms/com.google.android.gms.trustagent.activeunlock.primary.ui.activity.ActiveUnlockSettingsActivity enabled state: 2 from null,uid=10192,pid=27075
07-24 10:16:03.967  1605  4574 D PackageManager: set app  component=com.google.android.gms/com.google.android.gms.auth.trustagent.ActiveUnlockTrustAgent enabled state: 2 from null,uid=10192,pid=27075
07-24 10:16:04.008  1605  2597 I SmartPower: com.google.android.marvin.talkback/10215 state=background adj=0 proc size=1 move to inactive broadcast end Intent { act=com.google.android.gms.phenotype.UPDATE flg=0x10 pkg=com.google.android.marvin.talkback cmp=com.google.android.marvin.talkback/com.google.android.libraries.phenotype.client.stable.PhenotypeUpdateBackgroundBroadcastReceiver (has extras) }
07-24 10:16:04.009  1605  4595 D CompatibilityChangeReporter: Compat change id reported: 177438394; UID 10195; state: DISABLED
07-24 10:16:04.009  1605  4595 D CompatibilityChangeReporter: Compat change id reported: 135772972; UID 10195; state: DISABLED
07-24 10:16:04.009  1605  4595 D CompatibilityChangeReporter: Compat change id reported: 135754954; UID 10195; state: ENABLED
07-24 10:16:04.012  1605  4595 I ActivityManager: Killing 25832:com.instagram.android/u0a499 (adj 985): empty #17
07-24 10:16:04.012  1605  4595 W PreloadController: notify...pkgName=com.instagram.android, userId=0, processName=com.instagram.android, pid=25832, reason=empty #17
07-24 10:16:04.014  1605  2588 W PreloadManager: checkMemory()...... free=3041800, total=5843312, threshold=614400
07-24 10:16:04.015  1605  4595 I SmartPower.com.instagram.android/10499(25832): background->died(310370ms) R(process died ) adj=985.
07-24 10:16:04.015  1605  2597 I SmartPower: com.instagram.android/10499 state=inactive adj=985 proc size=2 move to died process died
07-24 10:16:04.016  1605  2588 W PreloadManager: Failed : usage, pkg=com.instagram.android
07-24 10:16:04.016  1605  2588 W PreloadController: Will not preload com.instagram.android, decision = false, mMonitor.size()=3
07-24 10:16:04.017  1605  2057 D CompatibilityChangeReporter: Compat change id reported: 143937733; UID 10195; state: ENABLED
07-24 10:16:04.041  1605  2057 D Boost   : hostingType=broadcast, hostingName={com.google.android.projection.gearhead/com.google.android.libraries.phenotype.client.stable.PhenotypeUpdateBackgroundBroadcastReceiver}, callerPackage=com.google.android.gms, isSystem=true, isBoostNeeded=false.
07-24 10:16:04.045  1605  2057 I ActivityManager: Start proc 27683:com.google.android.projection.gearhead:shared/u0a195for broadcast {com.google.android.projection.gearhead/com.google.android.libraries.phenotype.client.stable.PhenotypeUpdateBackgroundBroadcastReceiver} caller=com.google.android.gms
07-24 10:16:04.056  1605  1605 I TransportClient: BackupTransportService#1266: Notifying [AppBackupUtils.appIsRunningAndEligibleForBackupWithTransport] transport = IBackupTransport
07-24 10:16:04.057  1605  1605 I TransportClient: BackupTransportService#1269: Notifying [AppBackupUtils.appIsRunningAndEligibleForBackupWithTransport] transport = IBackupTransport
07-24 10:16:04.063 27075 27123 W BpBinder: Slow Binder: BpBinder transact took 243 ms, interface=android.app.backup.IBackupManager, code=52 oneway=false
07-24 10:16:04.076 25428 26931 W BpBinder: Slow Binder: BpBinder transact took 241 ms, interface=android.app.backup.IBackupManager, code=52 oneway=false
07-24 10:16:04.155  1605  5256 I SmartPower.com.google.android.projection.gearhead:shared/10195(27683): died->background(832541ms) R(process start ) adj=-10000.
07-24 10:16:04.156  1605  2597 I SmartPower: com.google.android.projection.gearhead/10195 state=inactive adj=945 proc size=4 move to background process start
07-24 10:16:04.207  1605  4581 D BackupTransportManager: Transport com.google.android.gms/.backup.BackupTransportService updated its attributes
07-24 10:16:04.218  2898 21959 W BpBinder: Slow Binder: BpBinder transact took 294 ms, interface=android.content.IContentProvider, code=21 oneway=false
07-24 10:16:04.256  1605  1605 I TransportClient: BackupTransportService#1271: Notifying [AppBackupUtils.appIsRunningAndEligibleForBackupWithTransport] transport = IBackupTransport
07-24 10:16:04.256  1605  1605 I TransportClient: BackupTransportService#1270: Notifying [AppBackupUtils.appIsRunningAndEligibleForBackupWithTransport] transport = IBackupTransport
07-24 10:16:04.290  1605  3101 D BackupTransportManager: Transport com.google.android.gms/.backup.BackupTransportService updated its attributes
07-24 10:16:04.304  1605  4574 D PackageManager: set app  component=com.google.android.gms/com.google.android.gms.adid.service.AdIdProviderService enabled state: 1 from null,uid=10192,pid=27075
07-24 10:16:04.321  1605  4617 D PackageManager: set app  component=com.google.android.gms/com.google.android.gms.auth.managed.ui.SetupWorkProfileActivity enabled state: 1 from null,uid=10192,pid=25428
07-24 10:16:04.322  1605  3044 D PackageManager: set app  component=com.google.android.gms/com.google.android.gms.auth.managed.admin.DeviceAdminReceiver enabled state: 2 from null,uid=10192,pid=25428
07-24 10:16:04.323  1605  3044 D PackageManager: set app  component=com.google.android.gms/com.google.android.gms.auth.managed.ui.SetNewPasswordActivity enabled state: 2 from null,uid=10192,pid=25428
07-24 10:16:04.345 27683 27683 I ForceDarkHelperStubImpl: initialize for com.google.android.projection.gearhead , ForceDarkOrigin
07-24 10:16:04.350  1605  4607 E WakePathChecker: MIUILOG-WAKEPATH invalid parameter
07-24 10:16:04.370  1605  3205 E WakePathChecker: MIUILOG-WAKEPATH invalid parameter
07-24 10:16:04.388  1605  1605 I TransportClient: BackupTransportService#1279: Notifying [AppBackupUtils.appIsRunningAndEligibleForBackupWithTransport] transport = IBackupTransport
07-24 10:16:04.389  1605  1605 I TransportClient: BackupTransportService#1278: Notifying [AppBackupUtils.appIsRunningAndEligibleForBackupWithTransport] transport = IBackupTransport
07-24 10:16:04.392  1605  4610 D PackageManager: set app  component=com.google.android.gms/com.google.android.gms.ocr.SecuredCreditCardOcrActivity enabled state: 1 from null,uid=10192,pid=27075
07-24 10:16:04.459  1605  3101 D BackupTransportManager: Transport com.google.android.gms/.backup.BackupTransportService updated its attributes
07-24 10:16:04.512  1605  1605 I TransportClient: BackupTransportService#1282: Notifying [AppBackupUtils.appIsRunningAndEligibleForBackupWithTransport] transport = IBackupTransport
07-24 10:16:04.512  1605  1605 I TransportClient: BackupTransportService#1284: Notifying [AppBackupUtils.appIsRunningAndEligibleForBackupWithTransport] transport = IBackupTransport
07-24 10:16:04.538  1605  2871 D BackupTransportManager: Transport com.google.android.gms/.backup.BackupTransportService updated its attributes
07-24 10:16:04.560  1605  1605 I TransportClient: BackupTransportService#1285: Notifying [AppBackupUtils.appIsRunningAndEligibleForBackupWithTransport] transport = IBackupTransport
07-24 10:16:04.561  1605  1605 I TransportClient: BackupTransportService#1286: Notifying [AppBackupUtils.appIsRunningAndEligibleForBackupWithTransport] transport = IBackupTransport
07-24 10:16:04.574  1605  4581 D BackupTransportManager: Transport com.google.android.gms/.backup.BackupTransportService updated its attributes
07-24 10:16:04.596  1605  1605 I TransportClient: BackupTransportService#1288: Notifying [AppBackupUtils.appIsRunningAndEligibleForBackupWithTransport] transport = IBackupTransport
07-24 10:16:04.603  1605  4595 D BackupTransportManager: Transport com.google.android.gms/.backup.BackupTransportService updated its attributes
07-24 10:16:04.606  1605  1605 I TransportClient: BackupTransportService#1290: Notifying [AppBackupUtils.appIsRunningAndEligibleForBackupWithTransport] transport = IBackupTransport
07-24 10:16:04.614  1605  1605 I TransportClient: BackupTransportService#1291: Notifying [AppBackupUtils.appIsRunningAndEligibleForBackupWithTransport] transport = IBackupTransport
07-24 10:16:04.658  1605  3205 E WakePathChecker: MIUILOG-WAKEPATH invalid parameter
07-24 10:16:04.673  1605  3205 D PackageManager: set app  component=com.google.android.gms/com.google.android.gms.ocr.GiftCardOcrActivity enabled state: 1 from null,uid=10192,pid=27075
07-24 10:16:04.683  1605  1605 I TransportClient: BackupTransportService#1292: Notifying [AppBackupUtils.appIsRunningAndEligibleForBackupWithTransport] transport = IBackupTransport
07-24 10:16:04.684  1605  1605 I TransportClient: BackupTransportService#1293: Notifying [AppBackupUtils.appIsRunningAndEligibleForBackupWithTransport] transport = IBackupTransport
07-24 10:16:04.712  1605  2597 I SmartPower: com.google.android.projection.gearhead/10195 state=background adj=0 proc size=4 move to inactive broadcast end Intent { act=com.google.android.gms.phenotype.UPDATE flg=0x10 pkg=com.google.android.projection.gearhead cmp=com.google.android.projection.gearhead/com.google.android.libraries.phenotype.client.stable.PhenotypeUpdateBackgroundBroadcastReceiver (has extras) }
07-24 10:16:04.717  1605  2871 D BackupTransportManager: Transport com.google.android.gms/.backup.BackupTransportService updated its attributes
07-24 10:16:04.722  1605  4610 E WakePathChecker: MIUILOG-WAKEPATH invalid parameter
07-24 10:16:04.784  1605  1605 I TransportClient: BackupTransportService#1294: Notifying [AppBackupUtils.appIsRunningAndEligibleForBackupWithTransport] transport = IBackupTransport
07-24 10:16:04.784  1605  1605 I TransportClient: BackupTransportService#1296: Notifying [AppBackupUtils.appIsRunningAndEligibleForBackupWithTransport] transport = IBackupTransport
07-24 10:16:04.800  1605  2871 D CompatibilityChangeReporter: Compat change id reported: 135634846; UID 10176; state: DISABLED
07-24 10:16:04.800  1605  2871 D CompatibilityChangeReporter: Compat change id reported: 177438394; UID 10176; state: DISABLED
07-24 10:16:04.800  1605  2871 D CompatibilityChangeReporter: Compat change id reported: 135772972; UID 10176; state: DISABLED
07-24 10:16:04.800  1605  2871 D CompatibilityChangeReporter: Compat change id reported: 135754954; UID 10176; state: ENABLED
07-24 10:16:04.801  1605  2057 D CompatibilityChangeReporter: Compat change id reported: 143937733; UID 10176; state: ENABLED
07-24 10:16:04.815  1605  2057 D Boost   : hostingType=broadcast, hostingName={com.google.android.partnersetup/com.google.android.partnersetup.PhenotypeBroadcastReceiver}, callerPackage=com.google.android.gms, isSystem=true, isBoostNeeded=false.
07-24 10:16:04.822  1605  2057 I ActivityManager: Start proc 27718:com.google.android.partnersetup/u0a176 for broadcast{com.google.android.partnersetup/com.google.android.partnersetup.PhenotypeBroadcastReceiver} caller=com.google.android.gms
07-24 10:16:04.838  1605  3101 D BackupTransportManager: Transport com.google.android.gms/.backup.BackupTransportService updated its attributes
07-24 10:16:04.855  1605  1605 I TransportClient: BackupTransportService#1297: Notifying [AppBackupUtils.appIsRunningAndEligibleForBackupWithTransport] transport = IBackupTransport
07-24 10:16:04.856  1605  1605 I TransportClient: BackupTransportService#1298: Notifying [AppBackupUtils.appIsRunningAndEligibleForBackupWithTransport] transport = IBackupTransport
07-24 10:16:04.863  1605  4610 D BackupTransportManager: Transport com.google.android.gms/.backup.BackupTransportService updated its attributes
07-24 10:16:04.897  1605  4617 I SmartPower.com.google.android.partnersetup/10176(27718): died->background(3041926ms) R(process start ) adj=-10000.
07-24 10:16:04.897  1605  2597 I SmartPower: com.google.android.partnersetup/10176 state=died adj=925 proc size=1 move to background process start
07-24 10:16:04.901  1605  4617 D CompatibilityChangeReporter: Compat change id reported: 168419799; UID 10176; state: DISABLED
07-24 10:16:04.916  1605  1605 I TransportClient: BackupTransportService#1300: Notifying [AppBackupUtils.appIsRunningAndEligibleForBackupWithTransport] transport = IBackupTransport
07-24 10:16:04.918  1605  1605 I TransportClient: BackupTransportService#1301: Notifying [AppBackupUtils.appIsRunningAndEligibleForBackupWithTransport] transport = IBackupTransport
07-24 10:16:04.924  1605  4581 D BackupTransportManager: Transport com.google.android.gms/.backup.BackupTransportService updated its attributes
07-24 10:16:04.957  1605  1605 I TransportClient: BackupTransportService#1303: Notifying [AppBackupUtils.appIsRunningAndEligibleForBackupWithTransport] transport = IBackupTransport
07-24 10:16:04.958  1605  1605 I TransportClient: BackupTransportService#1306: Notifying [AppBackupUtils.appIsRunningAndEligibleForBackupWithTransport] transport = IBackupTransport
07-24 10:16:04.969  1605  3101 D BackupTransportManager: Transport com.google.android.gms/.backup.BackupTransportService updated its attributes
07-24 10:16:05.014  1605  1605 I TransportClient: BackupTransportService#1310: Notifying [AppBackupUtils.appIsRunningAndEligibleForBackupWithTransport] transport = IBackupTransport
07-24 10:16:05.015  1605  1605 I TransportClient: BackupTransportService#1308: Notifying [AppBackupUtils.appIsRunningAndEligibleForBackupWithTransport] transport = IBackupTransport
07-24 10:16:05.020  1605  4610 D BackupTransportManager: Transport com.google.android.gms/.backup.BackupTransportService updated its attributes
07-24 10:16:05.042  1605  1605 I TransportClient: BackupTransportService#1314: Notifying [AppBackupUtils.appIsRunningAndEligibleForBackupWithTransport] transport = IBackupTransport
07-24 10:16:05.043  1605  1605 I TransportClient: BackupTransportService#1311: Notifying [AppBackupUtils.appIsRunningAndEligibleForBackupWithTransport] transport = IBackupTransport
07-24 10:16:05.049  1605  5256 D BackupTransportManager: Transport com.google.android.gms/.backup.BackupTransportService updated its attributes
07-24 10:16:05.060 27718 27718 I ForceDarkHelperStubImpl: initialize for com.google.android.partnersetup , ForceDarkOrigin
07-24 10:16:05.074  1605  1605 I TransportClient: BackupTransportService#1315: Notifying [AppBackupUtils.appIsRunningAndEligibleForBackupWithTransport] transport = IBackupTransport
07-24 10:16:05.074  1605  1605 I TransportClient: BackupTransportService#1320: Notifying [AppBackupUtils.appIsRunningAndEligibleForBackupWithTransport] transport = IBackupTransport
07-24 10:16:05.080  1605  3101 D BackupTransportManager: Transport com.google.android.gms/.backup.BackupTransportService updated its attributes
07-24 10:16:05.100  1605  1605 I TransportClient: BackupTransportService#1321: Notifying [AppBackupUtils.appIsRunningAndEligibleForBackupWithTransport] transport = IBackupTransport
07-24 10:16:05.101  1605  1605 I TransportClient: BackupTransportService#1323: Notifying [AppBackupUtils.appIsRunningAndEligibleForBackupWithTransport] transport = IBackupTransport
07-24 10:16:05.106  1605  2871 D BackupTransportManager: Transport com.google.android.gms/.backup.BackupTransportService updated its attributes
07-24 10:16:05.123  1605  2597 I SmartPower: com.google.android.partnersetup/10176 state=background adj=0 proc size=1 move to inactive broadcast end Intent { act=com.google.android.gms.phenotype.UPDATE flg=0x10 pkg=com.google.android.partnersetup cmp=com.google.android.partnersetup/.PhenotypeBroadcastReceiver (has extras) }
07-24 10:16:05.133  1605  1605 I TransportClient: BackupTransportService#1324: Notifying [AppBackupUtils.appIsRunningAndEligibleForBackupWithTransport] transport = IBackupTransport
07-24 10:16:05.134  1605  1605 I TransportClient: BackupTransportService#1327: Notifying [AppBackupUtils.appIsRunningAndEligibleForBackupWithTransport] transport = IBackupTransport
07-24 10:16:05.137  1605  4595 D BackupTransportManager: Transport com.google.android.gms/.backup.BackupTransportService updated its attributes
07-24 10:16:05.147  1605  4610 D CompatibilityChangeReporter: Compat change id reported: 168419799; UID 10197; state: DISABLED
07-24 10:16:05.178  1605  1605 I TransportClient: BackupTransportService#1328: Notifying [AppBackupUtils.appIsRunningAndEligibleForBackupWithTransport] transport = IBackupTransport
07-24 10:16:05.179  1605  1605 I TransportClient: BackupTransportService#1333: Notifying [AppBackupUtils.appIsRunningAndEligibleForBackupWithTransport] transport = IBackupTransport
07-24 10:16:05.196  1605  3101 D BackupTransportManager: Transport com.google.android.gms/.backup.BackupTransportService updated its attributes
07-24 10:16:05.231  1605  4617 W BroadcastQueueInjector: Unable to launch app com.google.android.apps.docs.editors.docs/10240 for broadcast Intent { act=com.google.android.gms.phenotype.UPDATE flg=0x10 pkg=com.google.android.apps.docs.editors.docs (has extras) }: process is not permitted to  auto start
07-24 10:16:05.238  1605  1605 I TransportClient: BackupTransportService#1338: Notifying [AppBackupUtils.appIsRunningAndEligibleForBackupWithTransport] transport = IBackupTransport
07-24 10:16:05.239  1605  1605 I TransportClient: BackupTransportService#1336: Notifying [AppBackupUtils.appIsRunningAndEligibleForBackupWithTransport] transport = IBackupTransport
07-24 10:16:05.240  1605  2056 W BroadcastQueueInjector: Unable to launch app com.google.android.apps.docs.editors.docs/10240 for broadcast Intent { act=com.google.android.gms.phenotype.UPDATE flg=0x10 pkg=com.google.android.apps.docs.editors.docs (has extras) }: process is not permitted to  auto start
07-24 10:16:05.242  1605  2056 W BroadcastQueueInjector: Unable to launch app com.google.android.apps.docs.editors.docs/10240 for broadcast Intent { act=com.google.android.gms.phenotype.UPDATE flg=0x10 pkg=com.google.android.apps.docs.editors.docs (has extras) }: process is not permitted to  auto start
07-24 10:16:05.242  1605  4617 D BackupTransportManager: Transport com.google.android.gms/.backup.BackupTransportService updated its attributes
07-24 10:16:05.244  1605  2056 W BroadcastQueueInjector: Unable to launch app com.google.android.apps.docs.editors.docs/10240 for broadcast Intent { act=com.google.android.gms.phenotype.UPDATE flg=0x10 pkg=com.google.android.apps.docs.editors.docs (has extras) }: process is not permitted to  auto start
07-24 10:16:05.245  1605  2056 W BroadcastQueueInjector: Unable to launch app com.whereismytrain.android/10362 for broadcast Intent { act=com.google.android.gms.phenotype.UPDATE flg=0x10 pkg=com.whereismytrain.android (has extras) }: process is not permitted to  auto start
07-24 10:16:05.301  1605  5256 D CompatibilityChangeReporter: Compat change id reported: 135634846; UID 10185; state: DISABLED
07-24 10:16:05.301  1605  5256 D CompatibilityChangeReporter: Compat change id reported: 177438394; UID 10185; state: DISABLED
07-24 10:16:05.301  1605  5256 D CompatibilityChangeReporter: Compat change id reported: 135772972; UID 10185; state: DISABLED
07-24 10:16:05.301  1605  5256 D CompatibilityChangeReporter: Compat change id reported: 135754954; UID 10185; state: ENABLED
07-24 10:16:05.302  1605  2057 D CompatibilityChangeReporter: Compat change id reported: 143937733; UID 10185; state: ENABLED
07-24 10:16:05.312  1605  1605 I TransportClient: BackupTransportService#1341: Notifying [AppBackupUtils.appIsRunningAndEligibleForBackupWithTransport] transport = IBackupTransport
07-24 10:16:05.312  1605  1605 I TransportClient: BackupTransportService#1342: Notifying [AppBackupUtils.appIsRunningAndEligibleForBackupWithTransport] transport = IBackupTransport
07-24 10:16:05.318  1605  2871 D BackupTransportManager: Transport com.google.android.gms/.backup.BackupTransportService updated its attributes
07-24 10:16:05.320  1605  2057 D Boost   : hostingType=broadcast, hostingName={com.google.android.dialer/com.google.android.libraries.phenotype.client.stable.PhenotypeUpdateBackgroundBroadcastReceiver}, callerPackage=com.google.android.gms, isSystem=true, isBoostNeeded=false.
07-24 10:16:05.326  1605  2072 E KernelCpuSpeedReader: Failed to read cpu-freq: /sys/devices/system/cpu/cpu4/cpufreq/stats/time_in_state: open failed: ENOENT (No such file or directory)
07-24 10:16:05.326  1605  2072 E KernelCpuSpeedReader: Failed to read cpu-freq: /sys/devices/system/cpu/cpu0/cpufreq/stats/time_in_state: open failed: ENOENT (No such file or directory)
07-24 10:16:05.331  1605  2057 I ActivityManager: Start proc 27736:com.google.android.dialer/u0a185 for broadcast {com.google.android.dialer/com.google.android.libraries.phenotype.client.stable.PhenotypeUpdateBackgroundBroadcastReceiver} caller=com.google.android.gms
07-24 10:16:05.333  1605  5256 E WakePathChecker: MIUILOG-WAKEPATH invalid parameter
07-24 10:16:05.363  1605  5256 E WakePathChecker: MIUILOG-WAKEPATH invalid parameter
07-24 10:16:05.366  1605  4613 D ActivityManagerServiceImpl: Service controller is not enabled.
07-24 10:16:05.367  1605  4613 D ProcessRecordInjector: Finishing reporting clean up app record.
07-24 10:16:05.375  1605  2062 W Looper  : PerfMonitor longMsg : seq=4262 plan=10:16:04.014 late=4ms wall=1357ms running=0ms h=com.android.server.am.ProcessList$KillHandler w=4000 procState=-1
07-24 10:16:05.377  1605  4616 I SmartPower.com.google.android.dialer/10185(27736): died->background(1059581ms) R(process start ) adj=-10000.
07-24 10:16:05.377  1605  2597 I SmartPower: com.google.android.dialer/10185 state=died adj=925 proc size=1 move to background process start
07-24 10:16:05.385  1605  4616 D CompatibilityChangeReporter: Compat change id reported: 168419799; UID 10185; state: DISABLED
07-24 10:16:05.394  1605  2871 W ActivityManager: Unable to start service Intent { act=com.google.android.gms.mdocstore.service.MDOC_STORE pkg=com.google.android.gms } U=0: not found
07-24 10:16:05.404  1605  2871 W ActivityManager: Unbind failed: could not find connection for android.os.BinderProxy@80d5f8e
07-24 10:16:05.414  1605  1605 I TransportClient: BackupTransportService#1348: Notifying [AppBackupUtils.appIsRunningAndEligibleForBackupWithTransport] transport = IBackupTransport
07-24 10:16:05.414  1605  1605 I TransportClient: BackupTransportService#1343: Notifying [AppBackupUtils.appIsRunningAndEligibleForBackupWithTransport] transport = IBackupTransport
07-24 10:16:05.428  1605  4598 D BackupTransportManager: Transport com.google.android.gms/.backup.BackupTransportService updated its attributes
07-24 10:16:05.441  1605  4616 E WakePathChecker: MIUILOG-WAKEPATH invalid parameter
07-24 10:16:05.474  1605  4616 W ContextImpl: Calling a method in the system process without a qualified user: android.app.ContextImpl.sendBroadcastMultiplePermissions:1216 com.android.server.TelephonyRegistry.broadcastServiceStateChanged:2942 com.android.server.TelephonyRegistry.notifyServiceStateForPhoneId:1639 com.android.internal.telephony.ITelephonyRegistry$Stub.onTransact:455 android.os.Binder.execTransactInternal:1187
07-24 10:16:05.478  1605  4616 W ContextImpl: Calling a method in the system process without a qualified user: android.app.ContextImpl.sendBroadcastMultiplePermissions:1266 android.content.Context.sendBroadcastMultiplePermissions:2225 com.android.server.TelephonyRegistry.broadcastServiceStateChanged:2945 com.android.server.TelephonyRegistry.notifyServiceStateForPhoneId:1639 com.android.internal.telephony.ITelephonyRegistry$Stub.onTransact:455
07-24 10:16:05.479  1605  4616 W ContextImpl: Calling a method in the system process without a qualified user: android.app.ContextImpl.sendBroadcastMultiplePermissions:1266 com.android.server.TelephonyRegistry.broadcastServiceStateChanged:2952 com.android.server.TelephonyRegistry.notifyServiceStateForPhoneId:1639 com.android.internal.telephony.ITelephonyRegistry$Stub.onTransact:455 android.os.Binder.execTransactInternal:1187
07-24 10:16:05.488  1605  4616 W ContextImpl: Calling a method in the system process without a qualified user: android.app.ContextImpl.sendBroadcastMultiplePermissions:1266 com.android.server.TelephonyRegistry.broadcastServiceStateChanged:2957 com.android.server.TelephonyRegistry.notifyServiceStateForPhoneId:1639 com.android.internal.telephony.ITelephonyRegistry$Stub.onTransact:455 android.os.Binder.execTransactInternal:1187
07-24 10:16:05.488  1605  2056 W BroadcastQueue: Appop Denial: receiving Intent { act=android.intent.action.SERVICE_STATE flg=0x1000010 pkg=com.android.phone (has extras) } to ProcessRecord{4cd105 2886:com.android.phone/1001} (pid=2886, uid=1001) excludes appop android:read_phone_state due to sender android (uid 1001)
07-24 10:16:05.488  1605  2056 W BroadcastQueue: Appop Denial: receiving Intent { act=android.intent.action.SERVICE_STATE flg=0x1000010 pkg=com.android.phone (has extras) } to ProcessRecord{4cd105 2886:com.android.phone/1001} (pid=2886, uid=1001) excludes appop android:read_phone_state due to sender android (uid 1001)
07-24 10:16:05.488  1605  2056 W BroadcastQueue: Appop Denial: receiving Intent { act=android.intent.action.SERVICE_STATE flg=0x1000010 pkg=com.android.phone (has extras) } to ProcessRecord{4cd105 2886:com.android.phone/1001} (pid=2886, uid=1001) excludes appop android:read_phone_state due to sender android (uid 1001)
07-24 10:16:05.489  1605  2056 W BroadcastQueue: Skipping delivery of excluded package Intent { act=android.intent.action.SERVICE_STATE flg=0x1000010 (has extras) } to ProcessRecord{4cd105 2886:com.android.phone/1001} (pid=2886, uid=1001) excludes package com.android.phone due to sender android (uid 1001)
07-24 10:16:05.489  1605  2056 W BroadcastQueue: Skipping delivery of excluded package Intent { act=android.intent.action.SERVICE_STATE flg=0x1000010 (has extras) } to ProcessRecord{4cd105 2886:com.android.phone/1001} (pid=2886, uid=1001) excludes package com.android.phone due to sender android (uid 1001)
07-24 10:16:05.489  1605  2056 W BroadcastQueue: Skipping delivery of excluded package Intent { act=android.intent.action.SERVICE_STATE flg=0x1000010 (has extras) } to ProcessRecord{4cd105 2886:com.android.phone/1001} (pid=2886, uid=1001) excludes package com.android.phone due to sender android (uid 1001)
07-24 10:16:05.505  1605  4598 E WakePathChecker: MIUILOG-WAKEPATH invalid parameter
07-24 10:16:05.507  1605  1605 I TransportClient: BackupTransportService#1349: Notifying [AppBackupUtils.appIsRunningAndEligibleForBackupWithTransport] transport = IBackupTransport
07-24 10:16:05.508  1605  1605 I TransportClient: BackupTransportService#1352: Notifying [AppBackupUtils.appIsRunningAndEligibleForBackupWithTransport] transport = IBackupTransport
07-24 10:16:05.513  1605  2056 W BroadcastQueue: Appop Denial: receiving Intent { act=android.intent.action.SERVICE_STATE flg=0x1000010 (has extras) } to ProcessRecord{518c24e 2830:com.xiaomi.finddevice/6110} (pid=2830, uid=6110) excludes appop android:read_phone_state due to sender android (uid 1001)
07-24 10:16:05.514  1605  2056 W BroadcastQueue: Appop Denial: receiving Intent { act=android.intent.action.SERVICE_STATE flg=0x1000010 (has extras) } to ProcessRecord{844d38b 2898:com.android.systemui/1000} (pid=2898, uid=1000) excludes appop android:read_phone_state due to sender android (uid 1001)
